Archive member included to satisfy reference by file (symbol)

C:/Users/ADMIN/Desktop/Mridul/UBC Solar/STM 32/STM32CubeIDE_1.13.2/STM32CubeIDE/plugins/com.st.stm32cube.ide.mcu.externaltools.gnu-tools-for-stm32.11.3.rel1.win32_1.1.1.202309131626/tools/bin/../lib/gcc/arm-none-eabi/11.3.1/../../../../arm-none-eabi/lib/thumb/v7-m/nofp\libc_nano.a(libc_a-exit.o)
                              C:/Users/ADMIN/Desktop/Mridul/UBC Solar/STM 32/STM32CubeIDE_1.13.2/STM32CubeIDE/plugins/com.st.stm32cube.ide.mcu.externaltools.gnu-tools-for-stm32.11.3.rel1.win32_1.1.1.202309131626/tools/bin/../lib/gcc/arm-none-eabi/11.3.1/../../../../arm-none-eabi/lib/thumb/v7-m/nofp/crt0.o (exit)
C:/Users/ADMIN/Desktop/Mridul/UBC Solar/STM 32/STM32CubeIDE_1.13.2/STM32CubeIDE/plugins/com.st.stm32cube.ide.mcu.externaltools.gnu-tools-for-stm32.11.3.rel1.win32_1.1.1.202309131626/tools/bin/../lib/gcc/arm-none-eabi/11.3.1/../../../../arm-none-eabi/lib/thumb/v7-m/nofp\libc_nano.a(libc_a-findfp.o)
                              C:/Users/ADMIN/Desktop/Mridul/UBC Solar/STM 32/STM32CubeIDE_1.13.2/STM32CubeIDE/plugins/com.st.stm32cube.ide.mcu.externaltools.gnu-tools-for-stm32.11.3.rel1.win32_1.1.1.202309131626/tools/bin/../lib/gcc/arm-none-eabi/11.3.1/../../../../arm-none-eabi/lib/thumb/v7-m/nofp\libc_nano.a(libc_a-exit.o) (__stdio_exit_handler)
C:/Users/ADMIN/Desktop/Mridul/UBC Solar/STM 32/STM32CubeIDE_1.13.2/STM32CubeIDE/plugins/com.st.stm32cube.ide.mcu.externaltools.gnu-tools-for-stm32.11.3.rel1.win32_1.1.1.202309131626/tools/bin/../lib/gcc/arm-none-eabi/11.3.1/../../../../arm-none-eabi/lib/thumb/v7-m/nofp\libc_nano.a(libc_a-fwalk.o)
                              C:/Users/ADMIN/Desktop/Mridul/UBC Solar/STM 32/STM32CubeIDE_1.13.2/STM32CubeIDE/plugins/com.st.stm32cube.ide.mcu.externaltools.gnu-tools-for-stm32.11.3.rel1.win32_1.1.1.202309131626/tools/bin/../lib/gcc/arm-none-eabi/11.3.1/../../../../arm-none-eabi/lib/thumb/v7-m/nofp\libc_nano.a(libc_a-findfp.o) (_fwalk_sglue)
C:/Users/ADMIN/Desktop/Mridul/UBC Solar/STM 32/STM32CubeIDE_1.13.2/STM32CubeIDE/plugins/com.st.stm32cube.ide.mcu.externaltools.gnu-tools-for-stm32.11.3.rel1.win32_1.1.1.202309131626/tools/bin/../lib/gcc/arm-none-eabi/11.3.1/../../../../arm-none-eabi/lib/thumb/v7-m/nofp\libc_nano.a(libc_a-stdio.o)
                              C:/Users/ADMIN/Desktop/Mridul/UBC Solar/STM 32/STM32CubeIDE_1.13.2/STM32CubeIDE/plugins/com.st.stm32cube.ide.mcu.externaltools.gnu-tools-for-stm32.11.3.rel1.win32_1.1.1.202309131626/tools/bin/../lib/gcc/arm-none-eabi/11.3.1/../../../../arm-none-eabi/lib/thumb/v7-m/nofp\libc_nano.a(libc_a-findfp.o) (__sread)
C:/Users/ADMIN/Desktop/Mridul/UBC Solar/STM 32/STM32CubeIDE_1.13.2/STM32CubeIDE/plugins/com.st.stm32cube.ide.mcu.externaltools.gnu-tools-for-stm32.11.3.rel1.win32_1.1.1.202309131626/tools/bin/../lib/gcc/arm-none-eabi/11.3.1/../../../../arm-none-eabi/lib/thumb/v7-m/nofp\libc_nano.a(libc_a-memset.o)
                              C:/Users/ADMIN/Desktop/Mridul/UBC Solar/STM 32/STM32CubeIDE_1.13.2/STM32CubeIDE/plugins/com.st.stm32cube.ide.mcu.externaltools.gnu-tools-for-stm32.11.3.rel1.win32_1.1.1.202309131626/tools/bin/../lib/gcc/arm-none-eabi/11.3.1/../../../../arm-none-eabi/lib/thumb/v7-m/nofp/crt0.o (memset)
C:/Users/ADMIN/Desktop/Mridul/UBC Solar/STM 32/STM32CubeIDE_1.13.2/STM32CubeIDE/plugins/com.st.stm32cube.ide.mcu.externaltools.gnu-tools-for-stm32.11.3.rel1.win32_1.1.1.202309131626/tools/bin/../lib/gcc/arm-none-eabi/11.3.1/../../../../arm-none-eabi/lib/thumb/v7-m/nofp\libc_nano.a(libc_a-closer.o)
                              C:/Users/ADMIN/Desktop/Mridul/UBC Solar/STM 32/STM32CubeIDE_1.13.2/STM32CubeIDE/plugins/com.st.stm32cube.ide.mcu.externaltools.gnu-tools-for-stm32.11.3.rel1.win32_1.1.1.202309131626/tools/bin/../lib/gcc/arm-none-eabi/11.3.1/../../../../arm-none-eabi/lib/thumb/v7-m/nofp\libc_nano.a(libc_a-stdio.o) (_close_r)
C:/Users/ADMIN/Desktop/Mridul/UBC Solar/STM 32/STM32CubeIDE_1.13.2/STM32CubeIDE/plugins/com.st.stm32cube.ide.mcu.externaltools.gnu-tools-for-stm32.11.3.rel1.win32_1.1.1.202309131626/tools/bin/../lib/gcc/arm-none-eabi/11.3.1/../../../../arm-none-eabi/lib/thumb/v7-m/nofp\libc_nano.a(libc_a-reent.o)
                              C:/Users/ADMIN/Desktop/Mridul/UBC Solar/STM 32/STM32CubeIDE_1.13.2/STM32CubeIDE/plugins/com.st.stm32cube.ide.mcu.externaltools.gnu-tools-for-stm32.11.3.rel1.win32_1.1.1.202309131626/tools/bin/../lib/gcc/arm-none-eabi/11.3.1/../../../../arm-none-eabi/lib/thumb/v7-m/nofp\libc_nano.a(libc_a-closer.o) (errno)
C:/Users/ADMIN/Desktop/Mridul/UBC Solar/STM 32/STM32CubeIDE_1.13.2/STM32CubeIDE/plugins/com.st.stm32cube.ide.mcu.externaltools.gnu-tools-for-stm32.11.3.rel1.win32_1.1.1.202309131626/tools/bin/../lib/gcc/arm-none-eabi/11.3.1/../../../../arm-none-eabi/lib/thumb/v7-m/nofp\libc_nano.a(libc_a-impure.o)
[...]
Memory Configuration

Name             Origin             Length             Attributes
RAM              0x0000000020000000 0x0000000000005000 xrw
FLASH            0x0000000008000000 0x0000000000020000 xr
*default*        0x0000000000000000 0xffffffffffffffff

Linker script and memory map

LOAD C:/Users/ADMIN/Desktop/Mridul/UBC Solar/STM 32/STM32CubeIDE_1.13.2/STM32CubeIDE/plugins/com.st.stm32cube.ide.mcu.externaltools.gnu-tools-for-stm32.11.3.rel1.win32_1.1.1.202309131626/tools/bin/../lib/gcc/arm-none-eabi/11.3.1/thumb/v7-m/nofp/crti.o
LOAD C:/Users/ADMIN/Desktop/Mridul/UBC Solar/STM 32/STM32CubeIDE_1.13.2/STM32CubeIDE/plugins/com.st.stm32cube.ide.mcu.externaltools.gnu-tools-for-stm32.11.3.rel1.win32_1.1.1.202309131626/tools/bin/../lib/gcc/arm-none-eabi/11.3.1/thumb/v7-m/nofp/crtbegin.o
LOAD C:/Users/ADMIN/Desktop/Mridul/UBC Solar/STM 32/STM32CubeIDE_1.13.2/STM32CubeIDE/plugins/com.st.stm32cube.ide.mcu.externaltools.gnu-tools-for-stm32.11.3.rel1.win32_1.1.1.202309131626/tools/bin/../lib/gcc/arm-none-eabi/11.3.1/../../../../arm-none-eabi/lib/thumb/v7-m/nofp/crt0.o
LOAD ./Core/Src/LCD.o
LOAD ./Core/Src/can.o
LOAD ./Core/Src/gpio.o
LOAD ./Core/Src/main.o
LOAD ./Core/Src/stm32f1xx_hal_msp.o
LOAD ./Core/Src/stm32f1xx_it.o
LOAD ./Core/Src/syscalls.o
LOAD ./Core/Src/sysmem.o
LOAD ./Core/Src/system_stm32f1xx.o
LOAD ./Core/Src/tim.o
LOAD ./Core/Startup/startup_stm32f103rbtx.o
LOAD ./Drivers/STM32F1xx_HAL_Driver/Src/stm32f1xx_hal.o
LOAD ./Drivers/STM32F1xx_HAL_Driver/Src/stm32f1xx_hal_can.o
LOAD ./Drivers/STM32F1xx_HAL_Driver/Src/stm32f1xx_hal_cortex.o
LOAD ./Drivers/STM32F1xx_HAL_Driver/Src/stm32f1xx_hal_dma.o
LOAD ./Drivers/STM32F1xx_HAL_Driver/Src/stm32f1xx_hal_exti.o
LOAD ./Drivers/STM32F1xx_HAL_Driver/Src/stm32f1xx_hal_flash.o
LOAD ./Drivers/STM32F1xx_HAL_Driver/Src/stm32f1xx_hal_flash_ex.o
LOAD ./Drivers/STM32F1xx_HAL_Driver/Src/stm32f1xx_hal_gpio.o
LOAD ./Drivers/STM32F1xx_HAL_Driver/Src/stm32f1xx_hal_gpio_ex.o
LOAD ./Drivers/STM32F1xx_HAL_Driver/Src/stm32f1xx_hal_pwr.o
LOAD ./Drivers/STM32F1xx_HAL_Driver/Src/stm32f1xx_hal_rcc.o
LOAD ./Drivers/STM32F1xx_HAL_Driver/Src/stm32f1xx_hal_rcc_ex.o
LOAD ./Drivers/STM32F1xx_HAL_Driver/Src/stm32f1xx_hal_tim.o
LOAD ./Drivers/STM32F1xx_HAL_Driver/Src/stm32f1xx_hal_tim_ex.o
START GROUP
LOAD C:/Users/ADMIN/Desktop/Mridul/UBC Solar/STM 32/STM32CubeIDE_1.13.2/STM32CubeIDE/plugins/com.st.stm32cube.ide.mcu.externaltools.gnu-tools-for-stm32.11.3.rel1.win32_1.1.1.202309131626/tools/bin/../lib/gcc/arm-none-eabi/11.3.1/../../../../arm-none-eabi/lib/thumb/v7-m/nofp\libc_nano.a
LOAD C:/Users/ADMIN/Desktop/Mridul/UBC Solar/STM 32/STM32CubeIDE_1.13.2/STM32CubeIDE/plugins/com.st.stm32cube.ide.mcu.externaltools.gnu-tools-for-stm32.11.3.rel1.win32_1.1.1.202309131626/tools/bin/../lib/gcc/arm-none-eabi/11.3.1/../../../../arm-none-eabi/lib/thumb/v7-m/nofp\libm.a
END GROUP
START GROUP
LOAD C:/Users/ADMIN/Desktop/Mridul/UBC Solar/STM 32/STM32CubeIDE_1.13.2/STM32CubeIDE/plugins/com.st.stm32cube.ide.mcu.externaltools.gnu-tools-for-stm32.11.3.rel1.win32_1.1.1.202309131626/tools/bin/../lib/gcc/arm-none-eabi/11.3.1/thumb/v7-m/nofp\libgcc.a
LOAD C:/Users/ADMIN/Desktop/Mridul/UBC Solar/STM 32/STM32CubeIDE_1.13.2/STM32CubeIDE/plugins/com.st.stm32cube.ide.mcu.externaltools.gnu-tools-for-stm32.11.3.rel1.win32_1.1.1.202309131626/tools/bin/../lib/gcc/arm-none-eabi/11.3.1/../../../../arm-none-eabi/lib/thumb/v7-m/nofp\libc_nano.a
END GROUP
START GROUP
LOAD C:/Users/ADMIN/Desktop/Mridul/UBC Solar/STM 32/STM32CubeIDE_1.13.2/STM32CubeIDE/plugins/com.st.stm32cube.ide.mcu.externaltools.gnu-tools-for-stm32.11.3.rel1.win32_1.1.1.202309131626/tools/bin/../lib/gcc/arm-none-eabi/11.3.1/thumb/v7-m/nofp\libgcc.a
LOAD C:/Users/ADMIN/Desktop/Mridul/UBC Solar/STM 32/STM32CubeIDE_1.13.2/STM32CubeIDE/plugins/com.st.stm32cube.ide.mcu.externaltools.gnu-tools-for-stm32.11.3.rel1.win32_1.1.1.202309131626/tools/bin/../lib/gcc/arm-none-eabi/11.3.1/../../../../arm-none-eabi/lib/thumb/v7-m/nofp\libc_nano.a
LOAD C:/Users/ADMIN/Desktop/Mridul/UBC Solar/STM 32/STM32CubeIDE_1.13.2/STM32CubeIDE/plugins/com.st.stm32cube.ide.mcu.externaltools.gnu-tools-for-stm32.11.3.rel1.win32_1.1.1.202309131626/tools/bin/../lib/gcc/arm-none-eabi/11.3.1/../../../../arm-none-eabi/lib/thumb/v7-m/nofp\libnosys.a
END GROUP
START GROUP
LOAD C:/Users/ADMIN/Desktop/Mridul/UBC Solar/STM 32/STM32CubeIDE_1.13.2/STM32CubeIDE/plugins/com.st.stm32cube.ide.mcu.externaltools.gnu-tools-for-stm32.11.3.rel1.win32_1.1.1.202309131626/tools/bin/../lib/gcc/arm-none-eabi/11.3.1/thumb/v7-m/nofp\libgcc.a
LOAD C:/Users/ADMIN/Desktop/Mridul/UBC Solar/STM 32/STM32CubeIDE_1.13.2/STM32CubeIDE/plugins/com.st.stm32cube.ide.mcu.externaltools.gnu-tools-for-stm32.11.3.rel1.win32_1.1.1.202309131626/tools/bin/../lib/gcc/arm-none-eabi/11.3.1/../../../../arm-none-eabi/lib/thumb/v7-m/nofp\libc_nano.a
LOAD C:/Users/ADMIN/Desktop/Mridul/UBC Solar/STM 32/STM32CubeIDE_1.13.2/STM32CubeIDE/plugins/com.st.stm32cube.ide.mcu.externaltools.gnu-tools-for-stm32.11.3.rel1.win32_1.1.1.202309131626/tools/bin/../lib/gcc/arm-none-eabi/11.3.1/../../../../arm-none-eabi/lib/thumb/v7-m/nofp\libnosys.a
END GROUP
LOAD C:/Users/ADMIN/Desktop/Mridul/UBC Solar/STM 32/STM32CubeIDE_1.13.2/STM32CubeIDE/plugins/com.st.stm32cube.ide.mcu.externaltools.gnu-tools-for-stm32.11.3.rel1.win32_1.1.1.202309131626/tools/bin/../lib/gcc/arm-none-eabi/11.3.1/thumb/v7-m/nofp/crtend.o
LOAD C:/Users/ADMIN/Desktop/Mridul/UBC Solar/STM 32/STM32CubeIDE_1.13.2/STM32CubeIDE/plugins/com.st.stm32cube.ide.mcu.externaltools.gnu-tools-for-stm32.11.3.rel1.win32_1.1.1.202309131626/tools/bin/../lib/gcc/arm-none-eabi/11.3.1/thumb/v7-m/nofp/crtn.o
                0x0000000020005000                _estack = (ORIGIN (RAM) + LENGTH (RAM))
                0x0000000000000200                _Min_Heap_Size = 0x200
                0x0000000000000400                _Min_Stack_Size = 0x400

.isr_vector     0x0000000008000000      0x10c
                0x0000000008000000                . = ALIGN (0x4)
 *(.isr_vector)
 .isr_vector    0x0000000008000000      0x10c ./Core/Startup/startup_stm32f103rbtx.o
                0x0000000008000000                g_pfnVectors
                0x000000000800010c                . = ALIGN (0x4)

.text           0x000000000800010c     0x28f4
                0x000000000800010c                . = ALIGN (0x4)
 *(.text)
 .text          0x000000000800010c       0x40 C:/Users/ADMIN/Desktop/Mridul/UBC Solar/STM 32/STM32CubeIDE_1.13.2/STM32CubeIDE/plugins/com.st.stm32cube.ide.mcu.externaltools.gnu-tools-for-stm32.11.3.rel1.win32_1.1.1.202309131626/tools/bin/../lib/gcc/arm-none-eabi/11.3.1/thumb/v7-m/nofp/crtbegin.o
 *(.text*)
 .text.Delay    0x000000000800014c       0x3c ./Core/Src/LCD.o
                0x000000000800014c                Delay
 .text.MicrosecondDelay
                0x0000000008000188       0x3a ./Core/Src/LCD.o
                0x0000000008000188                MicrosecondDelay
 .text.MoveCursor
                0x00000000080001c2       0x4c ./Core/Src/LCD.o
                0x00000000080001c2                MoveCursor
 .text.ClearScreen
                0x000000000800020e       0x3e ./Core/Src/LCD.o
                0x000000000800020e                ClearScreen
 .text.SaveCharacterToRAM
                0x000000000800024c       0x50 ./Core/Src/LCD.o
                0x000000000800024c                SaveCharacterToRAM
 .text.CharacterBitMaps
                0x000000000800029c       0x7c ./Core/Src/LCD.o
                0x000000000800029c                CharacterBitMaps
 .text.OutputString
                0x0000000008000318      0x110 ./Core/Src/LCD.o
                0x0000000008000318                OutputString
 .text.UpdateScreenTitles
                0x0000000008000428      0x1ac ./Core/Src/LCD.o
                0x0000000008000428                UpdateScreenTitles
 .text.WriteByteToDataBus
                0x00000000080005d4       0x2c ./Core/Src/LCD.o
                0x00000000080005d4                WriteByteToDataBus
 .text.TransmitCommand
                0x0000000008000600       0x3c ./Core/Src/LCD.o
                0x0000000008000600                TransmitCommand
 .text.TransmitCommandParameter
                0x000000000800063c       0x3c ./Core/Src/LCD.o
                0x000000000800063c                TransmitCommandParameter
 .text.ScreenSetup
                0x0000000008000678       0xe2 ./Core/Src/LCD.o
                0x0000000008000678                ScreenSetup
 *fill*         0x000000000800075a        0x2 
 .text.MX_CAN_Init
                0x000000000800075c       0x6c ./Core/Src/can.o
                0x000000000800075c                MX_CAN_Init
 .text.HAL_CAN_MspInit
                0x00000000080007c8       0xd0 ./Core/Src/can.o
                0x00000000080007c8                HAL_CAN_MspInit
 .text.MX_GPIO_Init
                0x0000000008000898       0xc4 ./Core/Src/gpio.o
                0x0000000008000898                MX_GPIO_Init
 .text.InitLEDs
                0x000000000800095c       0x78 ./Core/Src/main.o
                0x000000000800095c                InitLEDs
 .text.main     0x00000000080009d4       0xac ./Core/Src/main.o
                0x00000000080009d4                main
 .text.SystemClock_Config
                0x0000000008000a80       0x82 ./Core/Src/main.o
                0x0000000008000a80                SystemClock_Config
 .text.Error_Handler
                0x0000000008000b02        0xa ./Core/Src/main.o
                0x0000000008000b02                Error_Handler
 .text.HAL_MspInit
                0x0000000008000b0c       0x44 ./Core/Src/stm32f1xx_hal_msp.o
                0x0000000008000b0c                HAL_MspInit
 .text.NMI_Handler
                0x0000000008000b50        0x6 ./Core/Src/stm32f1xx_it.o
                0x0000000008000b50                NMI_Handler
 .text.HardFault_Handler
                0x0000000008000b56        0x6 ./Core/Src/stm32f1xx_it.o
                0x0000000008000b56                HardFault_Handler
 .text.MemManage_Handler
                0x0000000008000b5c        0x6 ./Core/Src/stm32f1xx_it.o
                0x0000000008000b5c                MemManage_Handler
 .text.BusFault_Handler
                0x0000000008000b62        0x6 ./Core/Src/stm32f1xx_it.o
                0x0000000008000b62                BusFault_Handler
 .text.UsageFault_Handler
                0x0000000008000b68        0x6 ./Core/Src/stm32f1xx_it.o
                0x0000000008000b68                UsageFault_Handler
 .text.SVC_Handler
                0x0000000008000b6e        0xc ./Core/Src/stm32f1xx_it.o
                0x0000000008000b6e                SVC_Handler
 .text.DebugMon_Handler
                0x0000000008000b7a        0xc ./Core/Src/stm32f1xx_it.o
                0x0000000008000b7a                DebugMon_Handler
 .text.PendSV_Handler
                0x0000000008000b86        0xc ./Core/Src/stm32f1xx_it.o
                0x0000000008000b86                PendSV_Handler
 .text.SysTick_Handler
                0x0000000008000b92        0xc ./Core/Src/stm32f1xx_it.o
                0x0000000008000b92                SysTick_Handler
 *fill*         0x0000000008000b9e        0x2 
 .text.USB_LP_CAN1_RX0_IRQHandler
                0x0000000008000ba0       0x14 ./Core/Src/stm32f1xx_it.o
                0x0000000008000ba0                USB_LP_CAN1_RX0_IRQHandler
 .text.SystemInit
                0x0000000008000bb4        0xc ./Core/Src/system_stm32f1xx.o
                0x0000000008000bb4                SystemInit
 .text.MX_TIM3_Init
                0x0000000008000bc0       0x9c ./Core/Src/tim.o
                0x0000000008000bc0                MX_TIM3_Init
 .text.HAL_TIM_Base_MspInit
                0x0000000008000c5c       0x3c ./Core/Src/tim.o
                0x0000000008000c5c                HAL_TIM_Base_MspInit
 .text.Reset_Handler
                0x0000000008000c98       0x48 ./Core/Startup/startup_stm32f103rbtx.o
                0x0000000008000c98                Reset_Handler
 .text.Default_Handler
                0x0000000008000ce0        0x2 ./Core/Startup/startup_stm32f103rbtx.o
                0x0000000008000ce0                RTC_Alarm_IRQHandler
                0x0000000008000ce0                EXTI2_IRQHandler
                0x0000000008000ce0                TIM1_CC_IRQHandler
                0x0000000008000ce0                PVD_IRQHandler
                0x0000000008000ce0                EXTI3_IRQHandler
                0x0000000008000ce0                EXTI0_IRQHandler
                0x0000000008000ce0                I2C2_EV_IRQHandler
                0x0000000008000ce0                ADC1_2_IRQHandler
                0x0000000008000ce0                SPI1_IRQHandler
                0x0000000008000ce0                TAMPER_IRQHandler
                0x0000000008000ce0                DMA1_Channel4_IRQHandler
                0x0000000008000ce0                USART3_IRQHandler
                0x0000000008000ce0                RTC_IRQHandler
                0x0000000008000ce0                DMA1_Channel7_IRQHandler
                0x0000000008000ce0                CAN1_RX1_IRQHandler
                0x0000000008000ce0                TIM4_IRQHandler
                0x0000000008000ce0                I2C1_EV_IRQHandler
                0x0000000008000ce0                DMA1_Channel6_IRQHandler
                0x0000000008000ce0                TIM3_IRQHandler
                0x0000000008000ce0                RCC_IRQHandler
                0x0000000008000ce0                TIM1_TRG_COM_IRQHandler
                0x0000000008000ce0                DMA1_Channel1_IRQHandler
                0x0000000008000ce0                Default_Handler
                0x0000000008000ce0                EXTI15_10_IRQHandler
                0x0000000008000ce0                EXTI9_5_IRQHandler
                0x0000000008000ce0                SPI2_IRQHandler
                0x0000000008000ce0                DMA1_Channel5_IRQHandler
                0x0000000008000ce0                EXTI4_IRQHandler
                0x0000000008000ce0                USB_HP_CAN1_TX_IRQHandler
                0x0000000008000ce0                DMA1_Channel3_IRQHandler
                0x0000000008000ce0                TIM1_UP_IRQHandler
                0x0000000008000ce0                WWDG_IRQHandler
                0x0000000008000ce0                TIM2_IRQHandler
                0x0000000008000ce0                TIM1_BRK_IRQHandler
                0x0000000008000ce0                EXTI1_IRQHandler
                0x0000000008000ce0                USART2_IRQHandler
                0x0000000008000ce0                I2C2_ER_IRQHandler
                0x0000000008000ce0                DMA1_Channel2_IRQHandler
                0x0000000008000ce0                CAN1_SCE_IRQHandler
                0x0000000008000ce0                FLASH_IRQHandler
                0x0000000008000ce0                USART1_IRQHandler
                0x0000000008000ce0                I2C1_ER_IRQHandler
                0x0000000008000ce0                USBWakeUp_IRQHandler
 *fill*         0x0000000008000ce2        0x2 
 .text.HAL_Init
                0x0000000008000ce4       0x2c ./Drivers/STM32F1xx_HAL_Driver/Src/stm32f1xx_hal.o
                0x0000000008000ce4                HAL_Init
 .text.HAL_InitTick
                0x0000000008000d10       0x60 ./Drivers/STM32F1xx_HAL_Driver/Src/stm32f1xx_hal.o
                0x0000000008000d10                HAL_InitTick
 .text.HAL_IncTick
                0x0000000008000d70       0x24 ./Drivers/STM32F1xx_HAL_Driver/Src/stm32f1xx_hal.o
                0x0000000008000d70                HAL_IncTick
 .text.HAL_GetTick
                0x0000000008000d94       0x14 ./Drivers/STM32F1xx_HAL_Driver/Src/stm32f1xx_hal.o
                0x0000000008000d94                HAL_GetTick
 .text.HAL_Delay
                0x0000000008000da8       0x48 ./Drivers/STM32F1xx_HAL_Driver/Src/stm32f1xx_hal.o
                0x0000000008000da8                HAL_Delay
 .text.HAL_CAN_Init
                0x0000000008000df0      0x1f6 ./Drivers/STM32F1xx_HAL_Driver/Src/stm32f1xx_hal_can.o
                0x0000000008000df0                HAL_CAN_Init
 .text.HAL_CAN_Start
                0x0000000008000fe6       0x88 ./Drivers/STM32F1xx_HAL_Driver/Src/stm32f1xx_hal_can.o
                0x0000000008000fe6                HAL_CAN_Start
 .text.HAL_CAN_GetRxMessage
                0x000000000800106e      0x242 ./Drivers/STM32F1xx_HAL_Driver/Src/stm32f1xx_hal_can.o
                0x000000000800106e                HAL_CAN_GetRxMessage
 .text.HAL_CAN_GetRxFifoFillLevel
                0x00000000080012b0       0x4e ./Drivers/STM32F1xx_HAL_Driver/Src/stm32f1xx_hal_can.o
                0x00000000080012b0                HAL_CAN_GetRxFifoFillLevel
 .text.HAL_CAN_IRQHandler
                0x00000000080012fe      0x36e ./Drivers/STM32F1xx_HAL_Driver/Src/stm32f1xx_hal_can.o
                0x00000000080012fe                HAL_CAN_IRQHandler
 .text.HAL_CAN_TxMailbox0CompleteCallback
                0x000000000800166c       0x12 ./Drivers/STM32F1xx_HAL_Driver/Src/stm32f1xx_hal_can.o
                0x000000000800166c                HAL_CAN_TxMailbox0CompleteCallback
 .text.HAL_CAN_TxMailbox1CompleteCallback
                0x000000000800167e       0x12 ./Drivers/STM32F1xx_HAL_Driver/Src/stm32f1xx_hal_can.o
                0x000000000800167e                HAL_CAN_TxMailbox1CompleteCallback
 .text.HAL_CAN_TxMailbox2CompleteCallback
                0x0000000008001690       0x12 ./Drivers/STM32F1xx_HAL_Driver/Src/stm32f1xx_hal_can.o
                0x0000000008001690                HAL_CAN_TxMailbox2CompleteCallback
 .text.HAL_CAN_TxMailbox0AbortCallback
                0x00000000080016a2       0x12 ./Drivers/STM32F1xx_HAL_Driver/Src/stm32f1xx_hal_can.o
                0x00000000080016a2                HAL_CAN_TxMailbox0AbortCallback
 .text.HAL_CAN_TxMailbox1AbortCallback
                0x00000000080016b4       0x12 ./Drivers/STM32F1xx_HAL_Driver/Src/stm32f1xx_hal_can.o
                0x00000000080016b4                HAL_CAN_TxMailbox1AbortCallback
 .text.HAL_CAN_TxMailbox2AbortCallback
                0x00000000080016c6       0x12 ./Drivers/STM32F1xx_HAL_Driver/Src/stm32f1xx_hal_can.o
                0x00000000080016c6                HAL_CAN_TxMailbox2AbortCallback
 .text.HAL_CAN_RxFifo0MsgPendingCallback
                0x00000000080016d8       0x12 ./Drivers/STM32F1xx_HAL_Driver/Src/stm32f1xx_hal_can.o
                0x00000000080016d8                HAL_CAN_RxFifo0MsgPendingCallback
 .text.HAL_CAN_RxFifo0FullCallback
                0x00000000080016ea       0x12 ./Drivers/STM32F1xx_HAL_Driver/Src/stm32f1xx_hal_can.o
                0x00000000080016ea                HAL_CAN_RxFifo0FullCallback
 .text.HAL_CAN_RxFifo1MsgPendingCallback
                0x00000000080016fc       0x12 ./Drivers/STM32F1xx_HAL_Driver/Src/stm32f1xx_hal_can.o
                0x00000000080016fc                HAL_CAN_RxFifo1MsgPendingCallback
 .text.HAL_CAN_RxFifo1FullCallback
                0x000000000800170e       0x12 ./Drivers/STM32F1xx_HAL_Driver/Src/stm32f1xx_hal_can.o
                0x000000000800170e                HAL_CAN_RxFifo1FullCallback
 .text.HAL_CAN_SleepCallback
                0x0000000008001720       0x12 ./Drivers/STM32F1xx_HAL_Driver/Src/stm32f1xx_hal_can.o
                0x0000000008001720                HAL_CAN_SleepCallback
 .text.HAL_CAN_WakeUpFromRxMsgCallback
                0x0000000008001732       0x12 ./Drivers/STM32F1xx_HAL_Driver/Src/stm32f1xx_hal_can.o
                0x0000000008001732                HAL_CAN_WakeUpFromRxMsgCallback
 .text.HAL_CAN_ErrorCallback
                0x0000000008001744       0x12 ./Drivers/STM32F1xx_HAL_Driver/Src/stm32f1xx_hal_can.o
                0x0000000008001744                HAL_CAN_ErrorCallback
 *fill*         0x0000000008001756        0x2 
 .text.__NVIC_SetPriorityGrouping
                0x0000000008001758       0x48 ./Drivers/STM32F1xx_HAL_Driver/Src/stm32f1xx_hal_cortex.o
 .text.__NVIC_GetPriorityGrouping
                0x00000000080017a0       0x1c ./Drivers/STM32F1xx_HAL_Driver/Src/stm32f1xx_hal_cortex.o
 .text.__NVIC_EnableIRQ
                0x00000000080017bc       0x38 ./Drivers/STM32F1xx_HAL_Driver/Src/stm32f1xx_hal_cortex.o
 .text.__NVIC_SetPriority
                0x00000000080017f4       0x54 ./Drivers/STM32F1xx_HAL_Driver/Src/stm32f1xx_hal_cortex.o
 .text.NVIC_EncodePriority
                0x0000000008001848       0x64 ./Drivers/STM32F1xx_HAL_Driver/Src/stm32f1xx_hal_cortex.o
 .text.SysTick_Config
                0x00000000080018ac       0x44 ./Drivers/STM32F1xx_HAL_Driver/Src/stm32f1xx_hal_cortex.o
 .text.HAL_NVIC_SetPriorityGrouping
                0x00000000080018f0       0x16 ./Drivers/STM32F1xx_HAL_Driver/Src/stm32f1xx_hal_cortex.o
                0x00000000080018f0                HAL_NVIC_SetPriorityGrouping
 .text.HAL_NVIC_SetPriority
                0x0000000008001906       0x38 ./Drivers/STM32F1xx_HAL_Driver/Src/stm32f1xx_hal_cortex.o
                0x0000000008001906                HAL_NVIC_SetPriority
 .text.HAL_NVIC_EnableIRQ
                0x000000000800193e       0x1c ./Drivers/STM32F1xx_HAL_Driver/Src/stm32f1xx_hal_cortex.o
                0x000000000800193e                HAL_NVIC_EnableIRQ
 .text.HAL_SYSTICK_Config
                0x000000000800195a       0x18 ./Drivers/STM32F1xx_HAL_Driver/Src/stm32f1xx_hal_cortex.o
                0x000000000800195a                HAL_SYSTICK_Config
 *fill*         0x0000000008001972        0x2 
 .text.HAL_GPIO_Init
                0x0000000008001974      0x308 ./Drivers/STM32F1xx_HAL_Driver/Src/stm32f1xx_hal_gpio.o
                0x0000000008001974                HAL_GPIO_Init
 .text.HAL_GPIO_WritePin
                0x0000000008001c7c       0x30 ./Drivers/STM32F1xx_HAL_Driver/Src/stm32f1xx_hal_gpio.o
                0x0000000008001c7c                HAL_GPIO_WritePin
 .text.HAL_GPIO_TogglePin
                0x0000000008001cac       0x32 ./Drivers/STM32F1xx_HAL_Driver/Src/stm32f1xx_hal_gpio.o
                0x0000000008001cac                HAL_GPIO_TogglePin
 *fill*         0x0000000008001cde        0x2 
 .text.HAL_RCC_OscConfig
                0x0000000008001ce0      0x504 ./Drivers/STM32F1xx_HAL_Driver/Src/stm32f1xx_hal_rcc.o
                0x0000000008001ce0                HAL_RCC_OscConfig
 .text.HAL_RCC_ClockConfig
                0x00000000080021e4      0x1d4 ./Drivers/STM32F1xx_HAL_Driver/Src/stm32f1xx_hal_rcc.o
                0x00000000080021e4                HAL_RCC_ClockConfig
 .text.HAL_RCC_GetSysClockFreq
                0x00000000080023b8       0xa8 ./Drivers/STM32F1xx_HAL_Driver/Src/stm32f1xx_hal_rcc.o
                0x00000000080023b8                HAL_RCC_GetSysClockFreq
 .text.RCC_Delay
                0x0000000008002460       0x3c ./Drivers/STM32F1xx_HAL_Driver/Src/stm32f1xx_hal_rcc.o
 .text.HAL_TIM_Base_Init
                0x000000000800249c       0x9e ./Drivers/STM32F1xx_HAL_Driver/Src/stm32f1xx_hal_tim.o
                0x000000000800249c                HAL_TIM_Base_Init
 .text.HAL_TIM_ConfigClockSource
                0x000000000800253a      0x18e ./Drivers/STM32F1xx_HAL_Driver/Src/stm32f1xx_hal_tim.o
                0x000000000800253a                HAL_TIM_ConfigClockSource
 .text.TIM_Base_SetConfig
                0x00000000080026c8       0xc4 ./Drivers/STM32F1xx_HAL_Driver/Src/stm32f1xx_hal_tim.o
                0x00000000080026c8                TIM_Base_SetConfig
 .text.TIM_TI1_ConfigInputStage
                0x000000000800278c       0x5c ./Drivers/STM32F1xx_HAL_Driver/Src/stm32f1xx_hal_tim.o
 .text.TIM_TI2_ConfigInputStage
                0x00000000080027e8       0x5e ./Drivers/STM32F1xx_HAL_Driver/Src/stm32f1xx_hal_tim.o
 .text.TIM_ITRx_SetConfig
                0x0000000008002846       0x34 ./Drivers/STM32F1xx_HAL_Driver/Src/stm32f1xx_hal_tim.o
 .text.TIM_ETR_SetConfig
                0x000000000800287a       0x3e ./Drivers/STM32F1xx_HAL_Driver/Src/stm32f1xx_hal_tim.o
                0x000000000800287a                TIM_ETR_SetConfig
 .text.HAL_TIMEx_MasterConfigSynchronization
                0x00000000080028b8       0xbc ./Drivers/STM32F1xx_HAL_Driver/Src/stm32f1xx_hal_tim_ex.o
                0x00000000080028b8                HAL_TIMEx_MasterConfigSynchronization
 .text.memset   0x0000000008002974       0x10 C:/Users/ADMIN/Desktop/Mridul/UBC Solar/STM 32/STM32CubeIDE_1.13.2/STM32CubeIDE/plugins/com.st.stm32cube.ide.mcu.externaltools.gnu-tools-for-stm32.11.3.rel1.win32_1.1.1.202309131626/tools/bin/../lib/gcc/arm-none-eabi/11.3.1/../../../../arm-none-eabi/lib/thumb/v7-m/nofp\libc_nano.a(libc_a-memset.o)
                0x0000000008002974                memset
 .text.__libc_init_array
                0x0000000008002984       0x48 C:/Users/ADMIN/Desktop/Mridul/UBC Solar/STM 32/STM32CubeIDE_1.13.2/STM32CubeIDE/plugins/com.st.stm32cube.ide.mcu.externaltools.gnu-tools-for-stm32.11.3.rel1.win32_1.1.1.202309131626/tools/bin/../lib/gcc/arm-none-eabi/11.3.1/../../../../arm-none-eabi/lib/thumb/v7-m/nofp\libc_nano.a(libc_a-init.o)
                0x0000000008002984                __libc_init_array
 .text.memcpy   0x00000000080029cc       0x1c C:/Users/ADMIN/Desktop/Mridul/UBC Solar/STM 32/STM32CubeIDE_1.13.2/STM32CubeIDE/plugins/com.st.stm32cube.ide.mcu.externaltools.gnu-tools-for-stm32.11.3.rel1.win32_1.1.1.202309131626/tools/bin/../lib/gcc/arm-none-eabi/11.3.1/../../../../arm-none-eabi/lib/thumb/v7-m/nofp\libc_nano.a(libc_a-memcpy-stub.o)
                0x00000000080029cc                memcpy
 *(.glue_7)
 .glue_7        0x00000000080029e8        0x0 linker stubs
 *(.glue_7t)
 .glue_7t       0x00000000080029e8        0x0 linker stubs
 *(.eh_frame)
 .eh_frame      0x00000000080029e8        0x0 C:/Users/ADMIN/Desktop/Mridul/UBC Solar/STM 32/STM32CubeIDE_1.13.2/STM32CubeIDE/plugins/com.st.stm32cube.ide.mcu.externaltools.gnu-tools-for-stm32.11.3.rel1.win32_1.1.1.202309131626/tools/bin/../lib/gcc/arm-none-eabi/11.3.1/thumb/v7-m/nofp/crtbegin.o
 *(.init)
 .init          0x00000000080029e8        0x4 C:/Users/ADMIN/Desktop/Mridul/UBC Solar/STM 32/STM32CubeIDE_1.13.2/STM32CubeIDE/plugins/com.st.stm32cube.ide.mcu.externaltools.gnu-tools-for-stm32.11.3.rel1.win32_1.1.1.202309131626/tools/bin/../lib/gcc/arm-none-eabi/11.3.1/thumb/v7-m/nofp/crti.o
                0x00000000080029e8                _init
 .init          0x00000000080029ec        0x8 C:/Users/ADMIN/Desktop/Mridul/UBC Solar/STM 32/STM32CubeIDE_1.13.2/STM32CubeIDE/plugins/com.st.stm32cube.ide.mcu.externaltools.gnu-tools-for-stm32.11.3.rel1.win32_1.1.1.202309131626/tools/bin/../lib/gcc/arm-none-eabi/11.3.1/thumb/v7-m/nofp/crtn.o
 *(.fini)
 .fini          0x00000000080029f4        0x4 C:/Users/ADMIN/Desktop/Mridul/UBC Solar/STM 32/STM32CubeIDE_1.13.2/STM32CubeIDE/plugins/com.st.stm32cube.ide.mcu.externaltools.gnu-tools-for-stm32.11.3.rel1.win32_1.1.1.202309131626/tools/bin/../lib/gcc/arm-none-eabi/11.3.1/thumb/v7-m/nofp/crti.o
                0x00000000080029f4                _fini
 .fini          0x00000000080029f8        0x8 C:/Users/ADMIN/Desktop/Mridul/UBC Solar/STM 32/STM32CubeIDE_1.13.2/STM32CubeIDE/plugins/com.st.stm32cube.ide.mcu.externaltools.gnu-tools-for-stm32.11.3.rel1.win32_1.1.1.202309131626/tools/bin/../lib/gcc/arm-none-eabi/11.3.1/thumb/v7-m/nofp/crtn.o
                0x0000000008002a00                . = ALIGN (0x4)
                0x0000000008002a00                _etext = .

.vfp11_veneer   0x0000000008002a00        0x0
 .vfp11_veneer  0x0000000008002a00        0x0 linker stubs

.v4_bx          0x0000000008002a00        0x0
 .v4_bx         0x0000000008002a00        0x0 linker stubs

.iplt           0x0000000008002a00        0x0
 .iplt          0x0000000008002a00        0x0 C:/Users/ADMIN/Desktop/Mridul/UBC Solar/STM 32/STM32CubeIDE_1.13.2/STM32CubeIDE/plugins/com.st.stm32cube.ide.mcu.externaltools.gnu-tools-for-stm32.11.3.rel1.win32_1.1.1.202309131626/tools/bin/../lib/gcc/arm-none-eabi/11.3.1/thumb/v7-m/nofp/crtbegin.o

.rodata         0x0000000008002a00      0x1e0
                0x0000000008002a00                . = ALIGN (0x4)
 *(.rodata)
 .rodata        0x0000000008002a00      0x1ba ./Core/Src/LCD.o
 *(.rodata*)
 *fill*         0x0000000008002bba        0x2 
 .rodata.AHBPrescTable
                0x0000000008002bbc       0x10 ./Core/Src/system_stm32f1xx.o
                0x0000000008002bbc                AHBPrescTable
 .rodata.aPLLMULFactorTable.1
                0x0000000008002bcc       0x10 ./Drivers/STM32F1xx_HAL_Driver/Src/stm32f1xx_hal_rcc.o
 .rodata.aPredivFactorTable.0
                0x0000000008002bdc        0x2 ./Drivers/STM32F1xx_HAL_Driver/Src/stm32f1xx_hal_rcc.o
                0x0000000008002be0                . = ALIGN (0x4)
 *fill*         0x0000000008002bde        0x2 

.rel.dyn        0x0000000008002be0        0x0
 .rel.iplt      0x0000000008002be0        0x0 C:/Users/ADMIN/Desktop/Mridul/UBC Solar/STM 32/STM32CubeIDE_1.13.2/STM32CubeIDE/plugins/com.st.stm32cube.ide.mcu.externaltools.gnu-tools-for-stm32.11.3.rel1.win32_1.1.1.202309131626/tools/bin/../lib/gcc/arm-none-eabi/11.3.1/thumb/v7-m/nofp/crtbegin.o

.ARM.extab      0x0000000008002be0        0x0
                0x0000000008002be0                . = ALIGN (0x4)
 *(.ARM.extab* .gnu.linkonce.armextab.*)
                0x0000000008002be0                . = ALIGN (0x4)

.ARM            0x0000000008002be0        0x0
                0x0000000008002be0                . = ALIGN (0x4)
                0x0000000008002be0                __exidx_start = .
 *(.ARM.exidx*)
                0x0000000008002be0                __exidx_end = .
                0x0000000008002be0                . = ALIGN (0x4)

.preinit_array  0x0000000008002be0        0x0
                0x0000000008002be0                . = ALIGN (0x4)
                0x0000000008002be0                PROVIDE (__preinit_array_start = .)
 *(.preinit_array*)
                0x0000000008002be0                PROVIDE (__preinit_array_end = .)
                0x0000000008002be0                . = ALIGN (0x4)

.init_array     0x0000000008002be0        0x4
                0x0000000008002be0                . = ALIGN (0x4)
                0x0000000008002be0                PROVIDE (__init_array_start = .)
 *(SORT_BY_NAME(.init_array.*))
 *(.init_array*)
 .init_array    0x0000000008002be0        0x4 C:/Users/ADMIN/Desktop/Mridul/UBC Solar/STM 32/STM32CubeIDE_1.13.2/STM32CubeIDE/plugins/com.st.stm32cube.ide.mcu.externaltools.gnu-tools-for-stm32.11.3.rel1.win32_1.1.1.202309131626/tools/bin/../lib/gcc/arm-none-eabi/11.3.1/thumb/v7-m/nofp/crtbegin.o
                0x0000000008002be4                PROVIDE (__init_array_end = .)
                0x0000000008002be4                . = ALIGN (0x4)

.fini_array     0x0000000008002be4        0x4
                0x0000000008002be4                . = ALIGN (0x4)
                [!provide]                        PROVIDE (__fini_array_start = .)
 *(SORT_BY_NAME(.fini_array.*))
 *(.fini_array*)
 .fini_array    0x0000000008002be4        0x4 C:/Users/ADMIN/Desktop/Mridul/UBC Solar/STM 32/STM32CubeIDE_1.13.2/STM32CubeIDE/plugins/com.st.stm32cube.ide.mcu.externaltools.gnu-tools-for-stm32.11.3.rel1.win32_1.1.1.202309131626/tools/bin/../lib/gcc/arm-none-eabi/11.3.1/thumb/v7-m/nofp/crtbegin.o
                [!provide]                        PROVIDE (__fini_array_end = .)
                0x0000000008002be8                . = ALIGN (0x4)
                0x0000000008002be8                _sidata = LOADADDR (.data)

.data           0x0000000020000000       0xb0 load address 0x0000000008002be8
                0x0000000020000000                . = ALIGN (0x4)
                0x0000000020000000                _sdata = .
 *(.data)
 *(.data*)
 .data.LOOKUPTABLE.0
                0x0000000020000000       0xa4 ./Core/Src/LCD.o
 .data.SystemCoreClock
                0x00000000200000a4        0x4 ./Core/Src/system_stm32f1xx.o
                0x00000000200000a4                SystemCoreClock
 .data.uwTickPrio
                0x00000000200000a8        0x4 ./Drivers/STM32F1xx_HAL_Driver/Src/stm32f1xx_hal.o
                0x00000000200000a8                uwTickPrio
 .data.uwTickFreq
                0x00000000200000ac        0x1 ./Drivers/STM32F1xx_HAL_Driver/Src/stm32f1xx_hal.o
                0x00000000200000ac                uwTickFreq
 *(.RamFunc)
 *(.RamFunc*)
                0x00000000200000b0                . = ALIGN (0x4)
 *fill*         0x00000000200000ad        0x3 
                0x00000000200000b0                _edata = .

.igot.plt       0x00000000200000b0        0x0 load address 0x0000000008002c98
 .igot.plt      0x00000000200000b0        0x0 C:/Users/ADMIN/Desktop/Mridul/UBC Solar/STM 32/STM32CubeIDE_1.13.2/STM32CubeIDE/plugins/com.st.stm32cube.ide.mcu.externaltools.gnu-tools-for-stm32.11.3.rel1.win32_1.1.1.202309131626/tools/bin/../lib/gcc/arm-none-eabi/11.3.1/thumb/v7-m/nofp/crtbegin.o
                0x00000000200000b0                . = ALIGN (0x4)

.bss            0x00000000200000b0       0xb4 load address 0x0000000008002c98
                0x00000000200000b0                _sbss = .
                0x00000000200000b0                __bss_start__ = _sbss
 *(.bss)
 .bss           0x00000000200000b0       0x1c C:/Users/ADMIN/Desktop/Mridul/UBC Solar/STM 32/STM32CubeIDE_1.13.2/STM32CubeIDE/plugins/com.st.stm32cube.ide.mcu.externaltools.gnu-tools-for-stm32.11.3.rel1.win32_1.1.1.202309131626/tools/bin/../lib/gcc/arm-none-eabi/11.3.1/thumb/v7-m/nofp/crtbegin.o
 *(.bss*)
 .bss.hcan      0x00000000200000cc       0x28 ./Core/Src/can.o
                0x00000000200000cc                hcan
 .bss.CAN_rx_header
                0x00000000200000f4       0x1c ./Core/Src/main.o
                0x00000000200000f4                CAN_rx_header
 .bss.CAN_rx_data
                0x0000000020000110        0x8 ./Core/Src/main.o
                0x0000000020000110                CAN_rx_data
 .bss.htim3     0x0000000020000118       0x48 ./Core/Src/tim.o
                0x0000000020000118                htim3
 .bss.uwTick    0x0000000020000160        0x4 ./Drivers/STM32F1xx_HAL_Driver/Src/stm32f1xx_hal.o
                0x0000000020000160                uwTick
 *(COMMON)
                0x0000000020000164                . = ALIGN (0x4)
                0x0000000020000164                _ebss = .
                0x0000000020000164                __bss_end__ = _ebss

._user_heap_stack
                0x0000000020000164      0x604 load address 0x0000000008002c98
                0x0000000020000168                . = ALIGN (0x8)
 *fill*         0x0000000020000164        0x4 
                [!provide]                        PROVIDE (end = .)
                0x0000000020000168                PROVIDE (_end = .)
                0x0000000020000368                . = (. + _Min_Heap_Size)
 *fill*         0x0000000020000168      0x200 
                0x0000000020000768                . = (. + _Min_Stack_Size)
 *fill*         0x0000000020000368      0x400 
                0x0000000020000768                . = ALIGN (0x8)

/DISCARD/
 libc.a(*)
 libm.a(*)
 libgcc.a(*)

.ARM.attributes
                0x0000000000000000       0x29
 *(.ARM.attributes)
 .ARM.attributes
                0x0000000000000000       0x1d C:/Users/ADMIN/Desktop/Mridul/UBC Solar/STM 32/STM32CubeIDE_1.13.2/STM32CubeIDE/plugins/com.st.stm32cube.ide.mcu.externaltools.gnu-tools-for-stm32.11.3.rel1.win32_1.1.1.202309131626/tools/bin/../lib/gcc/arm-none-eabi/11.3.1/thumb/v7-m/nofp/crti.o
 .ARM.attributes
                0x000000000000001d       0x2d C:/Users/ADMIN/Desktop/Mridul/UBC Solar/STM 32/STM32CubeIDE_1.13.2/STM32CubeIDE/plugins/com.st.stm32cube.ide.mcu.externaltools.gnu-tools-for-stm32.11.3.rel1.win32_1.1.1.202309131626/tools/bin/../lib/gcc/arm-none-eabi/11.3.1/thumb/v7-m/nofp/crtbegin.o
 .ARM.attributes
                0x000000000000004a       0x2d ./Core/Src/LCD.o
 .ARM.attributes
                0x0000000000000077       0x2d ./Core/Src/can.o
 .ARM.attributes
                0x00000000000000a4       0x2d ./Core/Src/gpio.o
 .ARM.attributes
                0x00000000000000d1       0x2d ./Core/Src/main.o
 .ARM.attributes
                0x00000000000000fe       0x2d ./Core/Src/stm32f1xx_hal_msp.o
 .ARM.attributes
                0x000000000000012b       0x2d ./Core/Src/stm32f1xx_it.o
 .ARM.attributes
                0x0000000000000158       0x2d ./Core/Src/system_stm32f1xx.o
 .ARM.attributes
                0x0000000000000185       0x2d ./Core/Src/tim.o
 .ARM.attributes
                0x00000000000001b2       0x21 ./Core/Startup/startup_stm32f103rbtx.o
 .ARM.attributes
                0x00000000000001d3       0x2d ./Drivers/STM32F1xx_HAL_Driver/Src/stm32f1xx_hal.o
 .ARM.attributes
                0x0000000000000200       0x2d ./Drivers/STM32F1xx_HAL_Driver/Src/stm32f1xx_hal_can.o
 .ARM.attributes
                0x000000000000022d       0x2d ./Drivers/STM32F1xx_HAL_Driver/Src/stm32f1xx_hal_cortex.o
 .ARM.attributes
                0x000000000000025a       0x2d ./Drivers/STM32F1xx_HAL_Driver/Src/stm32f1xx_hal_gpio.o
 .ARM.attributes
                0x0000000000000287       0x2d ./Drivers/STM32F1xx_HAL_Driver/Src/stm32f1xx_hal_rcc.o
 .ARM.attributes
                0x00000000000002b4       0x2d ./Drivers/STM32F1xx_HAL_Driver/Src/stm32f1xx_hal_tim.o
 .ARM.attributes
                0x00000000000002e1       0x2d ./Drivers/STM32F1xx_HAL_Driver/Src/stm32f1xx_hal_tim_ex.o
 .ARM.attributes
                0x000000000000030e       0x2d C:/Users/ADMIN/Desktop/Mridul/UBC Solar/STM 32/STM32CubeIDE_1.13.2/STM32CubeIDE/plugins/com.st.stm32cube.ide.mcu.externaltools.gnu-tools-for-stm32.11.3.rel1.win32_1.1.1.202309131626/tools/bin/../lib/gcc/arm-none-eabi/11.3.1/../../../../arm-none-eabi/lib/thumb/v7-m/nofp\libc_nano.a(libc_a-memset.o)
 .ARM.attributes
                0x000000000000033b       0x2d C:/Users/ADMIN/Desktop/Mridul/UBC Solar/STM 32/STM32CubeIDE_1.13.2/STM32CubeIDE/plugins/com.st.stm32cube.ide.mcu.externaltools.gnu-tools-for-stm32.11.3.rel1.win32_1.1.1.202309131626/tools/bin/../lib/gcc/arm-none-eabi/11.3.1/../../../../arm-none-eabi/lib/thumb/v7-m/nofp\libc_nano.a(libc_a-init.o)
 .ARM.attributes
                0x0000000000000368       0x2d C:/Users/ADMIN/Desktop/Mridul/UBC Solar/STM 32/STM32CubeIDE_1.13.2/STM32CubeIDE/plugins/com.st.stm32cube.ide.mcu.externaltools.gnu-tools-for-stm32.11.3.rel1.win32_1.1.1.202309131626/tools/bin/../lib/gcc/arm-none-eabi/11.3.1/../../../../arm-none-eabi/lib/thumb/v7-m/nofp\libc_nano.a(libc_a-memcpy-stub.o)
 .ARM.attributes
                0x0000000000000395       0x1d C:/Users/ADMIN/Desktop/Mridul/UBC Solar/STM 32/STM32CubeIDE_1.13.2/STM32CubeIDE/plugins/com.st.stm32cube.ide.mcu.externaltools.gnu-tools-for-stm32.11.3.rel1.win32_1.1.1.202309131626/tools/bin/../lib/gcc/arm-none-eabi/11.3.1/thumb/v7-m/nofp/crtn.o
OUTPUT(Dashboard_Competition_Remake.elf elf32-littlearm)
LOAD linker stubs
LOAD C:/Users/ADMIN/Desktop/Mridul/UBC Solar/STM 32/STM32CubeIDE_1.13.2/STM32CubeIDE/plugins/com.st.stm32cube.ide.mcu.externaltools.gnu-tools-for-stm32.11.3.rel1.win32_1.1.1.202309131626/tools/bin/../lib/gcc/arm-none-eabi/11.3.1/../../../../arm-none-eabi/lib/thumb/v7-m/nofp\libc.a
LOAD C:/Users/ADMIN/Desktop/Mridul/UBC Solar/STM 32/STM32CubeIDE_1.13.2/STM32CubeIDE/plugins/com.st.stm32cube.ide.mcu.externaltools.gnu-tools-for-stm32.11.3.rel1.win32_1.1.1.202309131626/tools/bin/../lib/gcc/arm-none-eabi/11.3.1/../../../../arm-none-eabi/lib/thumb/v7-m/nofp\libm.a
LOAD C:/Users/ADMIN/Desktop/Mridul/UBC Solar/STM 32/STM32CubeIDE_1.13.2/STM32CubeIDE/plugins/com.st.stm32cube.ide.mcu.externaltools.gnu-tools-for-stm32.11.3.rel1.win32_1.1.1.202309131626/tools/bin/../lib/gcc/arm-none-eabi/11.3.1/thumb/v7-m/nofp\libgcc.a

.comment        0x0000000000000000       0x43
 .comment       0x0000000000000000       0x43 C:/Users/ADMIN/Desktop/Mridul/UBC Solar/STM 32/STM32CubeIDE_1.13.2/STM32CubeIDE/plugins/com.st.stm32cube.ide.mcu.externaltools.gnu-tools-for-stm32.11.3.rel1.win32_1.1.1.202309131626/tools/bin/../lib/gcc/arm-none-eabi/11.3.1/thumb/v7-m/nofp/crtbegin.o
                                         0x44 (size before relaxing)
 .comment       0x0000000000000043       0x44 ./Core/Src/LCD.o
 .comment       0x0000000000000043       0x44 ./Core/Src/can.o
 .comment       0x0000000000000043       0x44 ./Core/Src/gpio.o
 .comment       0x0000000000000043       0x44 ./Core/Src/main.o
 .comment       0x0000000000000043       0x44 ./Core/Src/stm32f1xx_hal_msp.o
 .comment       0x0000000000000043       0x44 ./Core/Src/stm32f1xx_it.o
 .comment       0x0000000000000043       0x44 ./Core/Src/system_stm32f1xx.o
 .comment       0x0000000000000043       0x44 ./Core/Src/tim.o
 .comment       0x0000000000000043       0x44 ./Drivers/STM32F1xx_HAL_Driver/Src/stm32f1xx_hal.o
 .comment       0x0000000000000043       0x44 ./Drivers/STM32F1xx_HAL_Driver/Src/stm32f1xx_hal_can.o
 .comment       0x0000000000000043       0x44 ./Drivers/STM32F1xx_HAL_Driver/Src/stm32f1xx_hal_cortex.o
 .comment       0x0000000000000043       0x44 ./Drivers/STM32F1xx_HAL_Driver/Src/stm32f1xx_hal_gpio.o
 .comment       0x0000000000000043       0x44 ./Drivers/STM32F1xx_HAL_Driver/Src/stm32f1xx_hal_rcc.o
 .comment       0x0000000000000043       0x44 ./Drivers/STM32F1xx_HAL_Driver/Src/stm32f1xx_hal_tim.o
 .comment       0x0000000000000043       0x44 ./Drivers/STM32F1xx_HAL_Driver/Src/stm32f1xx_hal_tim_ex.o

.debug_info     0x0000000000000000     0xa277
 .debug_info    0x0000000000000000      0x632 ./Core/Src/LCD.o
 .debug_info    0x0000000000000632      0x9e6 ./Core/Src/can.o
 .debug_info    0x0000000000001018      0x2b7 ./Core/Src/gpio.o
 .debug_info    0x00000000000012cf     0x12c2 ./Core/Src/main.o
 .debug_info    0x0000000000002591      0x169 ./Core/Src/stm32f1xx_hal_msp.o
 .debug_info    0x00000000000026fa      0x506 ./Core/Src/stm32f1xx_it.o
 .debug_info    0x0000000000002c00      0x222 ./Core/Src/system_stm32f1xx.o
 .debug_info    0x0000000000002e22      0x82a ./Core/Src/tim.o
 .debug_info    0x000000000000364c       0x23 ./Core/Startup/startup_stm32f103rbtx.o
 .debug_info    0x000000000000366f      0x704 ./Drivers/STM32F1xx_HAL_Driver/Src/stm32f1xx_hal.o
 .debug_info    0x0000000000003d73      0xf27 ./Drivers/STM32F1xx_HAL_Driver/Src/stm32f1xx_hal_can.o
 .debug_info    0x0000000000004c9a      0xa87 ./Drivers/STM32F1xx_HAL_Driver/Src/stm32f1xx_hal_cortex.o
 .debug_info    0x0000000000005721      0x5ab ./Drivers/STM32F1xx_HAL_Driver/Src/stm32f1xx_hal_gpio.o
 .debug_info    0x0000000000005ccc      0x7d5 ./Drivers/STM32F1xx_HAL_Driver/Src/stm32f1xx_hal_rcc.o
 .debug_info    0x00000000000064a1     0x293b ./Drivers/STM32F1xx_HAL_Driver/Src/stm32f1xx_hal_tim.o
 .debug_info    0x0000000000008ddc     0x149b ./Drivers/STM32F1xx_HAL_Driver/Src/stm32f1xx_hal_tim_ex.o

.debug_abbrev   0x0000000000000000     0x1f3c
 .debug_abbrev  0x0000000000000000      0x207 ./Core/Src/LCD.o
 .debug_abbrev  0x0000000000000207      0x263 ./Core/Src/can.o
 .debug_abbrev  0x000000000000046a      0x13f ./Core/Src/gpio.o
 .debug_abbrev  0x00000000000005a9      0x364 ./Core/Src/main.o
 .debug_abbrev  0x000000000000090d       0xc6 ./Core/Src/stm32f1xx_hal_msp.o
 .debug_abbrev  0x00000000000009d3      0x18d ./Core/Src/stm32f1xx_it.o
 .debug_abbrev  0x0000000000000b60      0x13f ./Core/Src/system_stm32f1xx.o
 .debug_abbrev  0x0000000000000c9f      0x1ef ./Core/Src/tim.o
 .debug_abbrev  0x0000000000000e8e       0x12 ./Core/Startup/startup_stm32f103rbtx.o
 .debug_abbrev  0x0000000000000ea0      0x201 ./Drivers/STM32F1xx_HAL_Driver/Src/stm32f1xx_hal.o
 .debug_abbrev  0x00000000000010a1      0x22d ./Drivers/STM32F1xx_HAL_Driver/Src/stm32f1xx_hal_can.o
 .debug_abbrev  0x00000000000012ce      0x2f8 ./Drivers/STM32F1xx_HAL_Driver/Src/stm32f1xx_hal_cortex.o
 .debug_abbrev  0x00000000000015c6      0x1ca ./Drivers/STM32F1xx_HAL_Driver/Src/stm32f1xx_hal_gpio.o
 .debug_abbrev  0x0000000000001790      0x2b3 ./Drivers/STM32F1xx_HAL_Driver/Src/stm32f1xx_hal_rcc.o
 .debug_abbrev  0x0000000000001a43      0x277 ./Drivers/STM32F1xx_HAL_Driver/Src/stm32f1xx_hal_tim.o
 .debug_abbrev  0x0000000000001cba      0x282 ./Drivers/STM32F1xx_HAL_Driver/Src/stm32f1xx_hal_tim_ex.o

.debug_aranges  0x0000000000000000      0xb78
 .debug_aranges
                0x0000000000000000       0xa0 ./Core/Src/LCD.o
 .debug_aranges
                0x00000000000000a0       0x38 ./Core/Src/can.o
 .debug_aranges
                0x00000000000000d8       0x20 ./Core/Src/gpio.o
 .debug_aranges
                0x00000000000000f8       0x40 ./Core/Src/main.o
 .debug_aranges
                0x0000000000000138       0x20 ./Core/Src/stm32f1xx_hal_msp.o
 .debug_aranges
                0x0000000000000158       0x68 ./Core/Src/stm32f1xx_it.o
 .debug_aranges
                0x00000000000001c0       0x28 ./Core/Src/system_stm32f1xx.o
 .debug_aranges
                0x00000000000001e8       0x30 ./Core/Src/tim.o
 .debug_aranges
                0x0000000000000218       0x28 ./Core/Startup/startup_stm32f103rbtx.o
 .debug_aranges
                0x0000000000000240       0xe0 ./Drivers/STM32F1xx_HAL_Driver/Src/stm32f1xx_hal.o
 .debug_aranges
                0x0000000000000320      0x138 ./Drivers/STM32F1xx_HAL_Driver/Src/stm32f1xx_hal_can.o
 .debug_aranges
                0x0000000000000458      0x100 ./Drivers/STM32F1xx_HAL_Driver/Src/stm32f1xx_hal_cortex.o
 .debug_aranges
                0x0000000000000558       0x58 ./Drivers/STM32F1xx_HAL_Driver/Src/stm32f1xx_hal_gpio.o
 .debug_aranges
                0x00000000000005b0       0x90 ./Drivers/STM32F1xx_HAL_Driver/Src/stm32f1xx_hal_rcc.o
 .debug_aranges
                0x0000000000000640      0x3d0 ./Drivers/STM32F1xx_HAL_Driver/Src/stm32f1xx_hal_tim.o
 .debug_aranges
                0x0000000000000a10      0x168 ./Drivers/STM32F1xx_HAL_Driver/Src/stm32f1xx_hal_tim_ex.o

.debug_rnglists
                0x0000000000000000      0x8c7
 .debug_rnglists
                0x0000000000000000       0x79 ./Core/Src/LCD.o
 .debug_rnglists
                0x0000000000000079       0x27 ./Core/Src/can.o
 .debug_rnglists
                0x00000000000000a0       0x14 ./Core/Src/gpio.o
 .debug_rnglists
                0x00000000000000b4       0x2e ./Core/Src/main.o
 .debug_rnglists
                0x00000000000000e2       0x13 ./Core/Src/stm32f1xx_hal_msp.o
 .debug_rnglists
                0x00000000000000f5       0x49 ./Core/Src/stm32f1xx_it.o
 .debug_rnglists
                0x000000000000013e       0x1a ./Core/Src/system_stm32f1xx.o
 .debug_rnglists
                0x0000000000000158       0x20 ./Core/Src/tim.o
 .debug_rnglists
                0x0000000000000178       0x19 ./Core/Startup/startup_stm32f103rbtx.o
 .debug_rnglists
                0x0000000000000191       0xa3 ./Drivers/STM32F1xx_HAL_Driver/Src/stm32f1xx_hal.o
 .debug_rnglists
                0x0000000000000234       0xee ./Drivers/STM32F1xx_HAL_Driver/Src/stm32f1xx_hal_can.o
 .debug_rnglists
                0x0000000000000322       0xbb ./Drivers/STM32F1xx_HAL_Driver/Src/stm32f1xx_hal_cortex.o
 .debug_rnglists
                0x00000000000003dd       0x3f ./Drivers/STM32F1xx_HAL_Driver/Src/stm32f1xx_hal_gpio.o
 .debug_rnglists
                0x000000000000041c       0x6c ./Drivers/STM32F1xx_HAL_Driver/Src/stm32f1xx_hal_rcc.o
 .debug_rnglists
                0x0000000000000488      0x31a ./Drivers/STM32F1xx_HAL_Driver/Src/stm32f1xx_hal_tim.o
 .debug_rnglists
                0x00000000000007a2      0x125 ./Drivers/STM32F1xx_HAL_Driver/Src/stm32f1xx_hal_tim_ex.o

.debug_macro    0x0000000000000000    0x17841
 .debug_macro   0x0000000000000000      0x1b8 ./Core/Src/LCD.o
 .debug_macro   0x00000000000001b8      0xa9c ./Core/Src/LCD.o
 .debug_macro   0x0000000000000c54      0x21b ./Core/Src/LCD.o
 .debug_macro   0x0000000000000e6f       0x2e ./Core/Src/LCD.o
 .debug_macro   0x0000000000000e9d       0x22 ./Core/Src/LCD.o
 .debug_macro   0x0000000000000ebf       0x22 ./Core/Src/LCD.o
 .debug_macro   0x0000000000000ee1       0x8e ./Core/Src/LCD.o
 .debug_macro   0x0000000000000f6f       0x51 ./Core/Src/LCD.o
 .debug_macro   0x0000000000000fc0      0x103 ./Core/Src/LCD.o
 .debug_macro   0x00000000000010c3       0x6a ./Core/Src/LCD.o
 .debug_macro   0x000000000000112d      0x1df ./Core/Src/LCD.o
 .debug_macro   0x000000000000130c       0x1c ./Core/Src/LCD.o
 .debug_macro   0x0000000000001328       0x22 ./Core/Src/LCD.o
 .debug_macro   0x000000000000134a       0xbd ./Core/Src/LCD.o
 .debug_macro   0x0000000000001407      0xd23 ./Core/Src/LCD.o
 .debug_macro   0x000000000000212a     0xe09e ./Core/Src/LCD.o
 .debug_macro   0x00000000000101c8       0x6d ./Core/Src/LCD.o
 .debug_macro   0x0000000000010235     0x348d ./Core/Src/LCD.o
 .debug_macro   0x00000000000136c2      0x174 ./Core/Src/LCD.o
 .debug_macro   0x0000000000013836       0x5c ./Core/Src/LCD.o
 .debug_macro   0x0000000000013892      0x5bc ./Core/Src/LCD.o
 .debug_macro   0x0000000000013e4e      0x289 ./Core/Src/LCD.o
 .debug_macro   0x00000000000140d7      0x1cb ./Core/Src/LCD.o
 .debug_macro   0x00000000000142a2      0x114 ./Core/Src/LCD.o
 .debug_macro   0x00000000000143b6      0x1b2 ./Core/Src/LCD.o
 .debug_macro   0x0000000000014568       0x27 ./Core/Src/LCD.o
 .debug_macro   0x000000000001458f      0x136 ./Core/Src/LCD.o
 .debug_macro   0x00000000000146c5      0x1bc ./Core/Src/LCD.o
 .debug_macro   0x0000000000014881       0x34 ./Core/Src/LCD.o
 .debug_macro   0x00000000000148b5       0x3c ./Core/Src/LCD.o
 .debug_macro   0x00000000000148f1      0x408 ./Core/Src/LCD.o
 .debug_macro   0x0000000000014cf9       0x57 ./Core/Src/LCD.o
 .debug_macro   0x0000000000014d50       0x87 ./Core/Src/LCD.o
 .debug_macro   0x0000000000014dd7      0x240 ./Core/Src/LCD.o
 .debug_macro   0x0000000000015017      0x140 ./Core/Src/LCD.o
 .debug_macro   0x0000000000015157      0x8ed ./Core/Src/LCD.o
 .debug_macro   0x0000000000015a44       0x83 ./Core/Src/LCD.o
 .debug_macro   0x0000000000015ac7      0x39d ./Core/Src/LCD.o
 .debug_macro   0x0000000000015e64      0x1bc ./Core/Src/can.o
 .debug_macro   0x0000000000016020      0x130 ./Core/Src/can.o
 .debug_macro   0x0000000000016150      0x1bc ./Core/Src/gpio.o
 .debug_macro   0x000000000001630c      0x249 ./Core/Src/main.o
 .debug_macro   0x0000000000016555      0x1b2 ./Core/Src/stm32f1xx_hal_msp.o
 .debug_macro   0x0000000000016707      0x1bc ./Core/Src/stm32f1xx_it.o
 .debug_macro   0x00000000000168c3      0x1a3 ./Core/Src/system_stm32f1xx.o
 .debug_macro   0x0000000000016a66      0x1bc ./Core/Src/tim.o
 .debug_macro   0x0000000000016c22      0x1c7 ./Drivers/STM32F1xx_HAL_Driver/Src/stm32f1xx_hal.o
 .debug_macro   0x0000000000016de9      0x1ab ./Drivers/STM32F1xx_HAL_Driver/Src/stm32f1xx_hal_can.o
 .debug_macro   0x0000000000016f94      0x1a3 ./Drivers/STM32F1xx_HAL_Driver/Src/stm32f1xx_hal_cortex.o
 .debug_macro   0x0000000000017137      0x20e ./Drivers/STM32F1xx_HAL_Driver/Src/stm32f1xx_hal_gpio.o
 .debug_macro   0x0000000000017345      0x1b5 ./Drivers/STM32F1xx_HAL_Driver/Src/stm32f1xx_hal_rcc.o
 .debug_macro   0x00000000000174fa      0x1a4 ./Drivers/STM32F1xx_HAL_Driver/Src/stm32f1xx_hal_tim.o
 .debug_macro   0x000000000001769e      0x1a3 ./Drivers/STM32F1xx_HAL_Driver/Src/stm32f1xx_hal_tim_ex.o

.debug_line     0x0000000000000000     0xce71
 .debug_line    0x0000000000000000      0xb8a ./Core/Src/LCD.o
 .debug_line    0x0000000000000b8a      0x7ee ./Core/Src/can.o
 .debug_line    0x0000000000001378      0x72c ./Core/Src/gpio.o
 .debug_line    0x0000000000001aa4      0x8ba ./Core/Src/main.o
 .debug_line    0x000000000000235e      0x70f ./Core/Src/stm32f1xx_hal_msp.o
 .debug_line    0x0000000000002a6d      0x7ea ./Core/Src/stm32f1xx_it.o
 .debug_line    0x0000000000003257      0x78e ./Core/Src/system_stm32f1xx.o
 .debug_line    0x00000000000039e5      0x77a ./Core/Src/tim.o
 .debug_line    0x000000000000415f       0x79 ./Core/Startup/startup_stm32f103rbtx.o
 .debug_line    0x00000000000041d8      0x9bb ./Drivers/STM32F1xx_HAL_Driver/Src/stm32f1xx_hal.o
 .debug_line    0x0000000000004b93     0x1162 ./Drivers/STM32F1xx_HAL_Driver/Src/stm32f1xx_hal_can.o
 .debug_line    0x0000000000005cf5      0xba3 ./Drivers/STM32F1xx_HAL_Driver/Src/stm32f1xx_hal_cortex.o
 .debug_line    0x0000000000006898      0xa54 ./Drivers/STM32F1xx_HAL_Driver/Src/stm32f1xx_hal_gpio.o
 .debug_line    0x00000000000072ec      0xdc4 ./Drivers/STM32F1xx_HAL_Driver/Src/stm32f1xx_hal_rcc.o
 .debug_line    0x00000000000080b0     0x34a7 ./Drivers/STM32F1xx_HAL_Driver/Src/stm32f1xx_hal_tim.o
 .debug_line    0x000000000000b557     0x191a ./Drivers/STM32F1xx_HAL_Driver/Src/stm32f1xx_hal_tim_ex.o

.debug_str      0x0000000000000000    0x87ece
 .debug_str     0x0000000000000000    0x84509 ./Core/Src/LCD.o
                                      0x8485f (size before relaxing)
 .debug_str     0x0000000000084509      0xb36 ./Core/Src/can.o
                                      0x8471f (size before relaxing)
 .debug_str     0x000000000008503f       0x68 ./Core/Src/gpio.o
                                      0x84005 (size before relaxing)
 .debug_str     0x00000000000850a7      0x96c ./Core/Src/main.o
                                      0x85954 (size before relaxing)
 .debug_str     0x0000000000085a13       0x2c ./Core/Src/stm32f1xx_hal_msp.o
                                      0x83f5f (size before relaxing)
 .debug_str     0x0000000000085a3f       0xdc ./Core/Src/stm32f1xx_it.o
                                      0x84283 (size before relaxing)
 .debug_str     0x0000000000085b1b       0x7e ./Core/Src/system_stm32f1xx.o
                                      0x83b82 (size before relaxing)
 .debug_str     0x0000000000085b99      0x13c ./Core/Src/tim.o
                                      0x84593 (size before relaxing)
 .debug_str     0x0000000000085cd5       0x34 ./Core/Startup/startup_stm32f103rbtx.o
                                         0xa1 (size before relaxing)
 .debug_str     0x0000000000085d09      0x384 ./Drivers/STM32F1xx_HAL_Driver/Src/stm32f1xx_hal.o
                                      0x842b5 (size before relaxing)
 .debug_str     0x000000000008608d      0x439 ./Drivers/STM32F1xx_HAL_Driver/Src/stm32f1xx_hal_can.o
                                      0x84382 (size before relaxing)
 .debug_str     0x00000000000864c6      0x262 ./Drivers/STM32F1xx_HAL_Driver/Src/stm32f1xx_hal_cortex.o
                                      0x84201 (size before relaxing)
 .debug_str     0x0000000000086728      0x2ce ./Drivers/STM32F1xx_HAL_Driver/Src/stm32f1xx_hal_gpio.o
                                      0x83f08 (size before relaxing)
 .debug_str     0x00000000000869f6      0x229 ./Drivers/STM32F1xx_HAL_Driver/Src/stm32f1xx_hal_rcc.o
                                      0x83fb1 (size before relaxing)
 .debug_str     0x0000000000086c1f      0xe1c ./Drivers/STM32F1xx_HAL_Driver/Src/stm32f1xx_hal_tim.o
                                      0x84fa3 (size before relaxing)
 .debug_str     0x0000000000087a3b      0x493 ./Drivers/STM32F1xx_HAL_Driver/Src/stm32f1xx_hal_tim_ex.o
                                      0x847bf (size before relaxing)

.debug_frame    0x0000000000000000     0x2edc
 .debug_frame   0x0000000000000000      0x26c ./Core/Src/LCD.o
 .debug_frame   0x000000000000026c       0x90 ./Core/Src/can.o
 .debug_frame   0x00000000000002fc       0x34 ./Core/Src/gpio.o
 .debug_frame   0x0000000000000330       0xb0 ./Core/Src/main.o
 .debug_frame   0x00000000000003e0       0x38 ./Core/Src/stm32f1xx_hal_msp.o
 .debug_frame   0x0000000000000418      0x120 ./Core/Src/stm32f1xx_it.o
 .debug_frame   0x0000000000000538       0x58 ./Core/Src/system_stm32f1xx.o
 .debug_frame   0x0000000000000590       0x84 ./Core/Src/tim.o
 .debug_frame   0x0000000000000614      0x334 ./Drivers/STM32F1xx_HAL_Driver/Src/stm32f1xx_hal.o
 .debug_frame   0x0000000000000948      0x5a0 ./Drivers/STM32F1xx_HAL_Driver/Src/stm32f1xx_hal_can.o
 .debug_frame   0x0000000000000ee8      0x428 ./Drivers/STM32F1xx_HAL_Driver/Src/stm32f1xx_hal_cortex.o
 .debug_frame   0x0000000000001310      0x14c ./Drivers/STM32F1xx_HAL_Driver/Src/stm32f1xx_hal_gpio.o
 .debug_frame   0x000000000000145c      0x218 ./Drivers/STM32F1xx_HAL_Driver/Src/stm32f1xx_hal_rcc.o
 .debug_frame   0x0000000000001674     0x11bc ./Drivers/STM32F1xx_HAL_Driver/Src/stm32f1xx_hal_tim.o
 .debug_frame   0x0000000000002830      0x638 ./Drivers/STM32F1xx_HAL_Driver/Src/stm32f1xx_hal_tim_ex.o
 .debug_frame   0x0000000000002e68       0x20 C:/Users/ADMIN/Desktop/Mridul/UBC Solar/STM 32/STM32CubeIDE_1.13.2/STM32CubeIDE/plugins/com.st.stm32cube.ide.mcu.externaltools.gnu-tools-for-stm32.11.3.rel1.win32_1.1.1.202309131626/tools/bin/../lib/gcc/arm-none-eabi/11.3.1/../../../../arm-none-eabi/lib/thumb/v7-m/nofp\libc_nano.a(libc_a-memset.o)
 .debug_frame   0x0000000000002e88       0x2c C:/Users/ADMIN/Desktop/Mridul/UBC Solar/STM 32/STM32CubeIDE_1.13.2/STM32CubeIDE/plugins/com.st.stm32cube.ide.mcu.externaltools.gnu-tools-for-stm32.11.3.rel1.win32_1.1.1.202309131626/tools/bin/../lib/gcc/arm-none-eabi/11.3.1/../../../../arm-none-eabi/lib/thumb/v7-m/nofp\libc_nano.a(libc_a-init.o)
 .debug_frame   0x0000000000002eb4       0x28 C:/Users/ADMIN/Desktop/Mridul/UBC Solar/STM 32/STM32CubeIDE_1.13.2/STM32CubeIDE/plugins/com.st.stm32cube.ide.mcu.externaltools.gnu-tools-for-stm32.11.3.rel1.win32_1.1.1.202309131626/tools/bin/../lib/gcc/arm-none-eabi/11.3.1/../../../../arm-none-eabi/lib/thumb/v7-m/nofp\libc_nano.a(libc_a-memcpy-stub.o)

.debug_line_str
                0x0000000000000000       0x95
 .debug_line_str
                0x0000000000000000       0x95 ./Core/Startup/startup_stm32f103rbtx.o
                                         0xad (size before relaxing)
