../Drivers/CMSIS/Include/core_cm3.h:1547:22:__NVIC_DisableIRQ	0	static,ignoring_inline_asm
../Drivers/CMSIS/Include/core_cm3.h:1639:22:__NVIC_SetPriority	0	static
../Drivers/CMSIS/Include/core_cm3.h:1661:26:__NVIC_GetPriority	0	static
../Drivers/CMSIS/Include/core_cm3.h:1686:26:NVIC_EncodePriority	4	static
../Drivers/CMSIS/Include/core_cm3.h:1713:22:NVIC_DecodePriority	8	static
../Drivers/CMSIS/Include/core_cm3.h:1762:34:__NVIC_SystemReset	0	static,ignoring_inline_asm
../Drivers/STM32F1xx_HAL_Driver/Src/stm32f1xx_hal_cortex.c:142:6:HAL_NVIC_SetPriorityGrouping	0	static
../Drivers/STM32F1xx_HAL_Driver/Src/stm32f1xx_hal_cortex.c:164:6:HAL_NVIC_SetPriority	8	static
../Drivers/STM32F1xx_HAL_Driver/Src/stm32f1xx_hal_cortex.c:186:6:HAL_NVIC_EnableIRQ	0	static
../Drivers/STM32F1xx_HAL_Driver/Src/stm32f1xx_hal_cortex.c:202:6:HAL_NVIC_DisableIRQ	8	static
../Drivers/STM32F1xx_HAL_Driver/Src/stm32f1xx_hal_cortex.c:215:6:HAL_NVIC_SystemReset	8	static
../Drivers/STM32F1xx_HAL_Driver/Src/stm32f1xx_hal_cortex.c:228:10:HAL_SYSTICK_Config	0	static
../Drivers/STM32F1xx_HAL_Driver/Src/stm32f1xx_hal_cortex.c:343:10:HAL_NVIC_GetPriorityGrouping	0	static
../Drivers/STM32F1xx_HAL_Driver/Src/stm32f1xx_hal_cortex.c:370:6:HAL_NVIC_GetPriority	16	static
../Drivers/STM32F1xx_HAL_Driver/Src/stm32f1xx_hal_cortex.c:385:6:HAL_NVIC_SetPendingIRQ	0	static
../Drivers/STM32F1xx_HAL_Driver/Src/stm32f1xx_hal_cortex.c:403:10:HAL_NVIC_GetPendingIRQ	0	static
../Drivers/STM32F1xx_HAL_Driver/Src/stm32f1xx_hal_cortex.c:419:6:HAL_NVIC_ClearPendingIRQ	0	static
../Drivers/STM32F1xx_HAL_Driver/Src/stm32f1xx_hal_cortex.c:436:10:HAL_NVIC_GetActive	0	static
../Drivers/STM32F1xx_HAL_Driver/Src/stm32f1xx_hal_cortex.c:453:6:HAL_SYSTICK_CLKSourceConfig	0	static
../Drivers/STM32F1xx_HAL_Driver/Src/stm32f1xx_hal_cortex.c:480:13:HAL_SYSTICK_Callback	0	static
../Drivers/STM32F1xx_HAL_Driver/Src/stm32f1xx_hal_cortex.c:471:6:HAL_SYSTICK_IRQHandler	8	static
