../Drivers/STM32F1xx_HAL_Driver/Src/stm32f1xx_hal_adc.c:777:13:HAL_ADC_MspInit	0	static
../Drivers/STM32F1xx_HAL_Driver/Src/stm32f1xx_hal_adc.c:791:13:HAL_ADC_MspDeInit	0	static
../Drivers/STM32F1xx_HAL_Driver/Src/stm32f1xx_hal_adc.c:1193:19:HAL_ADC_PollForConversion	32	static
../Drivers/STM32F1xx_HAL_Driver/Src/stm32f1xx_hal_adc.c:1332:19:HAL_ADC_PollForEvent	24	static
../Drivers/STM32F1xx_HAL_Driver/Src/stm32f1xx_hal_adc.c:1762:10:HAL_ADC_GetValue	0	static
../Drivers/STM32F1xx_HAL_Driver/Src/stm32f1xx_hal_adc.c:1909:13:HAL_ADC_ConvCpltCallback	0	static
../Drivers/STM32F1xx_HAL_Driver/Src/stm32f1xx_hal_adc.c:2333:6:ADC_DMAConvCplt	8	static
../Drivers/STM32F1xx_HAL_Driver/Src/stm32f1xx_hal_adc.c:1923:13:HAL_ADC_ConvHalfCpltCallback	0	static
../Drivers/STM32F1xx_HAL_Driver/Src/stm32f1xx_hal_adc.c:2380:6:ADC_DMAHalfConvCplt	8	static
../Drivers/STM32F1xx_HAL_Driver/Src/stm32f1xx_hal_adc.c:1937:13:HAL_ADC_LevelOutOfWindowCallback	0	static
../Drivers/STM32F1xx_HAL_Driver/Src/stm32f1xx_hal_adc.c:1779:6:HAL_ADC_IRQHandler	16	static
../Drivers/STM32F1xx_HAL_Driver/Src/stm32f1xx_hal_adc.c:1952:13:HAL_ADC_ErrorCallback	0	static
../Drivers/STM32F1xx_HAL_Driver/Src/stm32f1xx_hal_adc.c:2398:6:ADC_DMAError	8	static
../Drivers/STM32F1xx_HAL_Driver/Src/stm32f1xx_hal_adc.c:2000:19:HAL_ADC_ConfigChannel	16	static
../Drivers/STM32F1xx_HAL_Driver/Src/stm32f1xx_hal_adc.c:2110:19:HAL_ADC_AnalogWDGConfig	8	static
../Drivers/STM32F1xx_HAL_Driver/Src/stm32f1xx_hal_adc.c:2197:10:HAL_ADC_GetState	0	static
../Drivers/STM32F1xx_HAL_Driver/Src/stm32f1xx_hal_adc.c:2208:10:HAL_ADC_GetError	0	static
../Drivers/STM32F1xx_HAL_Driver/Src/stm32f1xx_hal_adc.c:2232:19:ADC_Enable	24	static
../Drivers/STM32F1xx_HAL_Driver/Src/stm32f1xx_hal_adc.c:1036:19:HAL_ADC_Start	8	static
../Drivers/STM32F1xx_HAL_Driver/Src/stm32f1xx_hal_adc.c:1385:19:HAL_ADC_Start_IT	8	static
../Drivers/STM32F1xx_HAL_Driver/Src/stm32f1xx_hal_adc.c:1553:19:HAL_ADC_Start_DMA	24	static
../Drivers/STM32F1xx_HAL_Driver/Src/stm32f1xx_hal_adc.c:2291:19:ADC_ConversionStop_Disable	16	static
../Drivers/STM32F1xx_HAL_Driver/Src/stm32f1xx_hal_adc.c:411:19:HAL_ADC_Init	16	static
../Drivers/STM32F1xx_HAL_Driver/Src/stm32f1xx_hal_adc.c:629:19:HAL_ADC_DeInit	16	static
../Drivers/STM32F1xx_HAL_Driver/Src/stm32f1xx_hal_adc.c:1149:19:HAL_ADC_Stop	8	static
../Drivers/STM32F1xx_HAL_Driver/Src/stm32f1xx_hal_adc.c:1496:19:HAL_ADC_Stop_IT	8	static
../Drivers/STM32F1xx_HAL_Driver/Src/stm32f1xx_hal_adc.c:1694:19:HAL_ADC_Stop_DMA	8	static
