../Core/Src/main.c:98:1:__io_putchar	16	static
../Core/Src/main.c:114:5:main	16	static
../Core/Src/main.c:210:6:SystemClock_Config	88	static
../Core/Src/main.c:256:13:MX_ADC1_Init	24	static
../Core/Src/main.c:366:13:MX_CAN_Init	8	static
../Core/Src/main.c:403:13:MX_USART2_UART_Init	8	static
../Core/Src/main.c:434:13:MX_DMA_Init	16	static
../Core/Src/main.c:452:13:MX_GPIO_Init	40	static
../Core/Src/main.c:489:6:HAL_ADC_ConvCpltCallback	16	static
../Core/Src/main.c:508:6:getSensorData	16	static
../Core/Src/main.c:536:6:validateData	16	static
../Core/Src/main.c:557:6:HAL_TIM_PeriodElapsedCallback	16	static
../Core/Src/main.c:574:6:Error_Handler	4	static,ignoring_inline_asm
