../Core/Src/stm32f1xx_it.c:72:6:NMI_Handler	4	static
../Core/Src/stm32f1xx_it.c:87:6:HardFault_Handler	4	static
../Core/Src/stm32f1xx_it.c:102:6:MemManage_Handler	4	static
../Core/Src/stm32f1xx_it.c:117:6:BusFault_Handler	4	static
../Core/Src/stm32f1xx_it.c:132:6:UsageFault_Handler	4	static
../Core/Src/stm32f1xx_it.c:147:6:DebugMon_Handler	4	static
../Core/Src/stm32f1xx_it.c:167:6:DMA1_Channel1_IRQHandler	8	static
../Core/Src/stm32f1xx_it.c:181:6:USB_LP_CAN1_RX0_IRQHandler	8	static
../Core/Src/stm32f1xx_it.c:195:6:TIM4_IRQHandler	8	static
../Core/Src/stm32f1xx_it.c:209:6:EXTI15_10_IRQHandler	8	static
