../Core/Src/main.c:78:1:__io_putchar	16	static
../Core/Src/main.c:94:6:readNMEA	24	static
../Core/Src/main.c:98:6:getGPSTime	88	static
../Core/Src/main.c:118:5:timeStringToSeconds	40	static
../Core/Src/main.c:125:6:correctRTC	40	static
../Core/Src/main.c:148:5:main	288	static
../Core/Src/main.c:221:6:SystemClock_Config	88	static
../Core/Src/main.c:269:13:MX_I2C1_Init	8	static
../Core/Src/main.c:303:13:MX_RTC_Init	16	static
../Core/Src/main.c:361:13:MX_USART1_UART_Init	8	static
../Core/Src/main.c:394:13:MX_GPIO_Init	24	static
../Core/Src/main.c:417:6:Error_Handler	4	static,ignoring_inline_asm
