../Middlewares/Third_Party/FreeRTOS/Source/event_groups.c:656:19:prvTestWaitCondition	0	static
../Middlewares/Third_Party/FreeRTOS/Source/event_groups.c:93:21:xEventGroupCreateStatic	16	static,ignoring_inline_asm
../Middlewares/Third_Party/FreeRTOS/Source/event_groups.c:142:21:xEventGroupCreate	16	static
../Middlewares/Third_Party/FreeRTOS/Source/event_groups.c:296:13:xEventGroupWaitBits	24	static,ignoring_inline_asm
../Middlewares/Third_Party/FreeRTOS/Source/event_groups.c:446:13:xEventGroupClearBits	16	static,ignoring_inline_asm
../Middlewares/Third_Party/FreeRTOS/Source/event_groups.c:650:6:vEventGroupClearBitsCallback	8	static
../Middlewares/Third_Party/FreeRTOS/Source/event_groups.c:475:13:xEventGroupClearBitsFromISR	8	static
../Middlewares/Third_Party/FreeRTOS/Source/event_groups.c:488:13:xEventGroupGetBitsFromISR	0	static,ignoring_inline_asm
../Middlewares/Third_Party/FreeRTOS/Source/event_groups.c:504:13:xEventGroupSetBits	24	static,ignoring_inline_asm
../Middlewares/Third_Party/FreeRTOS/Source/event_groups.c:176:13:xEventGroupSync	24	static,ignoring_inline_asm
../Middlewares/Third_Party/FreeRTOS/Source/event_groups.c:642:6:vEventGroupSetBitsCallback	8	static
../Middlewares/Third_Party/FreeRTOS/Source/event_groups.c:598:6:vEventGroupDelete	8	static,ignoring_inline_asm
../Middlewares/Third_Party/FreeRTOS/Source/event_groups.c:693:13:xEventGroupSetBitsFromISR	8	static
../Middlewares/Third_Party/FreeRTOS/Source/event_groups.c:708:14:uxEventGroupGetNumber	0	static
../Middlewares/Third_Party/FreeRTOS/Source/event_groups.c:730:7:vEventGroupSetNumber	0	static
