15:42:15 **** Incremental Build of configuration Debug for project CAN_LoopBack_Polling ****
make -j8 all 
arm-none-eabi-gcc "../Core/Src/main.c" -mcpu=cortex-m3 -std=gnu11 -g3 -DSTM32F103xE -DUSE_HAL_DRIVER -DDEBUG -c -I../Core/Inc -I../Drivers/STM32F1xx_HAL_Driver/Inc -I../Drivers/STM32F1xx_HAL_Driver/Inc/Legacy -I../Drivers/CMSIS/Device/ST/STM32F1xx/Include -I../Drivers/CMSIS/Include -O0 -ffunction-sections -fdata-sections -Wall -fstack-usage -MMD -MP -MF"Core/Src/main.d" -MT"Core/Src/main.o" --specs=nano.specs -mfloat-abi=soft -mthumb -o "Core/Src/main.o"
arm-none-eabi-gcc -o "CAN_LoopBack_Polling.elf" @"objects.list"   -mcpu=cortex-m3 -T"C:\Users\benja\Documents\Solar_Firmware_v3-github\components\mdi\CAN_LoopBack_Polling\STM32F103RCTX_FLASH.ld" --specs=nosys.specs -Wl,-Map="CAN_LoopBack_Polling.map" -Wl,--gc-sections -static --specs=nano.specs -mfloat-abi=soft -mthumb -Wl,--start-group -lc -lm -Wl,--end-group
Finished building target: CAN_LoopBack_Polling.elf
 
arm-none-eabi-objdump -h -S  CAN_LoopBack_Polling.elf  > "CAN_LoopBack_Polling.list"
arm-none-eabi-objcopy  -O binary  CAN_LoopBack_Polling.elf  "CAN_LoopBack_Polling.bin"
arm-none-eabi-size   CAN_LoopBack_Polling.elf 
   text	   data	    bss	    dec	    hex	filename
   7580	     20	   1700	   9300	   2454	CAN_LoopBack_Polling.elf
Finished building: default.size.stdout
 
Finished building: CAN_LoopBack_Polling.bin
 
Finished building: CAN_LoopBack_Polling.list
 

15:42:16 Build Finished. 0 errors, 0 warnings. (took 742ms)

