15:27:15 **** Incremental Build of configuration Debug for project MDI_CAN_Interface_NICLEO ****
make -j8 all 
arm-none-eabi-gcc "../Core/Src/main.c" -mcpu=cortex-m3 -std=gnu11 -g3 -DSTM32F103xE -DUSE_HAL_DRIVER -DDEBUG -c -I../Core/Inc -I../Drivers/STM32F1xx_HAL_Driver/Inc -I../Drivers/STM32F1xx_HAL_Driver/Inc/Legacy -I../Drivers/CMSIS/Device/ST/STM32F1xx/Include -I../Drivers/CMSIS/Include -O0 -ffunction-sections -fdata-sections -Wall -fstack-usage -MMD -MP -MF"Core/Src/main.d" -MT"Core/Src/main.o" --specs=nano.specs -mfloat-abi=soft -mthumb -o "Core/Src/main.o"
arm-none-eabi-gcc -o "MDI_CAN_Interface_NICLEO.elf" @"objects.list"   -mcpu=cortex-m3 -T"C:\Users\benja\Documents\Solar_Firmware_v3-github\components\mdi\MDI_CAN_Interface_NICLEO\STM32F103RCTX_FLASH.ld" --specs=nosys.specs -Wl,-Map="MDI_CAN_Interface_NICLEO.map" -Wl,--gc-sections -static --specs=nano.specs -mfloat-abi=soft -mthumb -Wl,--start-group -lc -lm -Wl,--end-group
Finished building target: MDI_CAN_Interface_NICLEO.elf
 
arm-none-eabi-objdump -h -S  MDI_CAN_Interface_NICLEO.elf  > "MDI_CAN_Interface_NICLEO.list"
arm-none-eabi-objcopy  -O binary  MDI_CAN_Interface_NICLEO.elf  "MDI_CAN_Interface_NICLEO.bin"
arm-none-eabi-size   MDI_CAN_Interface_NICLEO.elf 
   text	   data	    bss	    dec	    hex	filename
  20644	     20	   3880	  24544	   5fe0	MDI_CAN_Interface_NICLEO.elf
Finished building: default.size.stdout
 
Finished building: MDI_CAN_Interface_NICLEO.bin
 
Finished building: MDI_CAN_Interface_NICLEO.list
 

15:27:16 Build Finished. 0 errors, 0 warnings. (took 964ms)

