16:15:33 **** Incremental Build of configuration Debug for project TestingCAN_Loopback ****
make -j8 all 
arm-none-eabi-gcc "../Core/Src/main.c" -mcpu=cortex-m3 -std=gnu11 -g3 -DSTM32F103xE -DUSE_HAL_DRIVER -DDEBUG -c -I../Core/Inc -I../Drivers/STM32F1xx_HAL_Driver/Inc -I../Drivers/STM32F1xx_HAL_Driver/Inc/Legacy -I../Drivers/CMSIS/Device/ST/STM32F1xx/Include -I../Drivers/CMSIS/Include -O0 -ffunction-sections -fdata-sections -Wall -fstack-usage -MMD -MP -MF"Core/Src/main.d" -MT"Core/Src/main.o" --specs=nano.specs -mfloat-abi=soft -mthumb -o "Core/Src/main.o"
arm-none-eabi-gcc -o "TestingCAN_Loopback.elf" @"objects.list"   -mcpu=cortex-m3 -T"C:\Users\benja\Documents\Solar_Firmware_v3-github\components\mdi\TestingCAN_Loopback\STM32F103RCTX_FLASH.ld" --specs=nosys.specs -Wl,-Map="TestingCAN_Loopback.map" -Wl,--gc-sections -static --specs=nano.specs -mfloat-abi=soft -mthumb -Wl,--start-group -lc -lm -Wl,--end-group
Finished building target: TestingCAN_Loopback.elf
 
arm-none-eabi-objdump -h -S  TestingCAN_Loopback.elf  > "TestingCAN_Loopback.list"
arm-none-eabi-objcopy  -O binary  TestingCAN_Loopback.elf  "TestingCAN_Loopback.bin"
arm-none-eabi-size   TestingCAN_Loopback.elf 
   text	   data	    bss	    dec	    hex	filename
   8500	     24	   1688	  10212	   27e4	TestingCAN_Loopback.elf
Finished building: default.size.stdout
 
Finished building: TestingCAN_Loopback.bin
 
Finished building: TestingCAN_Loopback.list
 

16:15:34 Build Finished. 0 errors, 0 warnings. (took 722ms)

