../Core/Src/mcb.c:79:6:send_mcb_diagnostics	16	static
../Core/Src/mcb.c:120:6:send_mcb_githash	16	static
../Core/Src/mcb.c:145:6:TransitionDRIVEstate	16	static
../Core/Src/mcb.c:164:6:TransitionREVERSEstate	16	static
../Core/Src/mcb.c:177:6:TransitionPARKstate	16	static
../Core/Src/mcb.c:190:6:TransitionCRUISEstate	16	static
../Core/Src/mcb.c:223:6:ParseCANVelocity	16	static
../Core/Src/mcb.c:244:14:GetMotorCommand	0	static
../Core/Src/mcb.c:128:14:DoStateDRIVE	24	static
../Core/Src/mcb.c:154:14:DoStateREVERSE	24	static
../Core/Src/mcb.c:172:14:DoStatePARK	8	static
../Core/Src/mcb.c:186:14:DoStateCRUISE	8	static
../Core/Src/mcb.c:283:6:SendCANMotorCommand	32	static
../Core/Src/mcb.c:308:7:normalize_adc_value	8	static
../Core/Src/mcb.c:330:6:SendCANDIDNextPage	16	static
../Core/Src/mcb.c:340:6:SendCANDIDDriveState	16	static
../Core/Src/mcb.c:347:6:GetSwitchState	8	static
../Core/Src/mcb.c:199:6:UpdateInputFlags	16	static
../Core/Src/mcb.c:32:6:drive_state_machine_handler	24	static
../Core/Src/mcb.c:370:6:isBitSet	0	static
../Core/Src/mcb.c:375:6:isBitSetFromArray	8	static
../Core/Src/mcb.c:236:6:ParseCANBatteryStatus	8	static
../Core/Src/mcb.c:255:6:TaskGetCANMessage	48	static
