Archive member included to satisfy reference by file (symbol)

C:/ST/STM32CubeIDE_1.13.2/STM32CubeIDE/plugins/com.st.stm32cube.ide.mcu.externaltools.gnu-tools-for-stm32.11.3.rel1.win32_1.1.1.202309131626/tools/bin/../lib/gcc/arm-none-eabi/11.3.1/../../../../arm-none-eabi/lib/thumb/v7-m/nofp\libc_nano.a(libc_a-exit.o)
                              C:/ST/STM32CubeIDE_1.13.2/STM32CubeIDE/plugins/com.st.stm32cube.ide.mcu.externaltools.gnu-tools-for-stm32.11.3.rel1.win32_1.1.1.202309131626/tools/bin/../lib/gcc/arm-none-eabi/11.3.1/../../../../arm-none-eabi/lib/thumb/v7-m/nofp/crt0.o (exit)
C:/ST/STM32CubeIDE_1.13.2/STM32CubeIDE/plugins/com.st.stm32cube.ide.mcu.externaltools.gnu-tools-for-stm32.11.3.rel1.win32_1.1.1.202309131626/tools/bin/../lib/gcc/arm-none-eabi/11.3.1/../../../../arm-none-eabi/lib/thumb/v7-m/nofp\libc_nano.a(libc_a-malloc.o)
                              ./Middlewares/Third_Party/FatFs/src/option/syscall.o (malloc)
C:/ST/STM32CubeIDE_1.13.2/STM32CubeIDE/plugins/com.st.stm32cube.ide.mcu.externaltools.gnu-tools-for-stm32.11.3.rel1.win32_1.1.1.202309131626/tools/bin/../lib/gcc/arm-none-eabi/11.3.1/../../../../arm-none-eabi/lib/thumb/v7-m/nofp\libc_nano.a(libc_a-mallocr.o)
                              C:/ST/STM32CubeIDE_1.13.2/STM32CubeIDE/plugins/com.st.stm32cube.ide.mcu.externaltools.gnu-tools-for-stm32.11.3.rel1.win32_1.1.1.202309131626/tools/bin/../lib/gcc/arm-none-eabi/11.3.1/../../../../arm-none-eabi/lib/thumb/v7-m/nofp\libc_nano.a(libc_a-malloc.o) (_malloc_r)
C:/ST/STM32CubeIDE_1.13.2/STM32CubeIDE/plugins/com.st.stm32cube.ide.mcu.externaltools.gnu-tools-for-stm32.11.3.rel1.win32_1.1.1.202309131626/tools/bin/../lib/gcc/arm-none-eabi/11.3.1/../../../../arm-none-eabi/lib/thumb/v7-m/nofp\libc_nano.a(libc_a-mlock.o)
                              C:/ST/STM32CubeIDE_1.13.2/STM32CubeIDE/plugins/com.st.stm32cube.ide.mcu.externaltools.gnu-tools-for-stm32.11.3.rel1.win32_1.1.1.202309131626/tools/bin/../lib/gcc/arm-none-eabi/11.3.1/../../../../arm-none-eabi/lib/thumb/v7-m/nofp\libc_nano.a(libc_a-mallocr.o) (__malloc_lock)
C:/ST/STM32CubeIDE_1.13.2/STM32CubeIDE/plugins/com.st.stm32cube.ide.mcu.externaltools.gnu-tools-for-stm32.11.3.rel1.win32_1.1.1.202309131626/tools/bin/../lib/gcc/arm-none-eabi/11.3.1/../../../../arm-none-eabi/lib/thumb/v7-m/nofp\libc_nano.a(libc_a-findfp.o)
                              C:/ST/STM32CubeIDE_1.13.2/STM32CubeIDE/plugins/com.st.stm32cube.ide.mcu.externaltools.gnu-tools-for-stm32.11.3.rel1.win32_1.1.1.202309131626/tools/bin/../lib/gcc/arm-none-eabi/11.3.1/../../../../arm-none-eabi/lib/thumb/v7-m/nofp\libc_nano.a(libc_a-exit.o) (__stdio_exit_handler)
C:/ST/STM32CubeIDE_1.13.2/STM32CubeIDE/plugins/com.st.stm32cube.ide.mcu.externaltools.gnu-tools-for-stm32.11.3.rel1.win32_1.1.1.202309131626/tools/bin/../lib/gcc/arm-none-eabi/11.3.1/../../../../arm-none-eabi/lib/thumb/v7-m/nofp\libc_nano.a(libc_a-fwalk.o)
                              C:/ST/STM32CubeIDE_1.13.2/STM32CubeIDE/plugins/com.st.stm32cube.ide.mcu.externaltools.gnu-tools-for-stm32.11.3.rel1.win32_1.1.1.202309131626/tools/bin/../lib/gcc/arm-none-eabi/11.3.1/../../../../arm-none-eabi/lib/thumb/v7-m/nofp\libc_nano.a(libc_a-findfp.o) (_fwalk_sglue)
C:/ST/STM32CubeIDE_1.13.2/STM32CubeIDE/plugins/com.st.stm32cube.ide.mcu.externaltools.gnu-tools-for-stm32.11.3.rel1.win32_1.1.1.202309131626/tools/bin/../lib/gcc/arm-none-eabi/11.3.1/../../../../arm-none-eabi/lib/thumb/v7-m/nofp\libc_nano.a(libc_a-sprintf.o)
                              ./Core/Src/main.o (sprintf)
C:/ST/STM32CubeIDE_1.13.2/STM32CubeIDE/plugins/com.st.stm32cube.ide.mcu.externaltools.gnu-tools-for-stm32.11.3.rel1.win32_1.1.1.202309131626/tools/bin/../lib/gcc/arm-none-eabi/11.3.1/../../../../arm-none-eabi/lib/thumb/v7-m/nofp\libc_nano.a(libc_a-stdio.o)
                              C:/ST/STM32CubeIDE_1.13.2/STM32CubeIDE/plugins/com.st.stm32cube.ide.mcu.externaltools.gnu-tools-for-stm32.11.3.rel1.win32_1.1.1.202309131626/tools/bin/../lib/gcc/arm-none-eabi/11.3.1/../../../../arm-none-eabi/lib/thumb/v7-m/nofp\libc_nano.a(libc_a-findfp.o) (__sread)
C:/ST/STM32CubeIDE_1.13.2/STM32CubeIDE/plugins/com.st.stm32cube.ide.mcu.externaltools.gnu-tools-for-stm32.11.3.rel1.win32_1.1.1.202309131626/tools/bin/../lib/gcc/arm-none-eabi/11.3.1/../../../../arm-none-eabi/lib/thumb/v7-m/nofp\libc_nano.a(libc_a-memset.o)
                              C:/ST/STM32CubeIDE_1.13.2/STM32CubeIDE/plugins/com.st.stm32cube.ide.mcu.externaltools.gnu-tools-for-stm32.11.3.rel1.win32_1.1.1.202309131626/tools/bin/../lib/gcc/arm-none-eabi/11.3.1/../../../../arm-none-eabi/lib/thumb/v7-m/nofp/crt0.o (memset)
C:/ST/STM32CubeIDE_1.13.2/STM32CubeIDE/plugins/com.st.stm32cube.ide.mcu.externaltools.gnu-tools-for-stm32.11.3.rel1.win32_1.1.1.202309131626/tools/bin/../lib/gcc/arm-none-eabi/11.3.1/../../../../arm-none-eabi/lib/thumb/v7-m/nofp\libc_nano.a(libc_a-closer.o)
[...]
Memory Configuration

Name             Origin             Length             Attributes
RAM              0x0000000020000000 0x0000000000005000 xrw
FLASH            0x0000000008000000 0x0000000000020000 xr
*default*        0x0000000000000000 0xffffffffffffffff

Linker script and memory map

LOAD C:/ST/STM32CubeIDE_1.13.2/STM32CubeIDE/plugins/com.st.stm32cube.ide.mcu.externaltools.gnu-tools-for-stm32.11.3.rel1.win32_1.1.1.202309131626/tools/bin/../lib/gcc/arm-none-eabi/11.3.1/thumb/v7-m/nofp/crti.o
LOAD C:/ST/STM32CubeIDE_1.13.2/STM32CubeIDE/plugins/com.st.stm32cube.ide.mcu.externaltools.gnu-tools-for-stm32.11.3.rel1.win32_1.1.1.202309131626/tools/bin/../lib/gcc/arm-none-eabi/11.3.1/thumb/v7-m/nofp/crtbegin.o
LOAD C:/ST/STM32CubeIDE_1.13.2/STM32CubeIDE/plugins/com.st.stm32cube.ide.mcu.externaltools.gnu-tools-for-stm32.11.3.rel1.win32_1.1.1.202309131626/tools/bin/../lib/gcc/arm-none-eabi/11.3.1/../../../../arm-none-eabi/lib/thumb/v7-m/nofp/crt0.o
LOAD ./Core/Src/fatfs_sd.o
LOAD ./Core/Src/main.o
LOAD ./Core/Src/stm32f1xx_hal_msp.o
LOAD ./Core/Src/stm32f1xx_it.o
LOAD ./Core/Src/syscalls.o
LOAD ./Core/Src/sysmem.o
LOAD ./Core/Src/system_stm32f1xx.o
LOAD ./Core/Startup/startup_stm32f103rbtx.o
LOAD ./Drivers/STM32F1xx_HAL_Driver/Src/stm32f1xx_hal.o
LOAD ./Drivers/STM32F1xx_HAL_Driver/Src/stm32f1xx_hal_can.o
LOAD ./Drivers/STM32F1xx_HAL_Driver/Src/stm32f1xx_hal_cortex.o
LOAD ./Drivers/STM32F1xx_HAL_Driver/Src/stm32f1xx_hal_dma.o
LOAD ./Drivers/STM32F1xx_HAL_Driver/Src/stm32f1xx_hal_exti.o
LOAD ./Drivers/STM32F1xx_HAL_Driver/Src/stm32f1xx_hal_flash.o
LOAD ./Drivers/STM32F1xx_HAL_Driver/Src/stm32f1xx_hal_flash_ex.o
LOAD ./Drivers/STM32F1xx_HAL_Driver/Src/stm32f1xx_hal_gpio.o
LOAD ./Drivers/STM32F1xx_HAL_Driver/Src/stm32f1xx_hal_gpio_ex.o
LOAD ./Drivers/STM32F1xx_HAL_Driver/Src/stm32f1xx_hal_pwr.o
LOAD ./Drivers/STM32F1xx_HAL_Driver/Src/stm32f1xx_hal_rcc.o
LOAD ./Drivers/STM32F1xx_HAL_Driver/Src/stm32f1xx_hal_rcc_ex.o
LOAD ./Drivers/STM32F1xx_HAL_Driver/Src/stm32f1xx_hal_spi.o
LOAD ./Drivers/STM32F1xx_HAL_Driver/Src/stm32f1xx_hal_tim.o
LOAD ./Drivers/STM32F1xx_HAL_Driver/Src/stm32f1xx_hal_tim_ex.o
LOAD ./Drivers/STM32F1xx_HAL_Driver/Src/stm32f1xx_hal_uart.o
LOAD ./FATFS/App/fatfs.o
LOAD ./FATFS/Target/user_diskio.o
LOAD ./Middlewares/Third_Party/FatFs/src/diskio.o
LOAD ./Middlewares/Third_Party/FatFs/src/ff.o
LOAD ./Middlewares/Third_Party/FatFs/src/ff_gen_drv.o
LOAD ./Middlewares/Third_Party/FatFs/src/option/ccsbcs.o
LOAD ./Middlewares/Third_Party/FatFs/src/option/syscall.o
LOAD ./sdLibSrc/sdcard.o
START GROUP
LOAD C:/ST/STM32CubeIDE_1.13.2/STM32CubeIDE/plugins/com.st.stm32cube.ide.mcu.externaltools.gnu-tools-for-stm32.11.3.rel1.win32_1.1.1.202309131626/tools/bin/../lib/gcc/arm-none-eabi/11.3.1/../../../../arm-none-eabi/lib/thumb/v7-m/nofp\libc_nano.a
LOAD C:/ST/STM32CubeIDE_1.13.2/STM32CubeIDE/plugins/com.st.stm32cube.ide.mcu.externaltools.gnu-tools-for-stm32.11.3.rel1.win32_1.1.1.202309131626/tools/bin/../lib/gcc/arm-none-eabi/11.3.1/../../../../arm-none-eabi/lib/thumb/v7-m/nofp\libm.a
END GROUP
START GROUP
LOAD C:/ST/STM32CubeIDE_1.13.2/STM32CubeIDE/plugins/com.st.stm32cube.ide.mcu.externaltools.gnu-tools-for-stm32.11.3.rel1.win32_1.1.1.202309131626/tools/bin/../lib/gcc/arm-none-eabi/11.3.1/thumb/v7-m/nofp\libgcc.a
LOAD C:/ST/STM32CubeIDE_1.13.2/STM32CubeIDE/plugins/com.st.stm32cube.ide.mcu.externaltools.gnu-tools-for-stm32.11.3.rel1.win32_1.1.1.202309131626/tools/bin/../lib/gcc/arm-none-eabi/11.3.1/../../../../arm-none-eabi/lib/thumb/v7-m/nofp\libc_nano.a
END GROUP
START GROUP
LOAD C:/ST/STM32CubeIDE_1.13.2/STM32CubeIDE/plugins/com.st.stm32cube.ide.mcu.externaltools.gnu-tools-for-stm32.11.3.rel1.win32_1.1.1.202309131626/tools/bin/../lib/gcc/arm-none-eabi/11.3.1/thumb/v7-m/nofp\libgcc.a
LOAD C:/ST/STM32CubeIDE_1.13.2/STM32CubeIDE/plugins/com.st.stm32cube.ide.mcu.externaltools.gnu-tools-for-stm32.11.3.rel1.win32_1.1.1.202309131626/tools/bin/../lib/gcc/arm-none-eabi/11.3.1/../../../../arm-none-eabi/lib/thumb/v7-m/nofp\libc_nano.a
LOAD C:/ST/STM32CubeIDE_1.13.2/STM32CubeIDE/plugins/com.st.stm32cube.ide.mcu.externaltools.gnu-tools-for-stm32.11.3.rel1.win32_1.1.1.202309131626/tools/bin/../lib/gcc/arm-none-eabi/11.3.1/../../../../arm-none-eabi/lib/thumb/v7-m/nofp\libnosys.a
END GROUP
START GROUP
LOAD C:/ST/STM32CubeIDE_1.13.2/STM32CubeIDE/plugins/com.st.stm32cube.ide.mcu.externaltools.gnu-tools-for-stm32.11.3.rel1.win32_1.1.1.202309131626/tools/bin/../lib/gcc/arm-none-eabi/11.3.1/thumb/v7-m/nofp\libgcc.a
LOAD C:/ST/STM32CubeIDE_1.13.2/STM32CubeIDE/plugins/com.st.stm32cube.ide.mcu.externaltools.gnu-tools-for-stm32.11.3.rel1.win32_1.1.1.202309131626/tools/bin/../lib/gcc/arm-none-eabi/11.3.1/../../../../arm-none-eabi/lib/thumb/v7-m/nofp\libc_nano.a
LOAD C:/ST/STM32CubeIDE_1.13.2/STM32CubeIDE/plugins/com.st.stm32cube.ide.mcu.externaltools.gnu-tools-for-stm32.11.3.rel1.win32_1.1.1.202309131626/tools/bin/../lib/gcc/arm-none-eabi/11.3.1/../../../../arm-none-eabi/lib/thumb/v7-m/nofp\libnosys.a
END GROUP
LOAD C:/ST/STM32CubeIDE_1.13.2/STM32CubeIDE/plugins/com.st.stm32cube.ide.mcu.externaltools.gnu-tools-for-stm32.11.3.rel1.win32_1.1.1.202309131626/tools/bin/../lib/gcc/arm-none-eabi/11.3.1/thumb/v7-m/nofp/crtend.o
LOAD C:/ST/STM32CubeIDE_1.13.2/STM32CubeIDE/plugins/com.st.stm32cube.ide.mcu.externaltools.gnu-tools-for-stm32.11.3.rel1.win32_1.1.1.202309131626/tools/bin/../lib/gcc/arm-none-eabi/11.3.1/thumb/v7-m/nofp/crtn.o
                0x0000000020005000                _estack = (ORIGIN (RAM) + LENGTH (RAM))
                0x0000000000000200                _Min_Heap_Size = 0x200
                0x0000000000000400                _Min_Stack_Size = 0x400

.isr_vector     0x0000000008000000      0x10c
                0x0000000008000000                . = ALIGN (0x4)
 *(.isr_vector)
 .isr_vector    0x0000000008000000      0x10c ./Core/Startup/startup_stm32f103rbtx.o
                0x0000000008000000                g_pfnVectors
                0x000000000800010c                . = ALIGN (0x4)

.text           0x000000000800010c     0x76b4
                0x000000000800010c                . = ALIGN (0x4)
 *(.text)
 .text          0x000000000800010c       0x40 C:/ST/STM32CubeIDE_1.13.2/STM32CubeIDE/plugins/com.st.stm32cube.ide.mcu.externaltools.gnu-tools-for-stm32.11.3.rel1.win32_1.1.1.202309131626/tools/bin/../lib/gcc/arm-none-eabi/11.3.1/thumb/v7-m/nofp/crtbegin.o
 .text          0x000000000800014c       0x10 C:/ST/STM32CubeIDE_1.13.2/STM32CubeIDE/plugins/com.st.stm32cube.ide.mcu.externaltools.gnu-tools-for-stm32.11.3.rel1.win32_1.1.1.202309131626/tools/bin/../lib/gcc/arm-none-eabi/11.3.1/../../../../arm-none-eabi/lib/thumb/v7-m/nofp\libc_nano.a(libc_a-strlen.o)
                0x000000000800014c                strlen
 *(.text*)
 .text.SELECT   0x000000000800015c       0x1c ./Core/Src/fatfs_sd.o
 .text.DESELECT
                0x0000000008000178       0x1c ./Core/Src/fatfs_sd.o
 .text.SPI_TxByte
                0x0000000008000194       0x34 ./Core/Src/fatfs_sd.o
 .text.SPI_TxBuffer
                0x00000000080001c8       0x34 ./Core/Src/fatfs_sd.o
 .text.SPI_RxByte
                0x00000000080001fc       0x38 ./Core/Src/fatfs_sd.o
 .text.SPI_RxBytePtr
                0x0000000008000234       0x1c ./Core/Src/fatfs_sd.o
 .text.SD_ReadyWait
                0x0000000008000250       0x34 ./Core/Src/fatfs_sd.o
 .text.SD_PowerOn
                0x0000000008000284       0x84 ./Core/Src/fatfs_sd.o
 .text.SD_PowerOff
                0x0000000008000308       0x18 ./Core/Src/fatfs_sd.o
 .text.SD_CheckPower
                0x0000000008000320       0x14 ./Core/Src/fatfs_sd.o
 .text.SD_RxDataBlock
                0x0000000008000334       0x5c ./Core/Src/fatfs_sd.o
 .text.SD_TxDataBlock
                0x0000000008000390       0x86 ./Core/Src/fatfs_sd.o
 .text.SD_SendCmd
                0x0000000008000416       0xa8 ./Core/Src/fatfs_sd.o
 *fill*         0x00000000080004be        0x2 
 .text.SD_disk_initialize
                0x00000000080004c0      0x1cc ./Core/Src/fatfs_sd.o
                0x00000000080004c0                SD_disk_initialize
 .text.SD_disk_status
                0x000000000800068c       0x28 ./Core/Src/fatfs_sd.o
                0x000000000800068c                SD_disk_status
 .text.SD_disk_read
                0x00000000080006b4       0xd4 ./Core/Src/fatfs_sd.o
                0x00000000080006b4                SD_disk_read
 .text.SD_disk_write
                0x0000000008000788      0x108 ./Core/Src/fatfs_sd.o
                0x0000000008000788                SD_disk_write
 .text.SD_disk_ioctl
                0x0000000008000890      0x258 ./Core/Src/fatfs_sd.o
                0x0000000008000890                SD_disk_ioctl
 .text.send_uart
                0x0000000008000ae8       0x30 ./Core/Src/main.o
                0x0000000008000ae8                send_uart
 .text.main     0x0000000008000b18       0xc4 ./Core/Src/main.o
                0x0000000008000b18                main
 .text.SystemClock_Config
                0x0000000008000bdc       0x8a ./Core/Src/main.o
                0x0000000008000bdc                SystemClock_Config
 *fill*         0x0000000008000c66        0x2 
 .text.MX_CAN_Init
                0x0000000008000c68       0x6c ./Core/Src/main.o
 .text.MX_SPI1_Init
                0x0000000008000cd4       0x6c ./Core/Src/main.o
 .text.MX_USART2_UART_Init
                0x0000000008000d40       0x54 ./Core/Src/main.o
 .text.MX_GPIO_Init
                0x0000000008000d94       0x94 ./Core/Src/main.o
 .text.Error_Handler
                0x0000000008000e28        0xa ./Core/Src/main.o
                0x0000000008000e28                Error_Handler
 *fill*         0x0000000008000e32        0x2 
 .text.HAL_MspInit
                0x0000000008000e34       0x64 ./Core/Src/stm32f1xx_hal_msp.o
                0x0000000008000e34                HAL_MspInit
 .text.HAL_CAN_MspInit
                0x0000000008000e98       0x98 ./Core/Src/stm32f1xx_hal_msp.o
                0x0000000008000e98                HAL_CAN_MspInit
 .text.HAL_SPI_MspInit
                0x0000000008000f30       0x94 ./Core/Src/stm32f1xx_hal_msp.o
                0x0000000008000f30                HAL_SPI_MspInit
 .text.HAL_UART_MspInit
                0x0000000008000fc4       0x94 ./Core/Src/stm32f1xx_hal_msp.o
                0x0000000008000fc4                HAL_UART_MspInit
 .text.NMI_Handler
                0x0000000008001058        0x6 ./Core/Src/stm32f1xx_it.o
                0x0000000008001058                NMI_Handler
 .text.HardFault_Handler
                0x000000000800105e        0x6 ./Core/Src/stm32f1xx_it.o
                0x000000000800105e                HardFault_Handler
 .text.MemManage_Handler
                0x0000000008001064        0x6 ./Core/Src/stm32f1xx_it.o
                0x0000000008001064                MemManage_Handler
 .text.BusFault_Handler
                0x000000000800106a        0x6 ./Core/Src/stm32f1xx_it.o
                0x000000000800106a                BusFault_Handler
 .text.UsageFault_Handler
                0x0000000008001070        0x6 ./Core/Src/stm32f1xx_it.o
                0x0000000008001070                UsageFault_Handler
 .text.SVC_Handler
                0x0000000008001076        0xc ./Core/Src/stm32f1xx_it.o
                0x0000000008001076                SVC_Handler
 .text.DebugMon_Handler
                0x0000000008001082        0xc ./Core/Src/stm32f1xx_it.o
                0x0000000008001082                DebugMon_Handler
 .text.PendSV_Handler
                0x000000000800108e        0xc ./Core/Src/stm32f1xx_it.o
                0x000000000800108e                PendSV_Handler
 .text.SysTick_Handler
                0x000000000800109a        0xc ./Core/Src/stm32f1xx_it.o
                0x000000000800109a                SysTick_Handler
 *fill*         0x00000000080010a6        0x2 
 .text._sbrk    0x00000000080010a8       0x6c ./Core/Src/sysmem.o
                0x00000000080010a8                _sbrk
 .text.SystemInit
                0x0000000008001114        0xc ./Core/Src/system_stm32f1xx.o
                0x0000000008001114                SystemInit
 .text.Reset_Handler
                0x0000000008001120       0x48 ./Core/Startup/startup_stm32f103rbtx.o
                0x0000000008001120                Reset_Handler
 .text.Default_Handler
                0x0000000008001168        0x2 ./Core/Startup/startup_stm32f103rbtx.o
                0x0000000008001168                RTC_Alarm_IRQHandler
                0x0000000008001168                EXTI2_IRQHandler
                0x0000000008001168                TIM1_CC_IRQHandler
                0x0000000008001168                PVD_IRQHandler
                0x0000000008001168                EXTI3_IRQHandler
                0x0000000008001168                EXTI0_IRQHandler
                0x0000000008001168                I2C2_EV_IRQHandler
                0x0000000008001168                ADC1_2_IRQHandler
                0x0000000008001168                SPI1_IRQHandler
                0x0000000008001168                TAMPER_IRQHandler
                0x0000000008001168                DMA1_Channel4_IRQHandler
                0x0000000008001168                USART3_IRQHandler
                0x0000000008001168                RTC_IRQHandler
                0x0000000008001168                DMA1_Channel7_IRQHandler
                0x0000000008001168                CAN1_RX1_IRQHandler
                0x0000000008001168                TIM4_IRQHandler
                0x0000000008001168                I2C1_EV_IRQHandler
                0x0000000008001168                DMA1_Channel6_IRQHandler
                0x0000000008001168                TIM3_IRQHandler
                0x0000000008001168                RCC_IRQHandler
                0x0000000008001168                TIM1_TRG_COM_IRQHandler
                0x0000000008001168                DMA1_Channel1_IRQHandler
                0x0000000008001168                Default_Handler
                0x0000000008001168                EXTI15_10_IRQHandler
                0x0000000008001168                EXTI9_5_IRQHandler
                0x0000000008001168                SPI2_IRQHandler
                0x0000000008001168                DMA1_Channel5_IRQHandler
                0x0000000008001168                EXTI4_IRQHandler
                0x0000000008001168                USB_LP_CAN1_RX0_IRQHandler
                0x0000000008001168                USB_HP_CAN1_TX_IRQHandler
                0x0000000008001168                DMA1_Channel3_IRQHandler
                0x0000000008001168                TIM1_UP_IRQHandler
                0x0000000008001168                WWDG_IRQHandler
                0x0000000008001168                TIM2_IRQHandler
                0x0000000008001168                TIM1_BRK_IRQHandler
                0x0000000008001168                EXTI1_IRQHandler
                0x0000000008001168                USART2_IRQHandler
                0x0000000008001168                I2C2_ER_IRQHandler
                0x0000000008001168                DMA1_Channel2_IRQHandler
                0x0000000008001168                CAN1_SCE_IRQHandler
                0x0000000008001168                FLASH_IRQHandler
                0x0000000008001168                USART1_IRQHandler
                0x0000000008001168                I2C1_ER_IRQHandler
                0x0000000008001168                USBWakeUp_IRQHandler
 *fill*         0x000000000800116a        0x2 
 .text.HAL_Init
                0x000000000800116c       0x2c ./Drivers/STM32F1xx_HAL_Driver/Src/stm32f1xx_hal.o
                0x000000000800116c                HAL_Init
 .text.HAL_InitTick
                0x0000000008001198       0x60 ./Drivers/STM32F1xx_HAL_Driver/Src/stm32f1xx_hal.o
                0x0000000008001198                HAL_InitTick
 .text.HAL_IncTick
                0x00000000080011f8       0x24 ./Drivers/STM32F1xx_HAL_Driver/Src/stm32f1xx_hal.o
                0x00000000080011f8                HAL_IncTick
 .text.HAL_GetTick
                0x000000000800121c       0x14 ./Drivers/STM32F1xx_HAL_Driver/Src/stm32f1xx_hal.o
                0x000000000800121c                HAL_GetTick
 .text.HAL_Delay
                0x0000000008001230       0x48 ./Drivers/STM32F1xx_HAL_Driver/Src/stm32f1xx_hal.o
                0x0000000008001230                HAL_Delay
 .text.HAL_CAN_Init
                0x0000000008001278      0x1f6 ./Drivers/STM32F1xx_HAL_Driver/Src/stm32f1xx_hal_can.o
                0x0000000008001278                HAL_CAN_Init
 *fill*         0x000000000800146e        0x2 
 .text.__NVIC_SetPriorityGrouping
                0x0000000008001470       0x48 ./Drivers/STM32F1xx_HAL_Driver/Src/stm32f1xx_hal_cortex.o
 .text.__NVIC_GetPriorityGrouping
                0x00000000080014b8       0x1c ./Drivers/STM32F1xx_HAL_Driver/Src/stm32f1xx_hal_cortex.o
 .text.__NVIC_SetPriority
                0x00000000080014d4       0x54 ./Drivers/STM32F1xx_HAL_Driver/Src/stm32f1xx_hal_cortex.o
 .text.NVIC_EncodePriority
                0x0000000008001528       0x64 ./Drivers/STM32F1xx_HAL_Driver/Src/stm32f1xx_hal_cortex.o
 .text.SysTick_Config
                0x000000000800158c       0x44 ./Drivers/STM32F1xx_HAL_Driver/Src/stm32f1xx_hal_cortex.o
 .text.HAL_NVIC_SetPriorityGrouping
                0x00000000080015d0       0x16 ./Drivers/STM32F1xx_HAL_Driver/Src/stm32f1xx_hal_cortex.o
                0x00000000080015d0                HAL_NVIC_SetPriorityGrouping
 .text.HAL_NVIC_SetPriority
                0x00000000080015e6       0x38 ./Drivers/STM32F1xx_HAL_Driver/Src/stm32f1xx_hal_cortex.o
                0x00000000080015e6                HAL_NVIC_SetPriority
 .text.HAL_SYSTICK_Config
                0x000000000800161e       0x18 ./Drivers/STM32F1xx_HAL_Driver/Src/stm32f1xx_hal_cortex.o
                0x000000000800161e                HAL_SYSTICK_Config
 *fill*         0x0000000008001636        0x2 
 .text.HAL_GPIO_Init
                0x0000000008001638      0x308 ./Drivers/STM32F1xx_HAL_Driver/Src/stm32f1xx_hal_gpio.o
                0x0000000008001638                HAL_GPIO_Init
 .text.HAL_GPIO_WritePin
                0x0000000008001940       0x30 ./Drivers/STM32F1xx_HAL_Driver/Src/stm32f1xx_hal_gpio.o
                0x0000000008001940                HAL_GPIO_WritePin
 .text.HAL_RCC_OscConfig
                0x0000000008001970      0x504 ./Drivers/STM32F1xx_HAL_Driver/Src/stm32f1xx_hal_rcc.o
                0x0000000008001970                HAL_RCC_OscConfig
 .text.HAL_RCC_ClockConfig
                0x0000000008001e74      0x1d4 ./Drivers/STM32F1xx_HAL_Driver/Src/stm32f1xx_hal_rcc.o
                0x0000000008001e74                HAL_RCC_ClockConfig
 .text.HAL_RCC_GetSysClockFreq
                0x0000000008002048       0xa8 ./Drivers/STM32F1xx_HAL_Driver/Src/stm32f1xx_hal_rcc.o
                0x0000000008002048                HAL_RCC_GetSysClockFreq
 .text.HAL_RCC_GetHCLKFreq
                0x00000000080020f0       0x14 ./Drivers/STM32F1xx_HAL_Driver/Src/stm32f1xx_hal_rcc.o
                0x00000000080020f0                HAL_RCC_GetHCLKFreq
 .text.HAL_RCC_GetPCLK1Freq
                0x0000000008002104       0x28 ./Drivers/STM32F1xx_HAL_Driver/Src/stm32f1xx_hal_rcc.o
                0x0000000008002104                HAL_RCC_GetPCLK1Freq
 .text.HAL_RCC_GetPCLK2Freq
                0x000000000800212c       0x28 ./Drivers/STM32F1xx_HAL_Driver/Src/stm32f1xx_hal_rcc.o
                0x000000000800212c                HAL_RCC_GetPCLK2Freq
 .text.RCC_Delay
                0x0000000008002154       0x3c ./Drivers/STM32F1xx_HAL_Driver/Src/stm32f1xx_hal_rcc.o
 .text.HAL_SPI_Init
                0x0000000008002190      0x108 ./Drivers/STM32F1xx_HAL_Driver/Src/stm32f1xx_hal_spi.o
                0x0000000008002190                HAL_SPI_Init
 .text.HAL_SPI_Transmit
                0x0000000008002298      0x286 ./Drivers/STM32F1xx_HAL_Driver/Src/stm32f1xx_hal_spi.o
                0x0000000008002298                HAL_SPI_Transmit
 .text.HAL_SPI_TransmitReceive
                0x000000000800251e      0x360 ./Drivers/STM32F1xx_HAL_Driver/Src/stm32f1xx_hal_spi.o
                0x000000000800251e                HAL_SPI_TransmitReceive
 *fill*         0x000000000800287e        0x2 
 .text.SPI_WaitFlagStateUntilTimeout
                0x0000000008002880      0x110 ./Drivers/STM32F1xx_HAL_Driver/Src/stm32f1xx_hal_spi.o
 .text.SPI_EndRxTxTransaction
                0x0000000008002990       0x3c ./Drivers/STM32F1xx_HAL_Driver/Src/stm32f1xx_hal_spi.o
 .text.HAL_UART_Init
                0x00000000080029cc       0xa0 ./Drivers/STM32F1xx_HAL_Driver/Src/stm32f1xx_hal_uart.o
                0x00000000080029cc                HAL_UART_Init
 .text.HAL_UART_Transmit
                0x0000000008002a6c      0x106 ./Drivers/STM32F1xx_HAL_Driver/Src/stm32f1xx_hal_uart.o
                0x0000000008002a6c                HAL_UART_Transmit
 .text.UART_WaitOnFlagUntilTimeout
                0x0000000008002b72       0xdc ./Drivers/STM32F1xx_HAL_Driver/Src/stm32f1xx_hal_uart.o
 *fill*         0x0000000008002c4e        0x2 
 .text.UART_SetConfig
                0x0000000008002c50      0x11c ./Drivers/STM32F1xx_HAL_Driver/Src/stm32f1xx_hal_uart.o
 .text.MX_FATFS_Init
                0x0000000008002d6c       0x24 ./FATFS/App/fatfs.o
                0x0000000008002d6c                MX_FATFS_Init
 .text.get_fattime
                0x0000000008002d90        0xe ./FATFS/App/fatfs.o
                0x0000000008002d90                get_fattime
 .text.USER_initialize
                0x0000000008002d9e       0x1e ./FATFS/Target/user_diskio.o
                0x0000000008002d9e                USER_initialize
 .text.USER_status
                0x0000000008002dbc       0x1e ./FATFS/Target/user_diskio.o
                0x0000000008002dbc                USER_status
 .text.USER_read
                0x0000000008002dda       0x28 ./FATFS/Target/user_diskio.o
                0x0000000008002dda                USER_read
 .text.USER_write
                0x0000000008002e02       0x28 ./FATFS/Target/user_diskio.o
                0x0000000008002e02                USER_write
 .text.USER_ioctl
                0x0000000008002e2a       0x28 ./FATFS/Target/user_diskio.o
                0x0000000008002e2a                USER_ioctl
 *fill*         0x0000000008002e52        0x2 
 .text.disk_status
                0x0000000008002e54       0x34 ./Middlewares/Third_Party/FatFs/src/diskio.o
                0x0000000008002e54                disk_status
 .text.disk_initialize
                0x0000000008002e88       0x4c ./Middlewares/Third_Party/FatFs/src/diskio.o
                0x0000000008002e88                disk_initialize
 .text.disk_read
                0x0000000008002ed4       0x40 ./Middlewares/Third_Party/FatFs/src/diskio.o
                0x0000000008002ed4                disk_read
 .text.disk_write
                0x0000000008002f14       0x40 ./Middlewares/Third_Party/FatFs/src/diskio.o
                0x0000000008002f14                disk_write
 .text.disk_ioctl
                0x0000000008002f54       0x3c ./Middlewares/Third_Party/FatFs/src/diskio.o
                0x0000000008002f54                disk_ioctl
 .text.mem_cpy  0x0000000008002f90       0x3c ./Middlewares/Third_Party/FatFs/src/ff.o
 .text.mem_set  0x0000000008002fcc       0x34 ./Middlewares/Third_Party/FatFs/src/ff.o
 .text.mem_cmp  0x0000000008003000       0x4c ./Middlewares/Third_Party/FatFs/src/ff.o
 .text.chk_chr  0x000000000800304c       0x34 ./Middlewares/Third_Party/FatFs/src/ff.o
 .text.chk_lock
                0x0000000008003080       0xe0 ./Middlewares/Third_Party/FatFs/src/ff.o
 .text.enq_lock
                0x0000000008003160       0x48 ./Middlewares/Third_Party/FatFs/src/ff.o
 .text.inc_lock
                0x00000000080031a8      0x178 ./Middlewares/Third_Party/FatFs/src/ff.o
 .text.dec_lock
                0x0000000008003320       0x88 ./Middlewares/Third_Party/FatFs/src/ff.o
 .text.clear_lock
                0x00000000080033a8       0x54 ./Middlewares/Third_Party/FatFs/src/ff.o
 .text.sync_window
                0x00000000080033fc       0xa4 ./Middlewares/Third_Party/FatFs/src/ff.o
 .text.move_window
                0x00000000080034a0       0x64 ./Middlewares/Third_Party/FatFs/src/ff.o
 .text.sync_fs  0x0000000008003504      0x17e ./Middlewares/Third_Party/FatFs/src/ff.o
 .text.clust2sect
                0x0000000008003682       0x48 ./Middlewares/Third_Party/FatFs/src/ff.o
                0x0000000008003682                clust2sect
 .text.get_fat  0x00000000080036ca      0x1f8 ./Middlewares/Third_Party/FatFs/src/ff.o
                0x00000000080036ca                get_fat
 .text.put_fat  0x00000000080038c2      0x2a6 ./Middlewares/Third_Party/FatFs/src/ff.o
                0x00000000080038c2                put_fat
 .text.remove_chain
                0x0000000008003b68       0xc2 ./Middlewares/Third_Party/FatFs/src/ff.o
 .text.create_chain
                0x0000000008003c2a      0x150 ./Middlewares/Third_Party/FatFs/src/ff.o
 .text.clmt_clust
                0x0000000008003d7a       0x80 ./Middlewares/Third_Party/FatFs/src/ff.o
 .text.dir_sdi  0x0000000008003dfa      0x19c ./Middlewares/Third_Party/FatFs/src/ff.o
 .text.dir_next
                0x0000000008003f96      0x294 ./Middlewares/Third_Party/FatFs/src/ff.o
 .text.dir_alloc
                0x000000000800422a       0x9c ./Middlewares/Third_Party/FatFs/src/ff.o
 .text.ld_clust
                0x00000000080042c6       0x5c ./Middlewares/Third_Party/FatFs/src/ff.o
 .text.st_clust
                0x0000000008004322       0x4c ./Middlewares/Third_Party/FatFs/src/ff.o
 *fill*         0x000000000800436e        0x2 
 .text.cmp_lfn  0x0000000008004370       0xdc ./Middlewares/Third_Party/FatFs/src/ff.o
 .text.fit_lfn  0x000000000800444c       0xe8 ./Middlewares/Third_Party/FatFs/src/ff.o
 .text.gen_numname
                0x0000000008004534      0x11c ./Middlewares/Third_Party/FatFs/src/ff.o
 .text.sum_sfn  0x0000000008004650       0x40 ./Middlewares/Third_Party/FatFs/src/ff.o
 .text.dir_find
                0x0000000008004690      0x198 ./Middlewares/Third_Party/FatFs/src/ff.o
 .text.dir_register
                0x0000000008004828      0x248 ./Middlewares/Third_Party/FatFs/src/ff.o
 .text.create_name
                0x0000000008004a70      0x37c ./Middlewares/Third_Party/FatFs/src/ff.o
 .text.follow_path
                0x0000000008004dec       0xec ./Middlewares/Third_Party/FatFs/src/ff.o
 .text.get_ldnumber
                0x0000000008004ed8       0x86 ./Middlewares/Third_Party/FatFs/src/ff.o
 *fill*         0x0000000008004f5e        0x2 
 .text.check_fs
                0x0000000008004f60       0xdc ./Middlewares/Third_Party/FatFs/src/ff.o
 .text.find_volume
                0x000000000800503c      0x664 ./Middlewares/Third_Party/FatFs/src/ff.o
 .text.validate
                0x00000000080056a0       0x76 ./Middlewares/Third_Party/FatFs/src/ff.o
 *fill*         0x0000000008005716        0x2 
 .text.f_mount  0x0000000008005718       0x94 ./Middlewares/Third_Party/FatFs/src/ff.o
                0x0000000008005718                f_mount
 .text.f_open   0x00000000080057ac      0x662 ./Middlewares/Third_Party/FatFs/src/ff.o
                0x00000000080057ac                f_open
 .text.f_write  0x0000000008005e0e      0x472 ./Middlewares/Third_Party/FatFs/src/ff.o
                0x0000000008005e0e                f_write
 .text.f_sync   0x0000000008006280      0x19c ./Middlewares/Third_Party/FatFs/src/ff.o
                0x0000000008006280                f_sync
 .text.f_close  0x000000000800641c       0x56 ./Middlewares/Third_Party/FatFs/src/ff.o
                0x000000000800641c                f_close
 .text.f_lseek  0x0000000008006472      0x5e2 ./Middlewares/Third_Party/FatFs/src/ff.o
                0x0000000008006472                f_lseek
 .text.putc_bfd
                0x0000000008006a54       0x7a ./Middlewares/Third_Party/FatFs/src/ff.o
 .text.f_puts   0x0000000008006ace       0x72 ./Middlewares/Third_Party/FatFs/src/ff.o
                0x0000000008006ace                f_puts
 .text.FATFS_LinkDriverEx
                0x0000000008006b40       0x94 ./Middlewares/Third_Party/FatFs/src/ff_gen_drv.o
                0x0000000008006b40                FATFS_LinkDriverEx
 .text.FATFS_LinkDriver
                0x0000000008006bd4       0x1e ./Middlewares/Third_Party/FatFs/src/ff_gen_drv.o
                0x0000000008006bd4                FATFS_LinkDriver
 *fill*         0x0000000008006bf2        0x2 
 .text.ff_convert
                0x0000000008006bf4       0x74 ./Middlewares/Third_Party/FatFs/src/option/ccsbcs.o
                0x0000000008006bf4                ff_convert
 .text.ff_wtoupper
                0x0000000008006c68       0x5c ./Middlewares/Third_Party/FatFs/src/option/ccsbcs.o
                0x0000000008006c68                ff_wtoupper
 .text.ff_memalloc
                0x0000000008006cc4       0x18 ./Middlewares/Third_Party/FatFs/src/option/syscall.o
                0x0000000008006cc4                ff_memalloc
 .text.ff_memfree
                0x0000000008006cdc       0x16 ./Middlewares/Third_Party/FatFs/src/option/syscall.o
                0x0000000008006cdc                ff_memfree
 *fill*         0x0000000008006cf2        0x2 
 .text.bufclear_sdLib
                0x0000000008006cf4       0x34 ./sdLibSrc/sdcard.o
                0x0000000008006cf4                bufclear_sdLib
 .text.sd_open  0x0000000008006d28       0x90 ./sdLibSrc/sdcard.o
                0x0000000008006d28                sd_open
 .text.sd_append
                0x0000000008006db8       0x30 ./sdLibSrc/sdcard.o
                0x0000000008006db8                sd_append
 .text.sd_close
                0x0000000008006de8       0x3c ./sdLibSrc/sdcard.o
                0x0000000008006de8                sd_close
 .text.malloc   0x0000000008006e24       0x10 C:/ST/STM32CubeIDE_1.13.2/STM32CubeIDE/plugins/com.st.stm32cube.ide.mcu.externaltools.gnu-tools-for-stm32.11.3.rel1.win32_1.1.1.202309131626/tools/bin/../lib/gcc/arm-none-eabi/11.3.1/../../../../arm-none-eabi/lib/thumb/v7-m/nofp\libc_nano.a(libc_a-malloc.o)
                0x0000000008006e24                malloc
 .text.free     0x0000000008006e34       0x10 C:/ST/STM32CubeIDE_1.13.2/STM32CubeIDE/plugins/com.st.stm32cube.ide.mcu.externaltools.gnu-tools-for-stm32.11.3.rel1.win32_1.1.1.202309131626/tools/bin/../lib/gcc/arm-none-eabi/11.3.1/../../../../arm-none-eabi/lib/thumb/v7-m/nofp\libc_nano.a(libc_a-malloc.o)
                0x0000000008006e34                free
 .text.sbrk_aligned
                0x0000000008006e44       0x40 C:/ST/STM32CubeIDE_1.13.2/STM32CubeIDE/plugins/com.st.stm32cube.ide.mcu.externaltools.gnu-tools-for-stm32.11.3.rel1.win32_1.1.1.202309131626/tools/bin/../lib/gcc/arm-none-eabi/11.3.1/../../../../arm-none-eabi/lib/thumb/v7-m/nofp\libc_nano.a(libc_a-mallocr.o)
 .text._malloc_r
                0x0000000008006e84      0x100 C:/ST/STM32CubeIDE_1.13.2/STM32CubeIDE/plugins/com.st.stm32cube.ide.mcu.externaltools.gnu-tools-for-stm32.11.3.rel1.win32_1.1.1.202309131626/tools/bin/../lib/gcc/arm-none-eabi/11.3.1/../../../../arm-none-eabi/lib/thumb/v7-m/nofp\libc_nano.a(libc_a-mallocr.o)
                0x0000000008006e84                _malloc_r
 .text.__malloc_lock
                0x0000000008006f84        0xc C:/ST/STM32CubeIDE_1.13.2/STM32CubeIDE/plugins/com.st.stm32cube.ide.mcu.externaltools.gnu-tools-for-stm32.11.3.rel1.win32_1.1.1.202309131626/tools/bin/../lib/gcc/arm-none-eabi/11.3.1/../../../../arm-none-eabi/lib/thumb/v7-m/nofp\libc_nano.a(libc_a-mlock.o)
                0x0000000008006f84                __malloc_lock
 .text.__malloc_unlock
                0x0000000008006f90        0xc C:/ST/STM32CubeIDE_1.13.2/STM32CubeIDE/plugins/com.st.stm32cube.ide.mcu.externaltools.gnu-tools-for-stm32.11.3.rel1.win32_1.1.1.202309131626/tools/bin/../lib/gcc/arm-none-eabi/11.3.1/../../../../arm-none-eabi/lib/thumb/v7-m/nofp\libc_nano.a(libc_a-mlock.o)
                0x0000000008006f90                __malloc_unlock
 .text.sprintf  0x0000000008006f9c       0x40 C:/ST/STM32CubeIDE_1.13.2/STM32CubeIDE/plugins/com.st.stm32cube.ide.mcu.externaltools.gnu-tools-for-stm32.11.3.rel1.win32_1.1.1.202309131626/tools/bin/../lib/gcc/arm-none-eabi/11.3.1/../../../../arm-none-eabi/lib/thumb/v7-m/nofp\libc_nano.a(libc_a-sprintf.o)
                0x0000000008006f9c                siprintf
                0x0000000008006f9c                sprintf
 .text.memset   0x0000000008006fdc       0x10 C:/ST/STM32CubeIDE_1.13.2/STM32CubeIDE/plugins/com.st.stm32cube.ide.mcu.externaltools.gnu-tools-for-stm32.11.3.rel1.win32_1.1.1.202309131626/tools/bin/../lib/gcc/arm-none-eabi/11.3.1/../../../../arm-none-eabi/lib/thumb/v7-m/nofp\libc_nano.a(libc_a-memset.o)
                0x0000000008006fdc                memset
 .text._sbrk_r  0x0000000008006fec       0x20 C:/ST/STM32CubeIDE_1.13.2/STM32CubeIDE/plugins/com.st.stm32cube.ide.mcu.externaltools.gnu-tools-for-stm32.11.3.rel1.win32_1.1.1.202309131626/tools/bin/../lib/gcc/arm-none-eabi/11.3.1/../../../../arm-none-eabi/lib/thumb/v7-m/nofp\libc_nano.a(libc_a-sbrkr.o)
                0x0000000008006fec                _sbrk_r
 .text.__errno  0x000000000800700c        0xc C:/ST/STM32CubeIDE_1.13.2/STM32CubeIDE/plugins/com.st.stm32cube.ide.mcu.externaltools.gnu-tools-for-stm32.11.3.rel1.win32_1.1.1.202309131626/tools/bin/../lib/gcc/arm-none-eabi/11.3.1/../../../../arm-none-eabi/lib/thumb/v7-m/nofp\libc_nano.a(libc_a-errno.o)
                0x000000000800700c                __errno
 .text.__libc_init_array
                0x0000000008007018       0x48 C:/ST/STM32CubeIDE_1.13.2/STM32CubeIDE/plugins/com.st.stm32cube.ide.mcu.externaltools.gnu-tools-for-stm32.11.3.rel1.win32_1.1.1.202309131626/tools/bin/../lib/gcc/arm-none-eabi/11.3.1/../../../../arm-none-eabi/lib/thumb/v7-m/nofp\libc_nano.a(libc_a-init.o)
                0x0000000008007018                __libc_init_array
 .text.__retarget_lock_acquire_recursive
                0x0000000008007060        0x2 C:/ST/STM32CubeIDE_1.13.2/STM32CubeIDE/plugins/com.st.stm32cube.ide.mcu.externaltools.gnu-tools-for-stm32.11.3.rel1.win32_1.1.1.202309131626/tools/bin/../lib/gcc/arm-none-eabi/11.3.1/../../../../arm-none-eabi/lib/thumb/v7-m/nofp\libc_nano.a(libc_a-lock.o)
                0x0000000008007060                __retarget_lock_acquire_recursive
 .text.__retarget_lock_release_recursive
                0x0000000008007062        0x2 C:/ST/STM32CubeIDE_1.13.2/STM32CubeIDE/plugins/com.st.stm32cube.ide.mcu.externaltools.gnu-tools-for-stm32.11.3.rel1.win32_1.1.1.202309131626/tools/bin/../lib/gcc/arm-none-eabi/11.3.1/../../../../arm-none-eabi/lib/thumb/v7-m/nofp\libc_nano.a(libc_a-lock.o)
                0x0000000008007062                __retarget_lock_release_recursive
 .text._free_r  0x0000000008007064       0x90 C:/ST/STM32CubeIDE_1.13.2/STM32CubeIDE/plugins/com.st.stm32cube.ide.mcu.externaltools.gnu-tools-for-stm32.11.3.rel1.win32_1.1.1.202309131626/tools/bin/../lib/gcc/arm-none-eabi/11.3.1/../../../../arm-none-eabi/lib/thumb/v7-m/nofp\libc_nano.a(libc_a-freer.o)
                0x0000000008007064                _free_r
 .text.__ssputs_r
                0x00000000080070f4       0xb4 C:/ST/STM32CubeIDE_1.13.2/STM32CubeIDE/plugins/com.st.stm32cube.ide.mcu.externaltools.gnu-tools-for-stm32.11.3.rel1.win32_1.1.1.202309131626/tools/bin/../lib/gcc/arm-none-eabi/11.3.1/../../../../arm-none-eabi/lib/thumb/v7-m/nofp\libc_nano.a(libc_a-nano-svfprintf.o)
                0x00000000080070f4                __ssputs_r
 .text._svfprintf_r
                0x00000000080071a8      0x1fc C:/ST/STM32CubeIDE_1.13.2/STM32CubeIDE/plugins/com.st.stm32cube.ide.mcu.externaltools.gnu-tools-for-stm32.11.3.rel1.win32_1.1.1.202309131626/tools/bin/../lib/gcc/arm-none-eabi/11.3.1/../../../../arm-none-eabi/lib/thumb/v7-m/nofp\libc_nano.a(libc_a-nano-svfprintf.o)
                0x00000000080071a8                _svfiprintf_r
                0x00000000080071a8                _svfprintf_r
 .text._printf_common
                0x00000000080073a4       0xe4 C:/ST/STM32CubeIDE_1.13.2/STM32CubeIDE/plugins/com.st.stm32cube.ide.mcu.externaltools.gnu-tools-for-stm32.11.3.rel1.win32_1.1.1.202309131626/tools/bin/../lib/gcc/arm-none-eabi/11.3.1/../../../../arm-none-eabi/lib/thumb/v7-m/nofp\libc_nano.a(libc_a-nano-vfprintf_i.o)
                0x00000000080073a4                _printf_common
 .text._printf_i
                0x0000000008007488      0x244 C:/ST/STM32CubeIDE_1.13.2/STM32CubeIDE/plugins/com.st.stm32cube.ide.mcu.externaltools.gnu-tools-for-stm32.11.3.rel1.win32_1.1.1.202309131626/tools/bin/../lib/gcc/arm-none-eabi/11.3.1/../../../../arm-none-eabi/lib/thumb/v7-m/nofp\libc_nano.a(libc_a-nano-vfprintf_i.o)
                0x0000000008007488                _printf_i
 .text.memmove  0x00000000080076cc       0x34 C:/ST/STM32CubeIDE_1.13.2/STM32CubeIDE/plugins/com.st.stm32cube.ide.mcu.externaltools.gnu-tools-for-stm32.11.3.rel1.win32_1.1.1.202309131626/tools/bin/../lib/gcc/arm-none-eabi/11.3.1/../../../../arm-none-eabi/lib/thumb/v7-m/nofp\libc_nano.a(libc_a-memmove.o)
                0x00000000080076cc                memmove
 .text.memchr   0x0000000008007700       0x1c C:/ST/STM32CubeIDE_1.13.2/STM32CubeIDE/plugins/com.st.stm32cube.ide.mcu.externaltools.gnu-tools-for-stm32.11.3.rel1.win32_1.1.1.202309131626/tools/bin/../lib/gcc/arm-none-eabi/11.3.1/../../../../arm-none-eabi/lib/thumb/v7-m/nofp\libc_nano.a(libc_a-memchr-stub.o)
                0x0000000008007700                memchr
 .text.memcpy   0x000000000800771c       0x1c C:/ST/STM32CubeIDE_1.13.2/STM32CubeIDE/plugins/com.st.stm32cube.ide.mcu.externaltools.gnu-tools-for-stm32.11.3.rel1.win32_1.1.1.202309131626/tools/bin/../lib/gcc/arm-none-eabi/11.3.1/../../../../arm-none-eabi/lib/thumb/v7-m/nofp\libc_nano.a(libc_a-memcpy-stub.o)
                0x000000000800771c                memcpy
 .text._realloc_r
                0x0000000008007738       0x5e C:/ST/STM32CubeIDE_1.13.2/STM32CubeIDE/plugins/com.st.stm32cube.ide.mcu.externaltools.gnu-tools-for-stm32.11.3.rel1.win32_1.1.1.202309131626/tools/bin/../lib/gcc/arm-none-eabi/11.3.1/../../../../arm-none-eabi/lib/thumb/v7-m/nofp\libc_nano.a(libc_a-reallocr.o)
                0x0000000008007738                _realloc_r
 .text._malloc_usable_size_r
                0x0000000008007796       0x10 C:/ST/STM32CubeIDE_1.13.2/STM32CubeIDE/plugins/com.st.stm32cube.ide.mcu.externaltools.gnu-tools-for-stm32.11.3.rel1.win32_1.1.1.202309131626/tools/bin/../lib/gcc/arm-none-eabi/11.3.1/../../../../arm-none-eabi/lib/thumb/v7-m/nofp\libc_nano.a(libc_a-msizer.o)
                0x0000000008007796                _malloc_usable_size_r
 *(.glue_7)
 .glue_7        0x00000000080077a6        0x0 linker stubs
 *(.glue_7t)
 .glue_7t       0x00000000080077a6        0x0 linker stubs
 *(.eh_frame)
 *fill*         0x00000000080077a6        0x2 
 .eh_frame      0x00000000080077a8        0x0 C:/ST/STM32CubeIDE_1.13.2/STM32CubeIDE/plugins/com.st.stm32cube.ide.mcu.externaltools.gnu-tools-for-stm32.11.3.rel1.win32_1.1.1.202309131626/tools/bin/../lib/gcc/arm-none-eabi/11.3.1/thumb/v7-m/nofp/crtbegin.o
 *(.init)
 .init          0x00000000080077a8        0x4 C:/ST/STM32CubeIDE_1.13.2/STM32CubeIDE/plugins/com.st.stm32cube.ide.mcu.externaltools.gnu-tools-for-stm32.11.3.rel1.win32_1.1.1.202309131626/tools/bin/../lib/gcc/arm-none-eabi/11.3.1/thumb/v7-m/nofp/crti.o
                0x00000000080077a8                _init
 .init          0x00000000080077ac        0x8 C:/ST/STM32CubeIDE_1.13.2/STM32CubeIDE/plugins/com.st.stm32cube.ide.mcu.externaltools.gnu-tools-for-stm32.11.3.rel1.win32_1.1.1.202309131626/tools/bin/../lib/gcc/arm-none-eabi/11.3.1/thumb/v7-m/nofp/crtn.o
 *(.fini)
 .fini          0x00000000080077b4        0x4 C:/ST/STM32CubeIDE_1.13.2/STM32CubeIDE/plugins/com.st.stm32cube.ide.mcu.externaltools.gnu-tools-for-stm32.11.3.rel1.win32_1.1.1.202309131626/tools/bin/../lib/gcc/arm-none-eabi/11.3.1/thumb/v7-m/nofp/crti.o
                0x00000000080077b4                _fini
 .fini          0x00000000080077b8        0x8 C:/ST/STM32CubeIDE_1.13.2/STM32CubeIDE/plugins/com.st.stm32cube.ide.mcu.externaltools.gnu-tools-for-stm32.11.3.rel1.win32_1.1.1.202309131626/tools/bin/../lib/gcc/arm-none-eabi/11.3.1/thumb/v7-m/nofp/crtn.o
                0x00000000080077c0                . = ALIGN (0x4)
                0x00000000080077c0                _etext = .

.vfp11_veneer   0x00000000080077c0        0x0
 .vfp11_veneer  0x00000000080077c0        0x0 linker stubs

.v4_bx          0x00000000080077c0        0x0
 .v4_bx         0x00000000080077c0        0x0 linker stubs

.iplt           0x00000000080077c0        0x0
 .iplt          0x00000000080077c0        0x0 C:/ST/STM32CubeIDE_1.13.2/STM32CubeIDE/plugins/com.st.stm32cube.ide.mcu.externaltools.gnu-tools-for-stm32.11.3.rel1.win32_1.1.1.202309131626/tools/bin/../lib/gcc/arm-none-eabi/11.3.1/thumb/v7-m/nofp/crtbegin.o

.rodata         0x00000000080077c0      0x680
                0x00000000080077c0                . = ALIGN (0x4)
 *(.rodata)
 .rodata        0x00000000080077c0       0x47 ./Core/Src/main.o
 *fill*         0x0000000008007807        0x1 
 .rodata        0x0000000008007808       0x48 ./Middlewares/Third_Party/FatFs/src/ff.o
 .rodata        0x0000000008007850       0x3e ./sdLibSrc/sdcard.o
 *(.rodata*)
 *fill*         0x000000000800788e        0x2 
 .rodata.AHBPrescTable
                0x0000000008007890       0x10 ./Core/Src/system_stm32f1xx.o
                0x0000000008007890                AHBPrescTable
 .rodata.APBPrescTable
                0x00000000080078a0        0x8 ./Core/Src/system_stm32f1xx.o
                0x00000000080078a0                APBPrescTable
 .rodata.aPLLMULFactorTable.1
                0x00000000080078a8       0x10 ./Drivers/STM32F1xx_HAL_Driver/Src/stm32f1xx_hal_rcc.o
 .rodata.aPredivFactorTable.0
                0x00000000080078b8        0x2 ./Drivers/STM32F1xx_HAL_Driver/Src/stm32f1xx_hal_rcc.o
 *fill*         0x00000000080078ba        0x2 
 .rodata.ExCvt  0x00000000080078bc       0x80 ./Middlewares/Third_Party/FatFs/src/ff.o
 .rodata.LfnOfs
                0x000000000800793c        0xd ./Middlewares/Third_Party/FatFs/src/ff.o
 *fill*         0x0000000008007949        0x3 
 .rodata.Tbl    0x000000000800794c      0x100 ./Middlewares/Third_Party/FatFs/src/option/ccsbcs.o
 .rodata.tbl_lower.1
                0x0000000008007a4c      0x1e0 ./Middlewares/Third_Party/FatFs/src/option/ccsbcs.o
 .rodata.tbl_upper.0
                0x0000000008007c2c      0x1e0 ./Middlewares/Third_Party/FatFs/src/option/ccsbcs.o
 .rodata._svfprintf_r.str1.1
                0x0000000008007e0c       0x11 C:/ST/STM32CubeIDE_1.13.2/STM32CubeIDE/plugins/com.st.stm32cube.ide.mcu.externaltools.gnu-tools-for-stm32.11.3.rel1.win32_1.1.1.202309131626/tools/bin/../lib/gcc/arm-none-eabi/11.3.1/../../../../arm-none-eabi/lib/thumb/v7-m/nofp\libc_nano.a(libc_a-nano-svfprintf.o)
 .rodata._printf_i.str1.1
                0x0000000008007e1d       0x22 C:/ST/STM32CubeIDE_1.13.2/STM32CubeIDE/plugins/com.st.stm32cube.ide.mcu.externaltools.gnu-tools-for-stm32.11.3.rel1.win32_1.1.1.202309131626/tools/bin/../lib/gcc/arm-none-eabi/11.3.1/../../../../arm-none-eabi/lib/thumb/v7-m/nofp\libc_nano.a(libc_a-nano-vfprintf_i.o)
                0x0000000008007e40                . = ALIGN (0x4)
 *fill*         0x0000000008007e3f        0x1 

.rel.dyn        0x0000000008007e40        0x0
 .rel.iplt      0x0000000008007e40        0x0 C:/ST/STM32CubeIDE_1.13.2/STM32CubeIDE/plugins/com.st.stm32cube.ide.mcu.externaltools.gnu-tools-for-stm32.11.3.rel1.win32_1.1.1.202309131626/tools/bin/../lib/gcc/arm-none-eabi/11.3.1/thumb/v7-m/nofp/crtbegin.o

.ARM.extab      0x0000000008007e40        0x0
                0x0000000008007e40                . = ALIGN (0x4)
 *(.ARM.extab* .gnu.linkonce.armextab.*)
                0x0000000008007e40                . = ALIGN (0x4)

.ARM            0x0000000008007e40        0x0
                0x0000000008007e40                . = ALIGN (0x4)
                0x0000000008007e40                __exidx_start = .
 *(.ARM.exidx*)
                0x0000000008007e40                __exidx_end = .
                0x0000000008007e40                . = ALIGN (0x4)

.preinit_array  0x0000000008007e40        0x0
                0x0000000008007e40                . = ALIGN (0x4)
                0x0000000008007e40                PROVIDE (__preinit_array_start = .)
 *(.preinit_array*)
                0x0000000008007e40                PROVIDE (__preinit_array_end = .)
                0x0000000008007e40                . = ALIGN (0x4)

.init_array     0x0000000008007e40        0x4
                0x0000000008007e40                . = ALIGN (0x4)
                0x0000000008007e40                PROVIDE (__init_array_start = .)
 *(SORT_BY_NAME(.init_array.*))
 *(.init_array*)
 .init_array    0x0000000008007e40        0x4 C:/ST/STM32CubeIDE_1.13.2/STM32CubeIDE/plugins/com.st.stm32cube.ide.mcu.externaltools.gnu-tools-for-stm32.11.3.rel1.win32_1.1.1.202309131626/tools/bin/../lib/gcc/arm-none-eabi/11.3.1/thumb/v7-m/nofp/crtbegin.o
                0x0000000008007e44                PROVIDE (__init_array_end = .)
                0x0000000008007e44                . = ALIGN (0x4)

.fini_array     0x0000000008007e44        0x4
                0x0000000008007e44                . = ALIGN (0x4)
                [!provide]                        PROVIDE (__fini_array_start = .)
 *(SORT_BY_NAME(.fini_array.*))
 *(.fini_array*)
 .fini_array    0x0000000008007e44        0x4 C:/ST/STM32CubeIDE_1.13.2/STM32CubeIDE/plugins/com.st.stm32cube.ide.mcu.externaltools.gnu-tools-for-stm32.11.3.rel1.win32_1.1.1.202309131626/tools/bin/../lib/gcc/arm-none-eabi/11.3.1/thumb/v7-m/nofp/crtbegin.o
                [!provide]                        PROVIDE (__fini_array_end = .)
                0x0000000008007e48                . = ALIGN (0x4)
                0x0000000008007e48                _sidata = LOADADDR (.data)

.data           0x0000000020000000       0x74 load address 0x0000000008007e48
                0x0000000020000000                . = ALIGN (0x4)
                0x0000000020000000                _sdata = .
 *(.data)
 *(.data*)
 .data.Stat     0x0000000020000000        0x1 ./Core/Src/fatfs_sd.o
 *fill*         0x0000000020000001        0x3 
 .data.SystemCoreClock
                0x0000000020000004        0x4 ./Core/Src/system_stm32f1xx.o
                0x0000000020000004                SystemCoreClock
 .data.uwTickPrio
                0x0000000020000008        0x4 ./Drivers/STM32F1xx_HAL_Driver/Src/stm32f1xx_hal.o
                0x0000000020000008                uwTickPrio
 .data.uwTickFreq
                0x000000002000000c        0x1 ./Drivers/STM32F1xx_HAL_Driver/Src/stm32f1xx_hal.o
                0x000000002000000c                uwTickFreq
 *fill*         0x000000002000000d        0x3 
 .data.USER_Driver
                0x0000000020000010       0x14 ./FATFS/Target/user_diskio.o
                0x0000000020000010                USER_Driver
 .data._impure_data
                0x0000000020000024       0x4c C:/ST/STM32CubeIDE_1.13.2/STM32CubeIDE/plugins/com.st.stm32cube.ide.mcu.externaltools.gnu-tools-for-stm32.11.3.rel1.win32_1.1.1.202309131626/tools/bin/../lib/gcc/arm-none-eabi/11.3.1/../../../../arm-none-eabi/lib/thumb/v7-m/nofp\libc_nano.a(libc_a-impure.o)
                0x0000000020000024                _impure_data
 .data._impure_ptr
                0x0000000020000070        0x4 C:/ST/STM32CubeIDE_1.13.2/STM32CubeIDE/plugins/com.st.stm32cube.ide.mcu.externaltools.gnu-tools-for-stm32.11.3.rel1.win32_1.1.1.202309131626/tools/bin/../lib/gcc/arm-none-eabi/11.3.1/../../../../arm-none-eabi/lib/thumb/v7-m/nofp\libc_nano.a(libc_a-impure.o)
                0x0000000020000070                _impure_ptr
 *(.RamFunc)
 *(.RamFunc*)
                0x0000000020000074                . = ALIGN (0x4)
                0x0000000020000074                _edata = .

.igot.plt       0x0000000020000074        0x0 load address 0x0000000008007ebc
 .igot.plt      0x0000000020000074        0x0 C:/ST/STM32CubeIDE_1.13.2/STM32CubeIDE/plugins/com.st.stm32cube.ide.mcu.externaltools.gnu-tools-for-stm32.11.3.rel1.win32_1.1.1.202309131626/tools/bin/../lib/gcc/arm-none-eabi/11.3.1/thumb/v7-m/nofp/crtbegin.o
                0x0000000020000074                . = ALIGN (0x4)

.bss            0x0000000020000078     0x26f4 load address 0x0000000008007ebc
                0x0000000020000078                _sbss = .
                0x0000000020000078                __bss_start__ = _sbss
 *(.bss)
 .bss           0x0000000020000078       0x1c C:/ST/STM32CubeIDE_1.13.2/STM32CubeIDE/plugins/com.st.stm32cube.ide.mcu.externaltools.gnu-tools-for-stm32.11.3.rel1.win32_1.1.1.202309131626/tools/bin/../lib/gcc/arm-none-eabi/11.3.1/thumb/v7-m/nofp/crtbegin.o
 *(.bss*)
 .bss.Timer1    0x0000000020000094        0x2 ./Core/Src/fatfs_sd.o
                0x0000000020000094                Timer1
 .bss.Timer2    0x0000000020000096        0x2 ./Core/Src/fatfs_sd.o
                0x0000000020000096                Timer2
 .bss.CardType  0x0000000020000098        0x1 ./Core/Src/fatfs_sd.o
 .bss.PowerFlag
                0x0000000020000099        0x1 ./Core/Src/fatfs_sd.o
 *fill*         0x000000002000009a        0x2 
 .bss.hcan      0x000000002000009c       0x28 ./Core/Src/main.o
                0x000000002000009c                hcan
 .bss.hspi1     0x00000000200000c4       0x58 ./Core/Src/main.o
                0x00000000200000c4                hspi1
 .bss.huart2    0x000000002000011c       0x48 ./Core/Src/main.o
                0x000000002000011c                huart2
 *fill*         0x0000000020000164        0x4 
 .bss.CAN_DATA  0x0000000020000168       0x20 ./Core/Src/main.o
                0x0000000020000168                CAN_DATA
 .bss.__sbrk_heap_end
                0x0000000020000188        0x4 ./Core/Src/sysmem.o
 .bss.uwTick    0x000000002000018c        0x4 ./Drivers/STM32F1xx_HAL_Driver/Src/stm32f1xx_hal.o
                0x000000002000018c                uwTick
 .bss.retUSER   0x0000000020000190        0x1 ./FATFS/App/fatfs.o
                0x0000000020000190                retUSER
 *fill*         0x0000000020000191        0x3 
 .bss.USERPath  0x0000000020000194        0x4 ./FATFS/App/fatfs.o
                0x0000000020000194                USERPath
 .bss.FatFs     0x0000000020000198        0x4 ./Middlewares/Third_Party/FatFs/src/ff.o
 .bss.Fsid      0x000000002000019c        0x2 ./Middlewares/Third_Party/FatFs/src/ff.o
 *fill*         0x000000002000019e        0x2 
 .bss.Files     0x00000000200001a0       0x18 ./Middlewares/Third_Party/FatFs/src/ff.o
 .bss.disk      0x00000000200001b8        0xc ./Middlewares/Third_Party/FatFs/src/ff_gen_drv.o
                0x00000000200001b8                disk
 .bss.fs_sdLib  0x00000000200001c4     0x1030 ./sdLibSrc/sdcard.o
                0x00000000200001c4                fs_sdLib
 .bss.fresult_sdLib
                0x00000000200011f4        0x1 ./sdLibSrc/sdcard.o
                0x00000000200011f4                fresult_sdLib
 *fill*         0x00000000200011f5        0x3 
 .bss.buffer_sdLib
                0x00000000200011f8      0x400 ./sdLibSrc/sdcard.o
                0x00000000200011f8                buffer_sdLib
 .bss.fil.0     0x00000000200015f8     0x102c ./sdLibSrc/sdcard.o
 .bss.__malloc_free_list
                0x0000000020002624        0x4 C:/ST/STM32CubeIDE_1.13.2/STM32CubeIDE/plugins/com.st.stm32cube.ide.mcu.externaltools.gnu-tools-for-stm32.11.3.rel1.win32_1.1.1.202309131626/tools/bin/../lib/gcc/arm-none-eabi/11.3.1/../../../../arm-none-eabi/lib/thumb/v7-m/nofp\libc_nano.a(libc_a-mallocr.o)
                0x0000000020002624                __malloc_free_list
 .bss.__malloc_sbrk_start
                0x0000000020002628        0x4 C:/ST/STM32CubeIDE_1.13.2/STM32CubeIDE/plugins/com.st.stm32cube.ide.mcu.externaltools.gnu-tools-for-stm32.11.3.rel1.win32_1.1.1.202309131626/tools/bin/../lib/gcc/arm-none-eabi/11.3.1/../../../../arm-none-eabi/lib/thumb/v7-m/nofp\libc_nano.a(libc_a-mallocr.o)
                0x0000000020002628                __malloc_sbrk_start
 .bss.__sf      0x000000002000262c      0x138 C:/ST/STM32CubeIDE_1.13.2/STM32CubeIDE/plugins/com.st.stm32cube.ide.mcu.externaltools.gnu-tools-for-stm32.11.3.rel1.win32_1.1.1.202309131626/tools/bin/../lib/gcc/arm-none-eabi/11.3.1/../../../../arm-none-eabi/lib/thumb/v7-m/nofp\libc_nano.a(libc_a-findfp.o)
                0x000000002000262c                __sf
 .bss.errno     0x0000000020002764        0x4 C:/ST/STM32CubeIDE_1.13.2/STM32CubeIDE/plugins/com.st.stm32cube.ide.mcu.externaltools.gnu-tools-for-stm32.11.3.rel1.win32_1.1.1.202309131626/tools/bin/../lib/gcc/arm-none-eabi/11.3.1/../../../../arm-none-eabi/lib/thumb/v7-m/nofp\libc_nano.a(libc_a-reent.o)
                0x0000000020002764                errno
 .bss.__lock___malloc_recursive_mutex
                0x0000000020002768        0x1 C:/ST/STM32CubeIDE_1.13.2/STM32CubeIDE/plugins/com.st.stm32cube.ide.mcu.externaltools.gnu-tools-for-stm32.11.3.rel1.win32_1.1.1.202309131626/tools/bin/../lib/gcc/arm-none-eabi/11.3.1/../../../../arm-none-eabi/lib/thumb/v7-m/nofp\libc_nano.a(libc_a-lock.o)
                0x0000000020002768                __lock___malloc_recursive_mutex
 *(COMMON)
                0x000000002000276c                . = ALIGN (0x4)
 *fill*         0x0000000020002769        0x3 
                0x000000002000276c                _ebss = .
                0x000000002000276c                __bss_end__ = _ebss

._user_heap_stack
                0x000000002000276c      0x604 load address 0x0000000008007ebc
                0x0000000020002770                . = ALIGN (0x8)
 *fill*         0x000000002000276c        0x4 
                [!provide]                        PROVIDE (end = .)
                0x0000000020002770                PROVIDE (_end = .)
                0x0000000020002970                . = (. + _Min_Heap_Size)
 *fill*         0x0000000020002770      0x200 
                0x0000000020002d70                . = (. + _Min_Stack_Size)
 *fill*         0x0000000020002970      0x400 
                0x0000000020002d70                . = ALIGN (0x8)

/DISCARD/
 libc.a(*)
 libm.a(*)
 libgcc.a(*)

.ARM.attributes
                0x0000000000000000       0x29
 *(.ARM.attributes)
 .ARM.attributes
                0x0000000000000000       0x1d C:/ST/STM32CubeIDE_1.13.2/STM32CubeIDE/plugins/com.st.stm32cube.ide.mcu.externaltools.gnu-tools-for-stm32.11.3.rel1.win32_1.1.1.202309131626/tools/bin/../lib/gcc/arm-none-eabi/11.3.1/thumb/v7-m/nofp/crti.o
 .ARM.attributes
                0x000000000000001d       0x2d C:/ST/STM32CubeIDE_1.13.2/STM32CubeIDE/plugins/com.st.stm32cube.ide.mcu.externaltools.gnu-tools-for-stm32.11.3.rel1.win32_1.1.1.202309131626/tools/bin/../lib/gcc/arm-none-eabi/11.3.1/thumb/v7-m/nofp/crtbegin.o
 .ARM.attributes
                0x000000000000004a       0x2d ./Core/Src/fatfs_sd.o
 .ARM.attributes
                0x0000000000000077       0x2d ./Core/Src/main.o
 .ARM.attributes
                0x00000000000000a4       0x2d ./Core/Src/stm32f1xx_hal_msp.o
 .ARM.attributes
                0x00000000000000d1       0x2d ./Core/Src/stm32f1xx_it.o
 .ARM.attributes
                0x00000000000000fe       0x2d ./Core/Src/sysmem.o
 .ARM.attributes
                0x000000000000012b       0x2d ./Core/Src/system_stm32f1xx.o
 .ARM.attributes
                0x0000000000000158       0x21 ./Core/Startup/startup_stm32f103rbtx.o
 .ARM.attributes
                0x0000000000000179       0x2d ./Drivers/STM32F1xx_HAL_Driver/Src/stm32f1xx_hal.o
 .ARM.attributes
                0x00000000000001a6       0x2d ./Drivers/STM32F1xx_HAL_Driver/Src/stm32f1xx_hal_can.o
 .ARM.attributes
                0x00000000000001d3       0x2d ./Drivers/STM32F1xx_HAL_Driver/Src/stm32f1xx_hal_cortex.o
 .ARM.attributes
                0x0000000000000200       0x2d ./Drivers/STM32F1xx_HAL_Driver/Src/stm32f1xx_hal_gpio.o
 .ARM.attributes
                0x000000000000022d       0x2d ./Drivers/STM32F1xx_HAL_Driver/Src/stm32f1xx_hal_rcc.o
 .ARM.attributes
                0x000000000000025a       0x2d ./Drivers/STM32F1xx_HAL_Driver/Src/stm32f1xx_hal_spi.o
 .ARM.attributes
                0x0000000000000287       0x2d ./Drivers/STM32F1xx_HAL_Driver/Src/stm32f1xx_hal_uart.o
 .ARM.attributes
                0x00000000000002b4       0x2d ./FATFS/App/fatfs.o
 .ARM.attributes
                0x00000000000002e1       0x2d ./FATFS/Target/user_diskio.o
 .ARM.attributes
                0x000000000000030e       0x2d ./Middlewares/Third_Party/FatFs/src/diskio.o
 .ARM.attributes
                0x000000000000033b       0x2d ./Middlewares/Third_Party/FatFs/src/ff.o
 .ARM.attributes
                0x0000000000000368       0x2d ./Middlewares/Third_Party/FatFs/src/ff_gen_drv.o
 .ARM.attributes
                0x0000000000000395       0x2d ./Middlewares/Third_Party/FatFs/src/option/ccsbcs.o
 .ARM.attributes
                0x00000000000003c2       0x2d ./Middlewares/Third_Party/FatFs/src/option/syscall.o
 .ARM.attributes
                0x00000000000003ef       0x2d ./sdLibSrc/sdcard.o
 .ARM.attributes
                0x000000000000041c       0x2d C:/ST/STM32CubeIDE_1.13.2/STM32CubeIDE/plugins/com.st.stm32cube.ide.mcu.externaltools.gnu-tools-for-stm32.11.3.rel1.win32_1.1.1.202309131626/tools/bin/../lib/gcc/arm-none-eabi/11.3.1/../../../../arm-none-eabi/lib/thumb/v7-m/nofp\libc_nano.a(libc_a-malloc.o)
 .ARM.attributes
                0x0000000000000449       0x2d C:/ST/STM32CubeIDE_1.13.2/STM32CubeIDE/plugins/com.st.stm32cube.ide.mcu.externaltools.gnu-tools-for-stm32.11.3.rel1.win32_1.1.1.202309131626/tools/bin/../lib/gcc/arm-none-eabi/11.3.1/../../../../arm-none-eabi/lib/thumb/v7-m/nofp\libc_nano.a(libc_a-mallocr.o)
 .ARM.attributes
                0x0000000000000476       0x2d C:/ST/STM32CubeIDE_1.13.2/STM32CubeIDE/plugins/com.st.stm32cube.ide.mcu.externaltools.gnu-tools-for-stm32.11.3.rel1.win32_1.1.1.202309131626/tools/bin/../lib/gcc/arm-none-eabi/11.3.1/../../../../arm-none-eabi/lib/thumb/v7-m/nofp\libc_nano.a(libc_a-mlock.o)
 .ARM.attributes
                0x00000000000004a3       0x2d C:/ST/STM32CubeIDE_1.13.2/STM32CubeIDE/plugins/com.st.stm32cube.ide.mcu.externaltools.gnu-tools-for-stm32.11.3.rel1.win32_1.1.1.202309131626/tools/bin/../lib/gcc/arm-none-eabi/11.3.1/../../../../arm-none-eabi/lib/thumb/v7-m/nofp\libc_nano.a(libc_a-findfp.o)
 .ARM.attributes
                0x00000000000004d0       0x2d C:/ST/STM32CubeIDE_1.13.2/STM32CubeIDE/plugins/com.st.stm32cube.ide.mcu.externaltools.gnu-tools-for-stm32.11.3.rel1.win32_1.1.1.202309131626/tools/bin/../lib/gcc/arm-none-eabi/11.3.1/../../../../arm-none-eabi/lib/thumb/v7-m/nofp\libc_nano.a(libc_a-sprintf.o)
 .ARM.attributes
                0x00000000000004fd       0x2d C:/ST/STM32CubeIDE_1.13.2/STM32CubeIDE/plugins/com.st.stm32cube.ide.mcu.externaltools.gnu-tools-for-stm32.11.3.rel1.win32_1.1.1.202309131626/tools/bin/../lib/gcc/arm-none-eabi/11.3.1/../../../../arm-none-eabi/lib/thumb/v7-m/nofp\libc_nano.a(libc_a-memset.o)
 .ARM.attributes
                0x000000000000052a       0x2d C:/ST/STM32CubeIDE_1.13.2/STM32CubeIDE/plugins/com.st.stm32cube.ide.mcu.externaltools.gnu-tools-for-stm32.11.3.rel1.win32_1.1.1.202309131626/tools/bin/../lib/gcc/arm-none-eabi/11.3.1/../../../../arm-none-eabi/lib/thumb/v7-m/nofp\libc_nano.a(libc_a-reent.o)
 .ARM.attributes
                0x0000000000000557       0x2d C:/ST/STM32CubeIDE_1.13.2/STM32CubeIDE/plugins/com.st.stm32cube.ide.mcu.externaltools.gnu-tools-for-stm32.11.3.rel1.win32_1.1.1.202309131626/tools/bin/../lib/gcc/arm-none-eabi/11.3.1/../../../../arm-none-eabi/lib/thumb/v7-m/nofp\libc_nano.a(libc_a-impure.o)
 .ARM.attributes
                0x0000000000000584       0x2d C:/ST/STM32CubeIDE_1.13.2/STM32CubeIDE/plugins/com.st.stm32cube.ide.mcu.externaltools.gnu-tools-for-stm32.11.3.rel1.win32_1.1.1.202309131626/tools/bin/../lib/gcc/arm-none-eabi/11.3.1/../../../../arm-none-eabi/lib/thumb/v7-m/nofp\libc_nano.a(libc_a-sbrkr.o)
 .ARM.attributes
                0x00000000000005b1       0x2d C:/ST/STM32CubeIDE_1.13.2/STM32CubeIDE/plugins/com.st.stm32cube.ide.mcu.externaltools.gnu-tools-for-stm32.11.3.rel1.win32_1.1.1.202309131626/tools/bin/../lib/gcc/arm-none-eabi/11.3.1/../../../../arm-none-eabi/lib/thumb/v7-m/nofp\libc_nano.a(libc_a-errno.o)
 .ARM.attributes
                0x00000000000005de       0x2d C:/ST/STM32CubeIDE_1.13.2/STM32CubeIDE/plugins/com.st.stm32cube.ide.mcu.externaltools.gnu-tools-for-stm32.11.3.rel1.win32_1.1.1.202309131626/tools/bin/../lib/gcc/arm-none-eabi/11.3.1/../../../../arm-none-eabi/lib/thumb/v7-m/nofp\libc_nano.a(libc_a-init.o)
 .ARM.attributes
                0x000000000000060b       0x2d C:/ST/STM32CubeIDE_1.13.2/STM32CubeIDE/plugins/com.st.stm32cube.ide.mcu.externaltools.gnu-tools-for-stm32.11.3.rel1.win32_1.1.1.202309131626/tools/bin/../lib/gcc/arm-none-eabi/11.3.1/../../../../arm-none-eabi/lib/thumb/v7-m/nofp\libc_nano.a(libc_a-lock.o)
 .ARM.attributes
                0x0000000000000638       0x17 C:/ST/STM32CubeIDE_1.13.2/STM32CubeIDE/plugins/com.st.stm32cube.ide.mcu.externaltools.gnu-tools-for-stm32.11.3.rel1.win32_1.1.1.202309131626/tools/bin/../lib/gcc/arm-none-eabi/11.3.1/../../../../arm-none-eabi/lib/thumb/v7-m/nofp\libc_nano.a(libc_a-strlen.o)
 .ARM.attributes
                0x000000000000064f       0x2d C:/ST/STM32CubeIDE_1.13.2/STM32CubeIDE/plugins/com.st.stm32cube.ide.mcu.externaltools.gnu-tools-for-stm32.11.3.rel1.win32_1.1.1.202309131626/tools/bin/../lib/gcc/arm-none-eabi/11.3.1/../../../../arm-none-eabi/lib/thumb/v7-m/nofp\libc_nano.a(libc_a-freer.o)
 .ARM.attributes
                0x000000000000067c       0x2d C:/ST/STM32CubeIDE_1.13.2/STM32CubeIDE/plugins/com.st.stm32cube.ide.mcu.externaltools.gnu-tools-for-stm32.11.3.rel1.win32_1.1.1.202309131626/tools/bin/../lib/gcc/arm-none-eabi/11.3.1/../../../../arm-none-eabi/lib/thumb/v7-m/nofp\libc_nano.a(libc_a-nano-svfprintf.o)
 .ARM.attributes
                0x00000000000006a9       0x2d C:/ST/STM32CubeIDE_1.13.2/STM32CubeIDE/plugins/com.st.stm32cube.ide.mcu.externaltools.gnu-tools-for-stm32.11.3.rel1.win32_1.1.1.202309131626/tools/bin/../lib/gcc/arm-none-eabi/11.3.1/../../../../arm-none-eabi/lib/thumb/v7-m/nofp\libc_nano.a(libc_a-nano-vfprintf_i.o)
 .ARM.attributes
                0x00000000000006d6       0x2d C:/ST/STM32CubeIDE_1.13.2/STM32CubeIDE/plugins/com.st.stm32cube.ide.mcu.externaltools.gnu-tools-for-stm32.11.3.rel1.win32_1.1.1.202309131626/tools/bin/../lib/gcc/arm-none-eabi/11.3.1/../../../../arm-none-eabi/lib/thumb/v7-m/nofp\libc_nano.a(libc_a-memmove.o)
 .ARM.attributes
                0x0000000000000703       0x2d C:/ST/STM32CubeIDE_1.13.2/STM32CubeIDE/plugins/com.st.stm32cube.ide.mcu.externaltools.gnu-tools-for-stm32.11.3.rel1.win32_1.1.1.202309131626/tools/bin/../lib/gcc/arm-none-eabi/11.3.1/../../../../arm-none-eabi/lib/thumb/v7-m/nofp\libc_nano.a(libc_a-memchr-stub.o)
 .ARM.attributes
                0x0000000000000730       0x2d C:/ST/STM32CubeIDE_1.13.2/STM32CubeIDE/plugins/com.st.stm32cube.ide.mcu.externaltools.gnu-tools-for-stm32.11.3.rel1.win32_1.1.1.202309131626/tools/bin/../lib/gcc/arm-none-eabi/11.3.1/../../../../arm-none-eabi/lib/thumb/v7-m/nofp\libc_nano.a(libc_a-memcpy-stub.o)
 .ARM.attributes
                0x000000000000075d       0x2d C:/ST/STM32CubeIDE_1.13.2/STM32CubeIDE/plugins/com.st.stm32cube.ide.mcu.externaltools.gnu-tools-for-stm32.11.3.rel1.win32_1.1.1.202309131626/tools/bin/../lib/gcc/arm-none-eabi/11.3.1/../../../../arm-none-eabi/lib/thumb/v7-m/nofp\libc_nano.a(libc_a-reallocr.o)
 .ARM.attributes
                0x000000000000078a       0x2d C:/ST/STM32CubeIDE_1.13.2/STM32CubeIDE/plugins/com.st.stm32cube.ide.mcu.externaltools.gnu-tools-for-stm32.11.3.rel1.win32_1.1.1.202309131626/tools/bin/../lib/gcc/arm-none-eabi/11.3.1/../../../../arm-none-eabi/lib/thumb/v7-m/nofp\libc_nano.a(libc_a-msizer.o)
 .ARM.attributes
                0x00000000000007b7       0x1d C:/ST/STM32CubeIDE_1.13.2/STM32CubeIDE/plugins/com.st.stm32cube.ide.mcu.externaltools.gnu-tools-for-stm32.11.3.rel1.win32_1.1.1.202309131626/tools/bin/../lib/gcc/arm-none-eabi/11.3.1/thumb/v7-m/nofp/crtn.o
OUTPUT(SD_Logger.elf elf32-littlearm)
LOAD linker stubs
LOAD C:/ST/STM32CubeIDE_1.13.2/STM32CubeIDE/plugins/com.st.stm32cube.ide.mcu.externaltools.gnu-tools-for-stm32.11.3.rel1.win32_1.1.1.202309131626/tools/bin/../lib/gcc/arm-none-eabi/11.3.1/../../../../arm-none-eabi/lib/thumb/v7-m/nofp\libc.a
LOAD C:/ST/STM32CubeIDE_1.13.2/STM32CubeIDE/plugins/com.st.stm32cube.ide.mcu.externaltools.gnu-tools-for-stm32.11.3.rel1.win32_1.1.1.202309131626/tools/bin/../lib/gcc/arm-none-eabi/11.3.1/../../../../arm-none-eabi/lib/thumb/v7-m/nofp\libm.a
LOAD C:/ST/STM32CubeIDE_1.13.2/STM32CubeIDE/plugins/com.st.stm32cube.ide.mcu.externaltools.gnu-tools-for-stm32.11.3.rel1.win32_1.1.1.202309131626/tools/bin/../lib/gcc/arm-none-eabi/11.3.1/thumb/v7-m/nofp\libgcc.a

.comment        0x0000000000000000       0x43
 .comment       0x0000000000000000       0x43 C:/ST/STM32CubeIDE_1.13.2/STM32CubeIDE/plugins/com.st.stm32cube.ide.mcu.externaltools.gnu-tools-for-stm32.11.3.rel1.win32_1.1.1.202309131626/tools/bin/../lib/gcc/arm-none-eabi/11.3.1/thumb/v7-m/nofp/crtbegin.o
                                         0x44 (size before relaxing)
 .comment       0x0000000000000043       0x44 ./Core/Src/fatfs_sd.o
 .comment       0x0000000000000043       0x44 ./Core/Src/main.o
 .comment       0x0000000000000043       0x44 ./Core/Src/stm32f1xx_hal_msp.o
 .comment       0x0000000000000043       0x44 ./Core/Src/stm32f1xx_it.o
 .comment       0x0000000000000043       0x44 ./Core/Src/sysmem.o
 .comment       0x0000000000000043       0x44 ./Core/Src/system_stm32f1xx.o
 .comment       0x0000000000000043       0x44 ./Drivers/STM32F1xx_HAL_Driver/Src/stm32f1xx_hal.o
 .comment       0x0000000000000043       0x44 ./Drivers/STM32F1xx_HAL_Driver/Src/stm32f1xx_hal_can.o
 .comment       0x0000000000000043       0x44 ./Drivers/STM32F1xx_HAL_Driver/Src/stm32f1xx_hal_cortex.o
 .comment       0x0000000000000043       0x44 ./Drivers/STM32F1xx_HAL_Driver/Src/stm32f1xx_hal_gpio.o
 .comment       0x0000000000000043       0x44 ./Drivers/STM32F1xx_HAL_Driver/Src/stm32f1xx_hal_rcc.o
 .comment       0x0000000000000043       0x44 ./Drivers/STM32F1xx_HAL_Driver/Src/stm32f1xx_hal_spi.o
 .comment       0x0000000000000043       0x44 ./Drivers/STM32F1xx_HAL_Driver/Src/stm32f1xx_hal_uart.o
 .comment       0x0000000000000043       0x44 ./FATFS/App/fatfs.o
 .comment       0x0000000000000043       0x44 ./FATFS/Target/user_diskio.o
 .comment       0x0000000000000043       0x44 ./Middlewares/Third_Party/FatFs/src/diskio.o
 .comment       0x0000000000000043       0x44 ./Middlewares/Third_Party/FatFs/src/ff.o
 .comment       0x0000000000000043       0x44 ./Middlewares/Third_Party/FatFs/src/ff_gen_drv.o
 .comment       0x0000000000000043       0x44 ./Middlewares/Third_Party/FatFs/src/option/ccsbcs.o
 .comment       0x0000000000000043       0x44 ./Middlewares/Third_Party/FatFs/src/option/syscall.o
 .comment       0x0000000000000043       0x44 ./sdLibSrc/sdcard.o

.debug_info     0x0000000000000000     0xeb6e
 .debug_info    0x0000000000000000      0xbb2 ./Core/Src/fatfs_sd.o
 .debug_info    0x0000000000000bb2     0x15f7 ./Core/Src/main.o
 .debug_info    0x00000000000021a9      0xf29 ./Core/Src/stm32f1xx_hal_msp.o
 .debug_info    0x00000000000030d2      0x17c ./Core/Src/stm32f1xx_it.o
 .debug_info    0x000000000000324e      0x168 ./Core/Src/sysmem.o
 .debug_info    0x00000000000033b6      0x222 ./Core/Src/system_stm32f1xx.o
 .debug_info    0x00000000000035d8       0x23 ./Core/Startup/startup_stm32f103rbtx.o
 .debug_info    0x00000000000035fb      0x704 ./Drivers/STM32F1xx_HAL_Driver/Src/stm32f1xx_hal.o
 .debug_info    0x0000000000003cff      0xf27 ./Drivers/STM32F1xx_HAL_Driver/Src/stm32f1xx_hal_can.o
 .debug_info    0x0000000000004c26      0xa87 ./Drivers/STM32F1xx_HAL_Driver/Src/stm32f1xx_hal_cortex.o
 .debug_info    0x00000000000056ad      0x5ab ./Drivers/STM32F1xx_HAL_Driver/Src/stm32f1xx_hal_gpio.o
 .debug_info    0x0000000000005c58      0x7d5 ./Drivers/STM32F1xx_HAL_Driver/Src/stm32f1xx_hal_rcc.o
 .debug_info    0x000000000000642d     0x1503 ./Drivers/STM32F1xx_HAL_Driver/Src/stm32f1xx_hal_spi.o
 .debug_info    0x0000000000007930     0x2fa8 ./Drivers/STM32F1xx_HAL_Driver/Src/stm32f1xx_hal_uart.o
 .debug_info    0x000000000000a8d8      0x4dd ./FATFS/App/fatfs.o
 .debug_info    0x000000000000adb5      0x3a5 ./FATFS/Target/user_diskio.o
 .debug_info    0x000000000000b15a      0x3da ./Middlewares/Third_Party/FatFs/src/diskio.o
 .debug_info    0x000000000000b534     0x256a ./Middlewares/Third_Party/FatFs/src/ff.o
 .debug_info    0x000000000000da9e      0x37a ./Middlewares/Third_Party/FatFs/src/ff_gen_drv.o
 .debug_info    0x000000000000de18      0x173 ./Middlewares/Third_Party/FatFs/src/option/ccsbcs.o
 .debug_info    0x000000000000df8b      0x10b ./Middlewares/Third_Party/FatFs/src/option/syscall.o
 .debug_info    0x000000000000e096      0xad8 ./sdLibSrc/sdcard.o

.debug_abbrev   0x0000000000000000     0x29b7
 .debug_abbrev  0x0000000000000000      0x302 ./Core/Src/fatfs_sd.o
 .debug_abbrev  0x0000000000000302      0x37d ./Core/Src/main.o
 .debug_abbrev  0x000000000000067f      0x21b ./Core/Src/stm32f1xx_hal_msp.o
 .debug_abbrev  0x000000000000089a       0x9c ./Core/Src/stm32f1xx_it.o
 .debug_abbrev  0x0000000000000936       0xbc ./Core/Src/sysmem.o
 .debug_abbrev  0x00000000000009f2      0x13f ./Core/Src/system_stm32f1xx.o
 .debug_abbrev  0x0000000000000b31       0x12 ./Core/Startup/startup_stm32f103rbtx.o
 .debug_abbrev  0x0000000000000b43      0x201 ./Drivers/STM32F1xx_HAL_Driver/Src/stm32f1xx_hal.o
 .debug_abbrev  0x0000000000000d44      0x22d ./Drivers/STM32F1xx_HAL_Driver/Src/stm32f1xx_hal_can.o
 .debug_abbrev  0x0000000000000f71      0x2f8 ./Drivers/STM32F1xx_HAL_Driver/Src/stm32f1xx_hal_cortex.o
 .debug_abbrev  0x0000000000001269      0x1ca ./Drivers/STM32F1xx_HAL_Driver/Src/stm32f1xx_hal_gpio.o
 .debug_abbrev  0x0000000000001433      0x2b3 ./Drivers/STM32F1xx_HAL_Driver/Src/stm32f1xx_hal_rcc.o
 .debug_abbrev  0x00000000000016e6      0x284 ./Drivers/STM32F1xx_HAL_Driver/Src/stm32f1xx_hal_spi.o
 .debug_abbrev  0x000000000000196a      0x2f8 ./Drivers/STM32F1xx_HAL_Driver/Src/stm32f1xx_hal_uart.o
 .debug_abbrev  0x0000000000001c62      0x1a8 ./FATFS/App/fatfs.o
 .debug_abbrev  0x0000000000001e0a      0x15c ./FATFS/Target/user_diskio.o
 .debug_abbrev  0x0000000000001f66      0x181 ./Middlewares/Third_Party/FatFs/src/diskio.o
 .debug_abbrev  0x00000000000020e7      0x2fb ./Middlewares/Third_Party/FatFs/src/ff.o
 .debug_abbrev  0x00000000000023e2      0x19f ./Middlewares/Third_Party/FatFs/src/ff_gen_drv.o
 .debug_abbrev  0x0000000000002581       0xd5 ./Middlewares/Third_Party/FatFs/src/option/ccsbcs.o
 .debug_abbrev  0x0000000000002656       0xbd ./Middlewares/Third_Party/FatFs/src/option/syscall.o
 .debug_abbrev  0x0000000000002713      0x2a4 ./sdLibSrc/sdcard.o

.debug_aranges  0x0000000000000000      0xd98
 .debug_aranges
                0x0000000000000000       0xa8 ./Core/Src/fatfs_sd.o
 .debug_aranges
                0x00000000000000a8       0x60 ./Core/Src/main.o
 .debug_aranges
                0x0000000000000108       0x50 ./Core/Src/stm32f1xx_hal_msp.o
 .debug_aranges
                0x0000000000000158       0x68 ./Core/Src/stm32f1xx_it.o
 .debug_aranges
                0x00000000000001c0       0x20 ./Core/Src/sysmem.o
 .debug_aranges
                0x00000000000001e0       0x28 ./Core/Src/system_stm32f1xx.o
 .debug_aranges
                0x0000000000000208       0x28 ./Core/Startup/startup_stm32f103rbtx.o
 .debug_aranges
                0x0000000000000230       0xe0 ./Drivers/STM32F1xx_HAL_Driver/Src/stm32f1xx_hal.o
 .debug_aranges
                0x0000000000000310      0x138 ./Drivers/STM32F1xx_HAL_Driver/Src/stm32f1xx_hal_can.o
 .debug_aranges
                0x0000000000000448      0x100 ./Drivers/STM32F1xx_HAL_Driver/Src/stm32f1xx_hal_cortex.o
 .debug_aranges
                0x0000000000000548       0x58 ./Drivers/STM32F1xx_HAL_Driver/Src/stm32f1xx_hal_gpio.o
 .debug_aranges
                0x00000000000005a0       0x90 ./Drivers/STM32F1xx_HAL_Driver/Src/stm32f1xx_hal_rcc.o
 .debug_aranges
                0x0000000000000630      0x1d0 ./Drivers/STM32F1xx_HAL_Driver/Src/stm32f1xx_hal_spi.o
 .debug_aranges
                0x0000000000000800      0x208 ./Drivers/STM32F1xx_HAL_Driver/Src/stm32f1xx_hal_uart.o
 .debug_aranges
                0x0000000000000a08       0x28 ./FATFS/App/fatfs.o
 .debug_aranges
                0x0000000000000a30       0x40 ./FATFS/Target/user_diskio.o
 .debug_aranges
                0x0000000000000a70       0x48 ./Middlewares/Third_Party/FatFs/src/diskio.o
 .debug_aranges
                0x0000000000000ab8      0x210 ./Middlewares/Third_Party/FatFs/src/ff.o
 .debug_aranges
                0x0000000000000cc8       0x40 ./Middlewares/Third_Party/FatFs/src/ff_gen_drv.o
 .debug_aranges
                0x0000000000000d08       0x28 ./Middlewares/Third_Party/FatFs/src/option/ccsbcs.o
 .debug_aranges
                0x0000000000000d30       0x28 ./Middlewares/Third_Party/FatFs/src/option/syscall.o
 .debug_aranges
                0x0000000000000d58       0x40 ./sdLibSrc/sdcard.o

.debug_rnglists
                0x0000000000000000      0xa63
 .debug_rnglists
                0x0000000000000000       0x80 ./Core/Src/fatfs_sd.o
 .debug_rnglists
                0x0000000000000080       0x46 ./Core/Src/main.o
 .debug_rnglists
                0x00000000000000c6       0x3a ./Core/Src/stm32f1xx_hal_msp.o
 .debug_rnglists
                0x0000000000000100       0x49 ./Core/Src/stm32f1xx_it.o
 .debug_rnglists
                0x0000000000000149       0x13 ./Core/Src/sysmem.o
 .debug_rnglists
                0x000000000000015c       0x1a ./Core/Src/system_stm32f1xx.o
 .debug_rnglists
                0x0000000000000176       0x19 ./Core/Startup/startup_stm32f103rbtx.o
 .debug_rnglists
                0x000000000000018f       0xa3 ./Drivers/STM32F1xx_HAL_Driver/Src/stm32f1xx_hal.o
 .debug_rnglists
                0x0000000000000232       0xee ./Drivers/STM32F1xx_HAL_Driver/Src/stm32f1xx_hal_can.o
 .debug_rnglists
                0x0000000000000320       0xbb ./Drivers/STM32F1xx_HAL_Driver/Src/stm32f1xx_hal_cortex.o
 .debug_rnglists
                0x00000000000003db       0x3f ./Drivers/STM32F1xx_HAL_Driver/Src/stm32f1xx_hal_gpio.o
 .debug_rnglists
                0x000000000000041a       0x6c ./Drivers/STM32F1xx_HAL_Driver/Src/stm32f1xx_hal_rcc.o
 .debug_rnglists
                0x0000000000000486      0x16e ./Drivers/STM32F1xx_HAL_Driver/Src/stm32f1xx_hal_spi.o
 .debug_rnglists
                0x00000000000005f4      0x1bc ./Drivers/STM32F1xx_HAL_Driver/Src/stm32f1xx_hal_uart.o
 .debug_rnglists
                0x00000000000007b0       0x19 ./FATFS/App/fatfs.o
 .debug_rnglists
                0x00000000000007c9       0x2b ./FATFS/Target/user_diskio.o
 .debug_rnglists
                0x00000000000007f4       0x31 ./Middlewares/Third_Party/FatFs/src/diskio.o
 .debug_rnglists
                0x0000000000000825      0x1b4 ./Middlewares/Third_Party/FatFs/src/ff.o
 .debug_rnglists
                0x00000000000009d9       0x2c ./Middlewares/Third_Party/FatFs/src/ff_gen_drv.o
 .debug_rnglists
                0x0000000000000a05       0x19 ./Middlewares/Third_Party/FatFs/src/option/ccsbcs.o
 .debug_rnglists
                0x0000000000000a1e       0x19 ./Middlewares/Third_Party/FatFs/src/option/syscall.o
 .debug_rnglists
                0x0000000000000a37       0x2c ./sdLibSrc/sdcard.o

.debug_macro    0x0000000000000000    0x1976f
 .debug_macro   0x0000000000000000      0x1d5 ./Core/Src/fatfs_sd.o
 .debug_macro   0x00000000000001d5      0xa9c ./Core/Src/fatfs_sd.o
 .debug_macro   0x0000000000000c71      0x221 ./Core/Src/fatfs_sd.o
 .debug_macro   0x0000000000000e92       0x2e ./Core/Src/fatfs_sd.o
 .debug_macro   0x0000000000000ec0       0x22 ./Core/Src/fatfs_sd.o
 .debug_macro   0x0000000000000ee2       0x22 ./Core/Src/fatfs_sd.o
 .debug_macro   0x0000000000000f04       0x8e ./Core/Src/fatfs_sd.o
 .debug_macro   0x0000000000000f92       0x51 ./Core/Src/fatfs_sd.o
 .debug_macro   0x0000000000000fe3      0x103 ./Core/Src/fatfs_sd.o
 .debug_macro   0x00000000000010e6       0x6a ./Core/Src/fatfs_sd.o
 .debug_macro   0x0000000000001150      0x1df ./Core/Src/fatfs_sd.o
 .debug_macro   0x000000000000132f       0x1c ./Core/Src/fatfs_sd.o
 .debug_macro   0x000000000000134b       0x22 ./Core/Src/fatfs_sd.o
 .debug_macro   0x000000000000136d       0xbd ./Core/Src/fatfs_sd.o
 .debug_macro   0x000000000000142a      0xd23 ./Core/Src/fatfs_sd.o
 .debug_macro   0x000000000000214d     0xe09e ./Core/Src/fatfs_sd.o
 .debug_macro   0x00000000000101eb       0x6d ./Core/Src/fatfs_sd.o
 .debug_macro   0x0000000000010258     0x348d ./Core/Src/fatfs_sd.o
 .debug_macro   0x00000000000136e5      0x174 ./Core/Src/fatfs_sd.o
 .debug_macro   0x0000000000013859       0x5c ./Core/Src/fatfs_sd.o
 .debug_macro   0x00000000000138b5      0x5bc ./Core/Src/fatfs_sd.o
 .debug_macro   0x0000000000013e71      0x289 ./Core/Src/fatfs_sd.o
 .debug_macro   0x00000000000140fa      0x1cb ./Core/Src/fatfs_sd.o
 .debug_macro   0x00000000000142c5      0x114 ./Core/Src/fatfs_sd.o
 .debug_macro   0x00000000000143d9      0x1b2 ./Core/Src/fatfs_sd.o
 .debug_macro   0x000000000001458b       0x27 ./Core/Src/fatfs_sd.o
 .debug_macro   0x00000000000145b2      0x136 ./Core/Src/fatfs_sd.o
 .debug_macro   0x00000000000146e8      0x1bc ./Core/Src/fatfs_sd.o
 .debug_macro   0x00000000000148a4       0x34 ./Core/Src/fatfs_sd.o
 .debug_macro   0x00000000000148d8       0x3c ./Core/Src/fatfs_sd.o
 .debug_macro   0x0000000000014914      0x408 ./Core/Src/fatfs_sd.o
 .debug_macro   0x0000000000014d1c       0x57 ./Core/Src/fatfs_sd.o
 .debug_macro   0x0000000000014d73       0x87 ./Core/Src/fatfs_sd.o
 .debug_macro   0x0000000000014dfa      0x240 ./Core/Src/fatfs_sd.o
 .debug_macro   0x000000000001503a      0x140 ./Core/Src/fatfs_sd.o
 .debug_macro   0x000000000001517a      0x217 ./Core/Src/fatfs_sd.o
 .debug_macro   0x0000000000015391      0x28e ./Core/Src/fatfs_sd.o
 .debug_macro   0x000000000001561f       0x83 ./Core/Src/fatfs_sd.o
 .debug_macro   0x00000000000156a2       0x16 ./Core/Src/fatfs_sd.o
 .debug_macro   0x00000000000156b8       0x7c ./Core/Src/fatfs_sd.o
 .debug_macro   0x0000000000015734       0x9a ./Core/Src/fatfs_sd.o
 .debug_macro   0x00000000000157ce      0x3f2 ./Core/Src/main.o
 .debug_macro   0x0000000000015bc0       0x16 ./Core/Src/main.o
 .debug_macro   0x0000000000015bd6       0xde ./Core/Src/main.o
 .debug_macro   0x0000000000015cb4       0xf5 ./Core/Src/main.o
 .debug_macro   0x0000000000015da9       0x8e ./Core/Src/main.o
 .debug_macro   0x0000000000015e37       0x61 ./Core/Src/main.o
 .debug_macro   0x0000000000015e98       0x24 ./Core/Src/main.o
 .debug_macro   0x0000000000015ebc       0x43 ./Core/Src/main.o
 .debug_macro   0x0000000000015eff       0x34 ./Core/Src/main.o
 .debug_macro   0x0000000000015f33       0x16 ./Core/Src/main.o
 .debug_macro   0x0000000000015f49       0x43 ./Core/Src/main.o
 .debug_macro   0x0000000000015f8c       0x34 ./Core/Src/main.o
 .debug_macro   0x0000000000015fc0       0x10 ./Core/Src/main.o
 .debug_macro   0x0000000000015fd0       0x58 ./Core/Src/main.o
 .debug_macro   0x0000000000016028       0x8e ./Core/Src/main.o
 .debug_macro   0x00000000000160b6       0x1c ./Core/Src/main.o
 .debug_macro   0x00000000000160d2      0x177 ./Core/Src/main.o
 .debug_macro   0x0000000000016249      0x369 ./Core/Src/main.o
 .debug_macro   0x00000000000165b2       0x10 ./Core/Src/main.o
 .debug_macro   0x00000000000165c2       0x35 ./Core/Src/main.o
 .debug_macro   0x00000000000165f7       0x20 ./Core/Src/main.o
 .debug_macro   0x0000000000016617       0x1c ./Core/Src/main.o
 .debug_macro   0x0000000000016633       0x10 ./Core/Src/main.o
 .debug_macro   0x0000000000016643       0x1c ./Core/Src/main.o
 .debug_macro   0x000000000001665f       0x16 ./Core/Src/main.o
 .debug_macro   0x0000000000016675      0x147 ./Core/Src/main.o
 .debug_macro   0x00000000000167bc       0x16 ./Core/Src/main.o
 .debug_macro   0x00000000000167d2       0x10 ./Core/Src/main.o
 .debug_macro   0x00000000000167e2       0x10 ./Core/Src/main.o
 .debug_macro   0x00000000000167f2       0x10 ./Core/Src/main.o
 .debug_macro   0x0000000000016802       0x1c ./Core/Src/main.o
 .debug_macro   0x000000000001681e       0x52 ./Core/Src/main.o
 .debug_macro   0x0000000000016870       0x22 ./Core/Src/main.o
 .debug_macro   0x0000000000016892       0x10 ./Core/Src/main.o
 .debug_macro   0x00000000000168a2       0x52 ./Core/Src/main.o
 .debug_macro   0x00000000000168f4       0xc1 ./Core/Src/main.o
 .debug_macro   0x00000000000169b5       0x1c ./Core/Src/main.o
 .debug_macro   0x00000000000169d1       0x3d ./Core/Src/main.o
 .debug_macro   0x0000000000016a0e       0x35 ./Core/Src/main.o
 .debug_macro   0x0000000000016a43       0x16 ./Core/Src/main.o
 .debug_macro   0x0000000000016a59       0x16 ./Core/Src/main.o
 .debug_macro   0x0000000000016a6f       0x29 ./Core/Src/main.o
 .debug_macro   0x0000000000016a98      0x1b1 ./Core/Src/stm32f1xx_hal_msp.o
 .debug_macro   0x0000000000016c49      0x1bb ./Core/Src/stm32f1xx_it.o
 .debug_macro   0x0000000000016e04       0xff ./Core/Src/sysmem.o
 .debug_macro   0x0000000000016f03      0x23c ./Core/Src/sysmem.o
 .debug_macro   0x000000000001713f      0x1a2 ./Core/Src/system_stm32f1xx.o
 .debug_macro   0x00000000000172e1      0x1c6 ./Drivers/STM32F1xx_HAL_Driver/Src/stm32f1xx_hal.o
 .debug_macro   0x00000000000174a7      0x1aa ./Drivers/STM32F1xx_HAL_Driver/Src/stm32f1xx_hal_can.o
 .debug_macro   0x0000000000017651      0x1a2 ./Drivers/STM32F1xx_HAL_Driver/Src/stm32f1xx_hal_cortex.o
 .debug_macro   0x00000000000177f3      0x20d ./Drivers/STM32F1xx_HAL_Driver/Src/stm32f1xx_hal_gpio.o
 .debug_macro   0x0000000000017a00      0x1b4 ./Drivers/STM32F1xx_HAL_Driver/Src/stm32f1xx_hal_rcc.o
 .debug_macro   0x0000000000017bb4      0x1aa ./Drivers/STM32F1xx_HAL_Driver/Src/stm32f1xx_hal_spi.o
 .debug_macro   0x0000000000017d5e      0x1a3 ./Drivers/STM32F1xx_HAL_Driver/Src/stm32f1xx_hal_uart.o
 .debug_macro   0x0000000000017f01      0x204 ./FATFS/App/fatfs.o
 .debug_macro   0x0000000000018105       0xd8 ./FATFS/App/fatfs.o
 .debug_macro   0x00000000000181dd      0x2b9 ./FATFS/Target/user_diskio.o
 .debug_macro   0x0000000000018496       0x56 ./FATFS/Target/user_diskio.o
 .debug_macro   0x00000000000184ec      0x1f1 ./Middlewares/Third_Party/FatFs/src/diskio.o
 .debug_macro   0x00000000000186dd      0x438 ./Middlewares/Third_Party/FatFs/src/ff.o
 .debug_macro   0x0000000000018b15       0x58 ./Middlewares/Third_Party/FatFs/src/ff.o
 .debug_macro   0x0000000000018b6d      0x1f1 ./Middlewares/Third_Party/FatFs/src/ff_gen_drv.o
 .debug_macro   0x0000000000018d5e      0x1df ./Middlewares/Third_Party/FatFs/src/option/ccsbcs.o
 .debug_macro   0x0000000000018f3d      0x29f ./Middlewares/Third_Party/FatFs/src/option/syscall.o
 .debug_macro   0x00000000000191dc      0x10e ./Middlewares/Third_Party/FatFs/src/option/syscall.o
 .debug_macro   0x00000000000192ea       0x8d ./Middlewares/Third_Party/FatFs/src/option/syscall.o
 .debug_macro   0x0000000000019377      0x3f8 ./sdLibSrc/sdcard.o

.debug_line     0x0000000000000000    0x130ac
 .debug_line    0x0000000000000000      0xe0c ./Core/Src/fatfs_sd.o
 .debug_line    0x0000000000000e0c      0xc2f ./Core/Src/main.o
 .debug_line    0x0000000000001a3b      0x7f4 ./Core/Src/stm32f1xx_hal_msp.o
 .debug_line    0x000000000000222f      0x7e2 ./Core/Src/stm32f1xx_it.o
 .debug_line    0x0000000000002a11      0x579 ./Core/Src/sysmem.o
 .debug_line    0x0000000000002f8a      0x778 ./Core/Src/system_stm32f1xx.o
 .debug_line    0x0000000000003702       0x78 ./Core/Startup/startup_stm32f103rbtx.o
 .debug_line    0x000000000000377a      0x9a5 ./Drivers/STM32F1xx_HAL_Driver/Src/stm32f1xx_hal.o
 .debug_line    0x000000000000411f     0x114c ./Drivers/STM32F1xx_HAL_Driver/Src/stm32f1xx_hal_can.o
 .debug_line    0x000000000000526b      0xb8d ./Drivers/STM32F1xx_HAL_Driver/Src/stm32f1xx_hal_cortex.o
 .debug_line    0x0000000000005df8      0xa3e ./Drivers/STM32F1xx_HAL_Driver/Src/stm32f1xx_hal_gpio.o
 .debug_line    0x0000000000006836      0xdae ./Drivers/STM32F1xx_HAL_Driver/Src/stm32f1xx_hal_rcc.o
 .debug_line    0x00000000000075e4     0x1c2d ./Drivers/STM32F1xx_HAL_Driver/Src/stm32f1xx_hal_spi.o
 .debug_line    0x0000000000009211     0x28d3 ./Drivers/STM32F1xx_HAL_Driver/Src/stm32f1xx_hal_uart.o
 .debug_line    0x000000000000bae4      0x795 ./FATFS/App/fatfs.o
 .debug_line    0x000000000000c279      0x91a ./FATFS/Target/user_diskio.o
 .debug_line    0x000000000000cb93      0x806 ./Middlewares/Third_Party/FatFs/src/diskio.o
 .debug_line    0x000000000000d399     0x38c9 ./Middlewares/Third_Party/FatFs/src/ff.o
 .debug_line    0x0000000000010c62      0x823 ./Middlewares/Third_Party/FatFs/src/ff_gen_drv.o
 .debug_line    0x0000000000011485      0x807 ./Middlewares/Third_Party/FatFs/src/option/ccsbcs.o
 .debug_line    0x0000000000011c8c      0x8da ./Middlewares/Third_Party/FatFs/src/option/syscall.o
 .debug_line    0x0000000000012566      0xb46 ./sdLibSrc/sdcard.o

.debug_str      0x0000000000000000    0x88ad0
 .debug_str     0x0000000000000000    0x8035f ./Core/Src/fatfs_sd.o
                                      0x8071e (size before relaxing)
 .debug_str     0x000000000008035f     0x5205 ./Core/Src/main.o
                                      0x857db (size before relaxing)
 .debug_str     0x0000000000085564       0xd3 ./Core/Src/stm32f1xx_hal_msp.o
                                      0x8077f (size before relaxing)
 .debug_str     0x0000000000085637       0xf0 ./Core/Src/stm32f1xx_it.o
                                      0x7ff09 (size before relaxing)
 .debug_str     0x0000000000085727      0x4dc ./Core/Src/sysmem.o
                                       0x6013 (size before relaxing)
 .debug_str     0x0000000000085c03       0x7e ./Core/Src/system_stm32f1xx.o
                                      0x7fe9b (size before relaxing)
 .debug_str     0x0000000000085c81       0x34 ./Core/Startup/startup_stm32f103rbtx.o
                                         0x7d (size before relaxing)
 .debug_str     0x0000000000085cb5      0x5fd ./Drivers/STM32F1xx_HAL_Driver/Src/stm32f1xx_hal.o
                                      0x805ce (size before relaxing)
 .debug_str     0x00000000000862b2      0x528 ./Drivers/STM32F1xx_HAL_Driver/Src/stm32f1xx_hal_can.o
                                      0x8069b (size before relaxing)
 .debug_str     0x00000000000867da      0x293 ./Drivers/STM32F1xx_HAL_Driver/Src/stm32f1xx_hal_cortex.o
                                      0x8051a (size before relaxing)
 .debug_str     0x0000000000086a6d      0x2e6 ./Drivers/STM32F1xx_HAL_Driver/Src/stm32f1xx_hal_gpio.o
                                      0x80221 (size before relaxing)
 .debug_str     0x0000000000086d53      0x229 ./Drivers/STM32F1xx_HAL_Driver/Src/stm32f1xx_hal_rcc.o
                                      0x802ca (size before relaxing)
 .debug_str     0x0000000000086f7c      0x539 ./Drivers/STM32F1xx_HAL_Driver/Src/stm32f1xx_hal_spi.o
                                      0x807c7 (size before relaxing)
 .debug_str     0x00000000000874b5      0x606 ./Drivers/STM32F1xx_HAL_Driver/Src/stm32f1xx_hal_uart.o
                                      0x8093b (size before relaxing)
 .debug_str     0x0000000000087abb       0x74 ./FATFS/App/fatfs.o
                                      0x80779 (size before relaxing)
 .debug_str     0x0000000000087b2f       0x5a ./FATFS/Target/user_diskio.o
                                      0x83821 (size before relaxing)
 .debug_str     0x0000000000087b89       0x52 ./Middlewares/Third_Party/FatFs/src/diskio.o
                                      0x8069f (size before relaxing)
 .debug_str     0x0000000000087bdb      0xd17 ./Middlewares/Third_Party/FatFs/src/ff.o
                                      0x815df (size before relaxing)
 .debug_str     0x00000000000888f2       0x91 ./Middlewares/Third_Party/FatFs/src/ff_gen_drv.o
                                      0x806f0 (size before relaxing)
 .debug_str     0x0000000000088983       0x53 ./Middlewares/Third_Party/FatFs/src/option/ccsbcs.o
                                      0x8047e (size before relaxing)
 .debug_str     0x00000000000889d6       0x43 ./Middlewares/Third_Party/FatFs/src/option/syscall.o
                                      0x83625 (size before relaxing)
 .debug_str     0x0000000000088a19       0xb7 ./sdLibSrc/sdcard.o
                                      0x8512d (size before relaxing)

.debug_frame    0x0000000000000000     0x3c18
 .debug_frame   0x0000000000000000      0x28c ./Core/Src/fatfs_sd.o
 .debug_frame   0x000000000000028c      0x134 ./Core/Src/main.o
 .debug_frame   0x00000000000003c0      0x110 ./Core/Src/stm32f1xx_hal_msp.o
 .debug_frame   0x00000000000004d0      0x124 ./Core/Src/stm32f1xx_it.o
 .debug_frame   0x00000000000005f4       0x34 ./Core/Src/sysmem.o
 .debug_frame   0x0000000000000628       0x58 ./Core/Src/system_stm32f1xx.o
 .debug_frame   0x0000000000000680      0x334 ./Drivers/STM32F1xx_HAL_Driver/Src/stm32f1xx_hal.o
 .debug_frame   0x00000000000009b4      0x5a0 ./Drivers/STM32F1xx_HAL_Driver/Src/stm32f1xx_hal_can.o
 .debug_frame   0x0000000000000f54      0x428 ./Drivers/STM32F1xx_HAL_Driver/Src/stm32f1xx_hal_cortex.o
 .debug_frame   0x000000000000137c      0x14c ./Drivers/STM32F1xx_HAL_Driver/Src/stm32f1xx_hal_gpio.o
 .debug_frame   0x00000000000014c8      0x218 ./Drivers/STM32F1xx_HAL_Driver/Src/stm32f1xx_hal_rcc.o
 .debug_frame   0x00000000000016e0      0x824 ./Drivers/STM32F1xx_HAL_Driver/Src/stm32f1xx_hal_spi.o
 .debug_frame   0x0000000000001f04      0x944 ./Drivers/STM32F1xx_HAL_Driver/Src/stm32f1xx_hal_uart.o
 .debug_frame   0x0000000000002848       0x4c ./FATFS/App/fatfs.o
 .debug_frame   0x0000000000002894       0xc4 ./FATFS/Target/user_diskio.o
 .debug_frame   0x0000000000002958       0xec ./Middlewares/Third_Party/FatFs/src/diskio.o
 .debug_frame   0x0000000000002a44      0x9b0 ./Middlewares/Third_Party/FatFs/src/ff.o
 .debug_frame   0x00000000000033f4       0xc8 ./Middlewares/Third_Party/FatFs/src/ff_gen_drv.o
 .debug_frame   0x00000000000034bc       0x60 ./Middlewares/Third_Party/FatFs/src/option/ccsbcs.o
 .debug_frame   0x000000000000351c       0x58 ./Middlewares/Third_Party/FatFs/src/option/syscall.o
 .debug_frame   0x0000000000003574       0xc8 ./sdLibSrc/sdcard.o
 .debug_frame   0x000000000000363c       0x30 C:/ST/STM32CubeIDE_1.13.2/STM32CubeIDE/plugins/com.st.stm32cube.ide.mcu.externaltools.gnu-tools-for-stm32.11.3.rel1.win32_1.1.1.202309131626/tools/bin/../lib/gcc/arm-none-eabi/11.3.1/../../../../arm-none-eabi/lib/thumb/v7-m/nofp\libc_nano.a(libc_a-malloc.o)
 .debug_frame   0x000000000000366c       0x50 C:/ST/STM32CubeIDE_1.13.2/STM32CubeIDE/plugins/com.st.stm32cube.ide.mcu.externaltools.gnu-tools-for-stm32.11.3.rel1.win32_1.1.1.202309131626/tools/bin/../lib/gcc/arm-none-eabi/11.3.1/../../../../arm-none-eabi/lib/thumb/v7-m/nofp\libc_nano.a(libc_a-mallocr.o)
 .debug_frame   0x00000000000036bc       0x30 C:/ST/STM32CubeIDE_1.13.2/STM32CubeIDE/plugins/com.st.stm32cube.ide.mcu.externaltools.gnu-tools-for-stm32.11.3.rel1.win32_1.1.1.202309131626/tools/bin/../lib/gcc/arm-none-eabi/11.3.1/../../../../arm-none-eabi/lib/thumb/v7-m/nofp\libc_nano.a(libc_a-mlock.o)
 .debug_frame   0x00000000000036ec      0x144 C:/ST/STM32CubeIDE_1.13.2/STM32CubeIDE/plugins/com.st.stm32cube.ide.mcu.externaltools.gnu-tools-for-stm32.11.3.rel1.win32_1.1.1.202309131626/tools/bin/../lib/gcc/arm-none-eabi/11.3.1/../../../../arm-none-eabi/lib/thumb/v7-m/nofp\libc_nano.a(libc_a-findfp.o)
 .debug_frame   0x0000000000003830       0x6c C:/ST/STM32CubeIDE_1.13.2/STM32CubeIDE/plugins/com.st.stm32cube.ide.mcu.externaltools.gnu-tools-for-stm32.11.3.rel1.win32_1.1.1.202309131626/tools/bin/../lib/gcc/arm-none-eabi/11.3.1/../../../../arm-none-eabi/lib/thumb/v7-m/nofp\libc_nano.a(libc_a-sprintf.o)
 .debug_frame   0x000000000000389c       0x20 C:/ST/STM32CubeIDE_1.13.2/STM32CubeIDE/plugins/com.st.stm32cube.ide.mcu.externaltools.gnu-tools-for-stm32.11.3.rel1.win32_1.1.1.202309131626/tools/bin/../lib/gcc/arm-none-eabi/11.3.1/../../../../arm-none-eabi/lib/thumb/v7-m/nofp\libc_nano.a(libc_a-memset.o)
 .debug_frame   0x00000000000038bc       0x38 C:/ST/STM32CubeIDE_1.13.2/STM32CubeIDE/plugins/com.st.stm32cube.ide.mcu.externaltools.gnu-tools-for-stm32.11.3.rel1.win32_1.1.1.202309131626/tools/bin/../lib/gcc/arm-none-eabi/11.3.1/../../../../arm-none-eabi/lib/thumb/v7-m/nofp\libc_nano.a(libc_a-reent.o)
 .debug_frame   0x00000000000038f4       0x2c C:/ST/STM32CubeIDE_1.13.2/STM32CubeIDE/plugins/com.st.stm32cube.ide.mcu.externaltools.gnu-tools-for-stm32.11.3.rel1.win32_1.1.1.202309131626/tools/bin/../lib/gcc/arm-none-eabi/11.3.1/../../../../arm-none-eabi/lib/thumb/v7-m/nofp\libc_nano.a(libc_a-sbrkr.o)
 .debug_frame   0x0000000000003920       0x20 C:/ST/STM32CubeIDE_1.13.2/STM32CubeIDE/plugins/com.st.stm32cube.ide.mcu.externaltools.gnu-tools-for-stm32.11.3.rel1.win32_1.1.1.202309131626/tools/bin/../lib/gcc/arm-none-eabi/11.3.1/../../../../arm-none-eabi/lib/thumb/v7-m/nofp\libc_nano.a(libc_a-errno.o)
 .debug_frame   0x0000000000003940       0x2c C:/ST/STM32CubeIDE_1.13.2/STM32CubeIDE/plugins/com.st.stm32cube.ide.mcu.externaltools.gnu-tools-for-stm32.11.3.rel1.win32_1.1.1.202309131626/tools/bin/../lib/gcc/arm-none-eabi/11.3.1/../../../../arm-none-eabi/lib/thumb/v7-m/nofp\libc_nano.a(libc_a-init.o)
 .debug_frame   0x000000000000396c       0xb0 C:/ST/STM32CubeIDE_1.13.2/STM32CubeIDE/plugins/com.st.stm32cube.ide.mcu.externaltools.gnu-tools-for-stm32.11.3.rel1.win32_1.1.1.202309131626/tools/bin/../lib/gcc/arm-none-eabi/11.3.1/../../../../arm-none-eabi/lib/thumb/v7-m/nofp\libc_nano.a(libc_a-lock.o)
 .debug_frame   0x0000000000003a1c       0x38 C:/ST/STM32CubeIDE_1.13.2/STM32CubeIDE/plugins/com.st.stm32cube.ide.mcu.externaltools.gnu-tools-for-stm32.11.3.rel1.win32_1.1.1.202309131626/tools/bin/../lib/gcc/arm-none-eabi/11.3.1/../../../../arm-none-eabi/lib/thumb/v7-m/nofp\libc_nano.a(libc_a-freer.o)
 .debug_frame   0x0000000000003a54       0x90 C:/ST/STM32CubeIDE_1.13.2/STM32CubeIDE/plugins/com.st.stm32cube.ide.mcu.externaltools.gnu-tools-for-stm32.11.3.rel1.win32_1.1.1.202309131626/tools/bin/../lib/gcc/arm-none-eabi/11.3.1/../../../../arm-none-eabi/lib/thumb/v7-m/nofp\libc_nano.a(libc_a-nano-svfprintf.o)
 .debug_frame   0x0000000000003ae4       0x60 C:/ST/STM32CubeIDE_1.13.2/STM32CubeIDE/plugins/com.st.stm32cube.ide.mcu.externaltools.gnu-tools-for-stm32.11.3.rel1.win32_1.1.1.202309131626/tools/bin/../lib/gcc/arm-none-eabi/11.3.1/../../../../arm-none-eabi/lib/thumb/v7-m/nofp\libc_nano.a(libc_a-nano-vfprintf_i.o)