../Core/Src/main.c:123:6:send_uart	24	static
../Core/Src/main.c:130:5:bufsize	24	static
../Core/Src/main.c:137:6:bufclear	16	static
../Core/Src/main.c:151:5:main	120	static
../Core/Src/main.c:346:6:SystemClock_Config	72	static
../Core/Src/main.c:386:13:MX_CAN_Init	8	static
../Core/Src/main.c:423:13:MX_SPI1_Init	8	static
../Core/Src/main.c:461:13:MX_USART2_UART_Init	8	static
../Core/Src/main.c:494:13:MX_GPIO_Init	40	static
../Core/Src/main.c:530:6:StartReadCAN	24	static
../Core/Src/main.c:572:6:StartSDwrite	48	static
../Core/Src/main.c:597:6:Error_Handler	4	static,ignoring_inline_asm
