../Core/Src/LCD.c:12:6:Delay	24	static
../Core/Src/LCD.c:29:6:MicrosecondDelay	24	static
../Core/Src/LCD.c:45:6:MoveCursor	24	static
../Core/Src/LCD.c:71:6:ClearScreen	16	static
../Core/Src/LCD.c:91:6:SaveCharacterToRAM	24	static
../Core/Src/LCD.c:107:6:CharacterBitMaps	272	static
../Core/Src/LCD.c:143:6:OutputString	24	static
../Core/Src/LCD.c:236:6:OutputPaddedInteger	32	static
../Core/Src/LCD.c:285:6:SetBar	24	static
../Core/Src/LCD.c:308:6:DisplayScreen	8	static
../Core/Src/LCD.c:371:6:UpdateScreenTitles	16	static
../Core/Src/LCD.c:436:6:UpdateScreenParameter	24	static
../Core/Src/LCD.c:450:6:WriteByteToDataBus	16	static
../Core/Src/LCD.c:461:6:TransmitCommand	16	static
../Core/Src/LCD.c:476:6:TransmitCommandParameter	16	static
../Core/Src/LCD.c:489:6:InitialiseLCDPins	4	static
../Core/Src/LCD.c:514:6:ScreenSetup	8	static
