CANbus_functions.c:113:13:CANstate_InitAll	8	static
CANbus_functions.c:139:6:CAN_InitHeaderStruct	24	static
CANbus_functions.c:189:6:CAN_InitMessageSeries_Dynamic	32	static
CANbus_functions.c:237:26:CANstate	32	static
CANbus_functions.c:383:9:CANstate_staleCheck	8	static
CANbus_functions.c:404:6:CANstate_compileAll	16	static
CANbus_functions.c:423:19:CANstate_requestQueue	32	static
CANbus_functions.c:481:6:CANstate_resetRequestQueue	16	static
CANbus_functions.c:505:6:CAN_CompileMessage622	24	static
CANbus_functions.c:627:6:CAN_CompileMessage623	72	static
CANbus_functions.c:706:6:CAN_CompileMessage626	24	static
CANbus_functions.c:753:6:CAN_CompileMessage627	88	static
CANbus_functions.c:844:6:VoltageInfoRetrieval	48	static
CANbus_functions.c:916:14:outOfBoundsAndCast_packVoltage	16	static
CANbus_functions.c:944:9:outOfBoundsAndConvert_moduleVoltage	24	static
CANbus_functions.c:989:6:temperatureDataRetrieval	72	static
CANbus_functions.c:1093:9:TwosComplement_TemperatureConverter	40	static
CANbus_functions.c:1131:9:celciusAverage	56	static
