20:55:01 **** Incremental Build of configuration Debug for project CANbus_example_2022_May_07 ****
make -j4 all 
arm-none-eabi-gcc "../Core/Src/CANbus_functions.c" -mcpu=cortex-m3 -std=gnu11 -g3 -DDEBUG -DUSE_HAL_DRIVER -DSTM32F103xB -c -I../Core/Inc -I../Drivers/STM32F1xx_HAL_Driver/Inc -I../Drivers/STM32F1xx_HAL_Driver/Inc/Legacy -I../Drivers/CMSIS/Device/ST/STM32F1xx/Include -I../Drivers/CMSIS/Include -O0 -ffunction-sections -fdata-sections -Wall -fstack-usage -MMD -MP -MF"Core/Src/CANbus_functions.d" -MT"Core/Src/CANbus_functions.o" --specs=nano.specs -mfloat-abi=soft -mthumb -o "Core/Src/CANbus_functions.o"
arm-none-eabi-gcc -o "CANbus_example_2022_May_07.elf" @"objects.list"   -mcpu=cortex-m3 -T"C:\Users\Edward Ma\Documents\Design Team Documents\GIT\firmware_v3\components\bms\CANbus_example_2022_May_07\STM32F103C8TX_FLASH.ld" --specs=nosys.specs -Wl,-Map="CANbus_example_2022_May_07.map" -Wl,--gc-sections -static --specs=nano.specs -mfloat-abi=soft -mthumb -Wl,--start-group -lc -lm -Wl,--end-group
Finished building target: CANbus_example_2022_May_07.elf
 
arm-none-eabi-size   CANbus_example_2022_May_07.elf 
arm-none-eabi-objdump -h -S  CANbus_example_2022_May_07.elf  > "CANbus_example_2022_May_07.list"
   text	   data	    bss	    dec	    hex	filename
  13396	     56	   1888	  15340	   3bec	CANbus_example_2022_May_07.elf
Finished building: default.size.stdout
 
Finished building: CANbus_example_2022_May_07.list
 
