../Drivers/STM32F1xx_HAL_Driver/Src/stm32f1xx_hal_can.c:274:19:HAL_CAN_Init	24	static
../Drivers/STM32F1xx_HAL_Driver/Src/stm32f1xx_hal_can.c:459:19:HAL_CAN_DeInit	16	static
../Drivers/STM32F1xx_HAL_Driver/Src/stm32f1xx_hal_can.c:506:13:HAL_CAN_MspInit	16	static
../Drivers/STM32F1xx_HAL_Driver/Src/stm32f1xx_hal_can.c:522:13:HAL_CAN_MspDeInit	16	static
../Drivers/STM32F1xx_HAL_Driver/Src/stm32f1xx_hal_can.c:839:19:HAL_CAN_ConfigFilter	32	static
../Drivers/STM32F1xx_HAL_Driver/Src/stm32f1xx_hal_can.c:1005:19:HAL_CAN_Start	24	static
../Drivers/STM32F1xx_HAL_Driver/Src/stm32f1xx_hal_can.c:1057:19:HAL_CAN_Stop	24	static
../Drivers/STM32F1xx_HAL_Driver/Src/stm32f1xx_hal_can.c:1112:19:HAL_CAN_RequestSleep	24	static
../Drivers/STM32F1xx_HAL_Driver/Src/stm32f1xx_hal_can.c:1143:19:HAL_CAN_WakeUp	32	static
../Drivers/STM32F1xx_HAL_Driver/Src/stm32f1xx_hal_can.c:1192:10:HAL_CAN_IsSleepActive	24	static
../Drivers/STM32F1xx_HAL_Driver/Src/stm32f1xx_hal_can.c:1223:19:HAL_CAN_AddTxMessage	40	static
../Drivers/STM32F1xx_HAL_Driver/Src/stm32f1xx_hal_can.c:1323:19:HAL_CAN_AbortTxRequest	24	static
../Drivers/STM32F1xx_HAL_Driver/Src/stm32f1xx_hal_can.c:1372:10:HAL_CAN_GetTxMailboxesFreeLevel	24	static
../Drivers/STM32F1xx_HAL_Driver/Src/stm32f1xx_hal_can.c:1415:10:HAL_CAN_IsTxMessagePending	24	static
../Drivers/STM32F1xx_HAL_Driver/Src/stm32f1xx_hal_can.c:1447:10:HAL_CAN_GetTxTimestamp	40	static,ignoring_inline_asm
../Drivers/STM32F1xx_HAL_Driver/Src/stm32f1xx_hal_can.c:1481:19:HAL_CAN_GetRxMessage	32	static
../Drivers/STM32F1xx_HAL_Driver/Src/stm32f1xx_hal_can.c:1581:10:HAL_CAN_GetRxFifoFillLevel	24	static
../Drivers/STM32F1xx_HAL_Driver/Src/stm32f1xx_hal_can.c:1634:19:HAL_CAN_ActivateNotification	24	static
../Drivers/STM32F1xx_HAL_Driver/Src/stm32f1xx_hal_can.c:1667:19:HAL_CAN_DeactivateNotification	24	static
../Drivers/STM32F1xx_HAL_Driver/Src/stm32f1xx_hal_can.c:1698:6:HAL_CAN_IRQHandler	48	static
../Drivers/STM32F1xx_HAL_Driver/Src/stm32f1xx_hal_can.c:2109:13:HAL_CAN_TxMailbox0CompleteCallback	16	static
../Drivers/STM32F1xx_HAL_Driver/Src/stm32f1xx_hal_can.c:2126:13:HAL_CAN_TxMailbox1CompleteCallback	16	static
../Drivers/STM32F1xx_HAL_Driver/Src/stm32f1xx_hal_can.c:2143:13:HAL_CAN_TxMailbox2CompleteCallback	16	static
../Drivers/STM32F1xx_HAL_Driver/Src/stm32f1xx_hal_can.c:2160:13:HAL_CAN_TxMailbox0AbortCallback	16	static
../Drivers/STM32F1xx_HAL_Driver/Src/stm32f1xx_hal_can.c:2177:13:HAL_CAN_TxMailbox1AbortCallback	16	static
../Drivers/STM32F1xx_HAL_Driver/Src/stm32f1xx_hal_can.c:2194:13:HAL_CAN_TxMailbox2AbortCallback	16	static
../Drivers/STM32F1xx_HAL_Driver/Src/stm32f1xx_hal_can.c:2211:13:HAL_CAN_RxFifo0MsgPendingCallback	16	static
../Drivers/STM32F1xx_HAL_Driver/Src/stm32f1xx_hal_can.c:2228:13:HAL_CAN_RxFifo0FullCallback	16	static
../Drivers/STM32F1xx_HAL_Driver/Src/stm32f1xx_hal_can.c:2245:13:HAL_CAN_RxFifo1MsgPendingCallback	16	static
../Drivers/STM32F1xx_HAL_Driver/Src/stm32f1xx_hal_can.c:2262:13:HAL_CAN_RxFifo1FullCallback	16	static
../Drivers/STM32F1xx_HAL_Driver/Src/stm32f1xx_hal_can.c:2279:13:HAL_CAN_SleepCallback	16	static
../Drivers/STM32F1xx_HAL_Driver/Src/stm32f1xx_hal_can.c:2295:13:HAL_CAN_WakeUpFromRxMsgCallback	16	static
../Drivers/STM32F1xx_HAL_Driver/Src/stm32f1xx_hal_can.c:2312:13:HAL_CAN_ErrorCallback	16	static
../Drivers/STM32F1xx_HAL_Driver/Src/stm32f1xx_hal_can.c:2349:22:HAL_CAN_GetState	24	static
../Drivers/STM32F1xx_HAL_Driver/Src/stm32f1xx_hal_can.c:2384:10:HAL_CAN_GetError	16	static
../Drivers/STM32F1xx_HAL_Driver/Src/stm32f1xx_hal_can.c:2396:19:HAL_CAN_ResetError	24	static
